[ 50%] Built target demo01_action_server
[ 75%] [32mBuilding CXX object CMakeFiles/demo02_action_client.dir/src/demo02_action_client.cpp.o[0m
[100%] [32m[1mLinking CXX executable demo02_action_client[0m
[100%] Built target demo02_action_client
-- Install configuration: ""
-- Installing: /home/loser/ws01_plumbing/install/cpp03_action/lib/cpp03_action/demo01_action_server
-- Set non-toolchain portion of runtime path of "/home/loser/ws01_plumbing/install/cpp03_action/lib/cpp03_action/demo01_action_server" to ""
-- Installing: /home/loser/ws01_plumbing/install/cpp03_action/lib/cpp03_action/demo02_action_client
-- Set non-toolchain portion of runtime path of "/home/loser/ws01_plumbing/install/cpp03_action/lib/cpp03_action/demo02_action_client" to ""
-- Installing: /home/loser/ws01_plumbing/install/cpp03_action/share/ament_index/resource_index/package_run_dependencies/cpp03_action
-- Installing: /home/loser/ws01_plumbing/install/cpp03_action/share/ament_index/resource_index/parent_prefix_path/cpp03_action
-- Installing: /home/loser/ws01_plumbing/install/cpp03_action/share/cpp03_action/environment/ament_prefix_path.sh
-- Installing: /home/loser/ws01_plumbing/install/cpp03_action/share/cpp03_action/environment/ament_prefix_path.dsv
-- Installing: /home/loser/ws01_plumbing/install/cpp03_action/share/cpp03_action/environment/path.sh
-- Installing: /home/loser/ws01_plumbing/install/cpp03_action/share/cpp03_action/environment/path.dsv
-- Installing: /home/loser/ws01_plumbing/install/cpp03_action/share/cpp03_action/local_setup.bash
-- Installing: /home/loser/ws01_plumbing/install/cpp03_action/share/cpp03_action/local_setup.sh
-- Installing: /home/loser/ws01_plumbing/install/cpp03_action/share/cpp03_action/local_setup.zsh
-- Installing: /home/loser/ws01_plumbing/install/cpp03_action/share/cpp03_action/local_setup.dsv
-- Installing: /home/loser/ws01_plumbing/install/cpp03_action/share/cpp03_action/package.dsv
-- Installing: /home/loser/ws01_plumbing/install/cpp03_action/share/ament_index/resource_index/packages/cpp03_action
-- Installing: /home/loser/ws01_plumbing/install/cpp03_action/share/cpp03_action/cmake/cpp03_actionConfig.cmake
-- Installing: /home/loser/ws01_plumbing/install/cpp03_action/share/cpp03_action/cmake/cpp03_actionConfig-version.cmake
-- Installing: /home/loser/ws01_plumbing/install/cpp03_action/share/cpp03_action/package.xml
