/home/loser/ws01_plumbing/install/py01_topic/lib/python3.12/site-packages/py01_topic/__init__.py
/home/loser/ws01_plumbing/install/py01_topic/lib/python3.12/site-packages/py01_topic/demo_str_py_publisher.py
/home/loser/ws01_plumbing/install/py01_topic/lib/python3.12/site-packages/py01_topic/demo_stu_py_publisher.py
/home/loser/ws01_plumbing/install/py01_topic/lib/python3.12/site-packages/py01_topic/demo_str_py_listener.py
/home/loser/ws01_plumbing/install/py01_topic/lib/python3.12/site-packages/py01_topic/demo_stu_py_listener.py
/home/loser/ws01_plumbing/install/py01_topic/lib/python3.12/site-packages/py01_topic/__pycache__/__init__.cpython-312.pyc
/home/loser/ws01_plumbing/install/py01_topic/lib/python3.12/site-packages/py01_topic/__pycache__/demo_str_py_publisher.cpython-312.pyc
/home/loser/ws01_plumbing/install/py01_topic/lib/python3.12/site-packages/py01_topic/__pycache__/demo_stu_py_publisher.cpython-312.pyc
/home/loser/ws01_plumbing/install/py01_topic/lib/python3.12/site-packages/py01_topic/__pycache__/demo_str_py_listener.cpython-312.pyc
/home/loser/ws01_plumbing/install/py01_topic/lib/python3.12/site-packages/py01_topic/__pycache__/demo_stu_py_listener.cpython-312.pyc
/home/loser/ws01_plumbing/install/py01_topic/share/ament_index/resource_index/packages/py01_topic
/home/loser/ws01_plumbing/install/py01_topic/share/py01_topic/package.xml
/home/loser/ws01_plumbing/install/py01_topic/lib/python3.12/site-packages/py01_topic-0.0.0-py3.12.egg-info/SOURCES.txt
/home/loser/ws01_plumbing/install/py01_topic/lib/python3.12/site-packages/py01_topic-0.0.0-py3.12.egg-info/top_level.txt
/home/loser/ws01_plumbing/install/py01_topic/lib/python3.12/site-packages/py01_topic-0.0.0-py3.12.egg-info/PKG-INFO
/home/loser/ws01_plumbing/install/py01_topic/lib/python3.12/site-packages/py01_topic-0.0.0-py3.12.egg-info/entry_points.txt
/home/loser/ws01_plumbing/install/py01_topic/lib/python3.12/site-packages/py01_topic-0.0.0-py3.12.egg-info/dependency_links.txt
/home/loser/ws01_plumbing/install/py01_topic/lib/python3.12/site-packages/py01_topic-0.0.0-py3.12.egg-info/requires.txt
/home/loser/ws01_plumbing/install/py01_topic/lib/python3.12/site-packages/py01_topic-0.0.0-py3.12.egg-info/zip-safe
/home/loser/ws01_plumbing/install/py01_topic/lib/py01_topic/demo_str_py_listener
/home/loser/ws01_plumbing/install/py01_topic/lib/py01_topic/demo_str_py_publisher
/home/loser/ws01_plumbing/install/py01_topic/lib/py01_topic/demo_stu_py_listener
/home/loser/ws01_plumbing/install/py01_topic/lib/py01_topic/demo_stu_py_publisher
