[0.014s] Invoking command in '/home/loser/ws01_plumbing/build/cpp03_action': CMAKE_PREFIX_PATH=/home/loser/ws01_plumbing/install/base_interfaces_demo:/home/loser/ws01_plumbing/install/cpp03_action:/home/loser/ws01_plumbing/install/cpp02_service:/home/loser/ws01_plumbing/install/cpp01_topic:/home/loser/ws01_plumbing/install/py03_action:/home/loser/ws01_plumbing/install/py02_service:/home/loser/ws01_plumbing/install/py01_topic:/opt/ros/humble LD_LIBRARY_PATH=/home/loser/ws01_plumbing/install/base_interfaces_demo/lib:/usr/lib/x86_64-linux-gnu/gazebo-11/plugins:/opt/ros/humble/opt/rviz_ogre_vendor/lib:/opt/ros/humble/lib/x86_64-linux-gnu:/opt/ros/humble/lib:/usr/lib/x86_64-linux-gnu/gazebo-11/plugins /usr/bin/cmake --build /home/loser/ws01_plumbing/build/cpp03_action -- -j4 -l4
[0.054s] -- Found ament_cmake: 1.3.14 (/opt/ros/humble/share/ament_cmake/cmake)
[0.150s] -- Found rclcpp: 16.0.19 (/opt/ros/humble/share/rclcpp/cmake)
[0.163s] -- Found rosidl_generator_c: 3.1.8 (/opt/ros/humble/share/rosidl_generator_c/cmake)
[0.164s] -- Found rosidl_adapter: 3.1.8 (/opt/ros/humble/share/rosidl_adapter/cmake)
[0.167s] -- Found rosidl_generator_cpp: 3.1.8 (/opt/ros/humble/share/rosidl_generator_cpp/cmake)
[0.172s] -- Using all available rosidl_typesupport_c: rosidl_typesupport_fastrtps_c;rosidl_typesupport_introspection_c
[0.179s] -- Using all available rosidl_typesupport_cpp: rosidl_typesupport_fastrtps_cpp;rosidl_typesupport_introspection_cpp
[0.197s] -- Found rmw_implementation_cmake: 6.1.2 (/opt/ros/humble/share/rmw_implementation_cmake/cmake)
[0.197s] -- Found rmw_fastrtps_cpp: 6.2.10 (/opt/ros/humble/share/rmw_fastrtps_cpp/cmake)
[0.263s] -- Using RMW implementation 'rmw_fastrtps_cpp' as default
[0.291s] -- Found base_interfaces_demo: 0.0.0 (/home/loser/ws01_plumbing/install/base_interfaces_demo/share/base_interfaces_demo/cmake)
[0.309s] -- Found rclcpp_action: 16.0.19 (/opt/ros/humble/share/rclcpp_action/cmake)
[0.321s] -- Found ament_lint_auto: 0.12.15 (/opt/ros/humble/share/ament_lint_auto/cmake)
[0.381s] -- Added test 'cppcheck' to perform static code analysis on C / C++ code
[0.381s] -- Configured cppcheck include dirs: $<BUILD_INTERFACE:/home/loser/ws01_plumbing/src/cpp03_action/include>
[0.381s] -- Configured cppcheck exclude dirs and/or files: 
[0.381s] -- Added test 'lint_cmake' to check CMake code style
[0.381s] -- Added test 'uncrustify' to check C / C++ code style
[0.381s] -- Configured uncrustify additional arguments: 
[0.382s] -- Added test 'xmllint' to check XML markup files
[0.383s] -- Configuring done
[0.399s] -- Generating done
[0.400s] -- Build files have been written to: /home/loser/ws01_plumbing/build/cpp03_action
[0.441s] [35m[1mConsolidate compiler generated dependencies of target demo01_action_server[0m
[0.447s] [ 25%] [32mBuilding CXX object CMakeFiles/demo02_action_client.dir/src/demo02_action_client.cpp.o[0m
[0.472s] [ 50%] [32mBuilding CXX object CMakeFiles/demo01_action_server.dir/src/demo01_action_server.cpp.o[0m
[2.198s] [ 75%] [32m[1mLinking CXX executable demo01_action_server[0m
[2.218s] [100%] [32m[1mLinking CXX executable demo02_action_client[0m
[2.287s] [100%] Built target demo01_action_server
[2.297s] [100%] Built target demo02_action_client
[2.305s] Invoked command in '/home/loser/ws01_plumbing/build/cpp03_action' returned '0': CMAKE_PREFIX_PATH=/home/loser/ws01_plumbing/install/base_interfaces_demo:/home/loser/ws01_plumbing/install/cpp03_action:/home/loser/ws01_plumbing/install/cpp02_service:/home/loser/ws01_plumbing/install/cpp01_topic:/home/loser/ws01_plumbing/install/py03_action:/home/loser/ws01_plumbing/install/py02_service:/home/loser/ws01_plumbing/install/py01_topic:/opt/ros/humble LD_LIBRARY_PATH=/home/loser/ws01_plumbing/install/base_interfaces_demo/lib:/usr/lib/x86_64-linux-gnu/gazebo-11/plugins:/opt/ros/humble/opt/rviz_ogre_vendor/lib:/opt/ros/humble/lib/x86_64-linux-gnu:/opt/ros/humble/lib:/usr/lib/x86_64-linux-gnu/gazebo-11/plugins /usr/bin/cmake --build /home/loser/ws01_plumbing/build/cpp03_action -- -j4 -l4
[2.314s] Invoking command in '/home/loser/ws01_plumbing/build/cpp03_action': CMAKE_PREFIX_PATH=/home/loser/ws01_plumbing/install/base_interfaces_demo:/home/loser/ws01_plumbing/install/cpp03_action:/home/loser/ws01_plumbing/install/cpp02_service:/home/loser/ws01_plumbing/install/cpp01_topic:/home/loser/ws01_plumbing/install/py03_action:/home/loser/ws01_plumbing/install/py02_service:/home/loser/ws01_plumbing/install/py01_topic:/opt/ros/humble LD_LIBRARY_PATH=/home/loser/ws01_plumbing/install/base_interfaces_demo/lib:/usr/lib/x86_64-linux-gnu/gazebo-11/plugins:/opt/ros/humble/opt/rviz_ogre_vendor/lib:/opt/ros/humble/lib/x86_64-linux-gnu:/opt/ros/humble/lib:/usr/lib/x86_64-linux-gnu/gazebo-11/plugins /usr/bin/cmake --install /home/loser/ws01_plumbing/build/cpp03_action
[2.319s] -- Install configuration: ""
[2.320s] -- Installing: /home/loser/ws01_plumbing/install/cpp03_action/lib/cpp03_action/demo01_action_server
[2.321s] -- Set runtime path of "/home/loser/ws01_plumbing/install/cpp03_action/lib/cpp03_action/demo01_action_server" to ""
[2.321s] -- Installing: /home/loser/ws01_plumbing/install/cpp03_action/lib/cpp03_action/demo02_action_client
[2.322s] -- Set runtime path of "/home/loser/ws01_plumbing/install/cpp03_action/lib/cpp03_action/demo02_action_client" to ""
[2.322s] -- Up-to-date: /home/loser/ws01_plumbing/install/cpp03_action/share/ament_index/resource_index/package_run_dependencies/cpp03_action
[2.322s] -- Installing: /home/loser/ws01_plumbing/install/cpp03_action/share/ament_index/resource_index/parent_prefix_path/cpp03_action
[2.323s] -- Up-to-date: /home/loser/ws01_plumbing/install/cpp03_action/share/cpp03_action/environment/ament_prefix_path.sh
[2.323s] -- Installing: /home/loser/ws01_plumbing/install/cpp03_action/share/cpp03_action/environment/ament_prefix_path.dsv
[2.324s] -- Up-to-date: /home/loser/ws01_plumbing/install/cpp03_action/share/cpp03_action/environment/path.sh
[2.324s] -- Installing: /home/loser/ws01_plumbing/install/cpp03_action/share/cpp03_action/environment/path.dsv
[2.324s] -- Up-to-date: /home/loser/ws01_plumbing/install/cpp03_action/share/cpp03_action/local_setup.bash
[2.325s] -- Up-to-date: /home/loser/ws01_plumbing/install/cpp03_action/share/cpp03_action/local_setup.sh
[2.325s] -- Up-to-date: /home/loser/ws01_plumbing/install/cpp03_action/share/cpp03_action/local_setup.zsh
[2.325s] -- Installing: /home/loser/ws01_plumbing/install/cpp03_action/share/cpp03_action/local_setup.dsv
[2.325s] -- Installing: /home/loser/ws01_plumbing/install/cpp03_action/share/cpp03_action/package.dsv
[2.325s] -- Up-to-date: /home/loser/ws01_plumbing/install/cpp03_action/share/ament_index/resource_index/packages/cpp03_action
[2.325s] -- Up-to-date: /home/loser/ws01_plumbing/install/cpp03_action/share/cpp03_action/cmake/cpp03_actionConfig.cmake
[2.325s] -- Up-to-date: /home/loser/ws01_plumbing/install/cpp03_action/share/cpp03_action/cmake/cpp03_actionConfig-version.cmake
[2.325s] -- Up-to-date: /home/loser/ws01_plumbing/install/cpp03_action/share/cpp03_action/package.xml
[2.328s] Invoked command in '/home/loser/ws01_plumbing/build/cpp03_action' returned '0': CMAKE_PREFIX_PATH=/home/loser/ws01_plumbing/install/base_interfaces_demo:/home/loser/ws01_plumbing/install/cpp03_action:/home/loser/ws01_plumbing/install/cpp02_service:/home/loser/ws01_plumbing/install/cpp01_topic:/home/loser/ws01_plumbing/install/py03_action:/home/loser/ws01_plumbing/install/py02_service:/home/loser/ws01_plumbing/install/py01_topic:/opt/ros/humble LD_LIBRARY_PATH=/home/loser/ws01_plumbing/install/base_interfaces_demo/lib:/usr/lib/x86_64-linux-gnu/gazebo-11/plugins:/opt/ros/humble/opt/rviz_ogre_vendor/lib:/opt/ros/humble/lib/x86_64-linux-gnu:/opt/ros/humble/lib:/usr/lib/x86_64-linux-gnu/gazebo-11/plugins /usr/bin/cmake --install /home/loser/ws01_plumbing/build/cpp03_action
