running egg_info
writing ../../build/py04_param/py04_param.egg-info/PKG-INFO
writing dependency_links to ../../build/py04_param/py04_param.egg-info/dependency_links.txt
writing entry points to ../../build/py04_param/py04_param.egg-info/entry_points.txt
writing requirements to ../../build/py04_param/py04_param.egg-info/requires.txt
writing top-level names to ../../build/py04_param/py04_param.egg-info/top_level.txt
reading manifest file '../../build/py04_param/py04_param.egg-info/SOURCES.txt'
writing manifest file '../../build/py04_param/py04_param.egg-info/SOURCES.txt'
running build
running build_py
copying py04_param/param_declare.py -> /home/loser/ws01_plumbing/build/py04_param/build/lib/py04_param
running install
running install_lib
copying /home/loser/ws01_plumbing/build/py04_param/build/lib/py04_param/param_declare.py -> /home/loser/ws01_plumbing/install/py04_param/lib/python3.12/site-packages/py04_param
byte-compiling /home/loser/ws01_plumbing/install/py04_param/lib/python3.12/site-packages/py04_param/param_declare.py to param_declare.cpython-312.pyc
running install_data
running install_egg_info
removing '/home/loser/ws01_plumbing/install/py04_param/lib/python3.12/site-packages/py04_param-0.0.0-py3.12.egg-info' (and everything under it)
Copying ../../build/py04_param/py04_param.egg-info to /home/loser/ws01_plumbing/install/py04_param/lib/python3.12/site-packages/py04_param-0.0.0-py3.12.egg-info
running install_scripts
Installing param_declare script to /home/loser/ws01_plumbing/install/py04_param/lib/py04_param
writing list of installed files to '/home/loser/ws01_plumbing/build/py04_param/install.log'
