running egg_info
writing ../../build/py01_topic/py01_topic.egg-info/PKG-INFO
writing dependency_links to ../../build/py01_topic/py01_topic.egg-info/dependency_links.txt
writing entry points to ../../build/py01_topic/py01_topic.egg-info/entry_points.txt
writing requirements to ../../build/py01_topic/py01_topic.egg-info/requires.txt
writing top-level names to ../../build/py01_topic/py01_topic.egg-info/top_level.txt
reading manifest file '../../build/py01_topic/py01_topic.egg-info/SOURCES.txt'
writing manifest file '../../build/py01_topic/py01_topic.egg-info/SOURCES.txt'
running build
running build_py
copying py01_topic/demo_stu_py_publisher.py -> /home/loser/ws01_plumbing/build/py01_topic/build/lib/py01_topic
copying py01_topic/demo_stu_py_listener.py -> /home/loser/ws01_plumbing/build/py01_topic/build/lib/py01_topic
running install
running install_lib
copying /home/loser/ws01_plumbing/build/py01_topic/build/lib/py01_topic/demo_stu_py_publisher.py -> /home/loser/ws01_plumbing/install/py01_topic/lib/python3.10/site-packages/py01_topic
copying /home/loser/ws01_plumbing/build/py01_topic/build/lib/py01_topic/demo_stu_py_listener.py -> /home/loser/ws01_plumbing/install/py01_topic/lib/python3.10/site-packages/py01_topic
byte-compiling /home/loser/ws01_plumbing/install/py01_topic/lib/python3.10/site-packages/py01_topic/demo_stu_py_publisher.py to demo_stu_py_publisher.cpython-310.pyc
byte-compiling /home/loser/ws01_plumbing/install/py01_topic/lib/python3.10/site-packages/py01_topic/demo_stu_py_listener.py to demo_stu_py_listener.cpython-310.pyc
running install_data
running install_egg_info
removing '/home/loser/ws01_plumbing/install/py01_topic/lib/python3.10/site-packages/py01_topic-0.0.0-py3.10.egg-info' (and everything under it)
Copying ../../build/py01_topic/py01_topic.egg-info to /home/loser/ws01_plumbing/install/py01_topic/lib/python3.10/site-packages/py01_topic-0.0.0-py3.10.egg-info
running install_scripts
Installing demo_str_py_listener script to /home/loser/ws01_plumbing/install/py01_topic/lib/py01_topic
Installing demo_str_py_publisher script to /home/loser/ws01_plumbing/install/py01_topic/lib/py01_topic
Installing demo_stu_py_listener script to /home/loser/ws01_plumbing/install/py01_topic/lib/py01_topic
Installing demo_stu_py_publisher script to /home/loser/ws01_plumbing/install/py01_topic/lib/py01_topic
writing list of installed files to '/home/loser/ws01_plumbing/build/py01_topic/install.log'
