[0.009s] Invoking command in '/home/loser/ws01_plumbing/build/cpp01_topic': CMAKE_PREFIX_PATH=/home/loser/ws01_plumbing/install/base_interfaces_demo:/home/loser/ws01_plumbing/install/cpp01_topic:/home/loser/ws01_plumbing/install/py01_topic:/opt/ros/humble LD_LIBRARY_PATH=/home/loser/ws01_plumbing/install/base_interfaces_demo/lib:${LD_LIBRARY_PATH} PYTHONPATH=/home/loser/ws01_plumbing/install/base_interfaces_demo/local/lib/python3.10/dist-packages:${PYTHONPATH} /usr/bin/cmake --build /home/loser/ws01_plumbing/build/cpp01_topic -- -j4 -l4
[0.058s] [35m[1mConsolidate compiler generated dependencies of target demo_stu_cpp_publisher[0m
[0.070s] [ 25%] Built target demo_str_cpp_listener
[0.070s] [ 50%] Built target demo_str_cpp_publisher
[0.071s] [ 62%] [32m[1mLinking CXX executable demo_stu_cpp_listener[0m
[0.080s] [ 75%] [32mBuilding CXX object CMakeFiles/demo_stu_cpp_publisher.dir/src/demo_stu_cpp_publisher.cpp.o[0m
[0.127s] /usr/bin/ld: /usr/lib/gcc/x86_64-linux-gnu/11/../../../x86_64-linux-gnu/Scrt1.o: in function `_start':
[0.127s] (.text+0x1b): undefined reference to `main'
[0.128s] collect2: error: ld returned 1 exit status
[0.133s] gmake[2]: *** [CMakeFiles/demo_stu_cpp_listener.dir/build.make:167：demo_stu_cpp_listener] 错误 1
[0.133s] gmake[1]: *** [CMakeFiles/Makefile2:221：CMakeFiles/demo_stu_cpp_listener.dir/all] 错误 2
[0.133s] gmake[1]: *** 正在等待未完成的任务....
[1.768s] [01m[K/home/loser/ws01_plumbing/src/cpp01_topic/src/demo_stu_cpp_publisher.cpp:[m[K In function ‘[01m[Kint main(int, char**)[m[K’:
[1.768s] [01m[K/home/loser/ws01_plumbing/src/cpp01_topic/src/demo_stu_cpp_publisher.cpp:21:17:[m[K [01;31m[Kerror: [m[Kno matching function for call to ‘[01m[Kspin(PublisherNode&)[m[K’
[1.768s]    21 |     [01;31m[Krclcpp::spin(node)[m[K;
[1.768s]       |     [01;31m[K~~~~~~~~~~~~^~~~~~[m[K
[1.768s] In file included from [01m[K/opt/ros/humble/include/rclcpp/rclcpp/rclcpp.hpp:155[m[K,
[1.768s]                  from [01m[K/home/loser/ws01_plumbing/src/cpp01_topic/src/demo_stu_cpp_publisher.cpp:1[m[K:
[1.768s] [01m[K/opt/ros/humble/include/rclcpp/rclcpp/executors.hpp:45:1:[m[K [01;36m[Knote: [m[Kcandidate: ‘[01m[Kvoid rclcpp::spin(rclcpp::node_interfaces::NodeBaseInterface::SharedPtr)[m[K’
[1.768s]    45 | [01;36m[Kspin[m[K(rclcpp::node_interfaces::NodeBaseInterface::SharedPtr node_ptr);
[1.768s]       | [01;36m[K^~~~[m[K
[1.769s] [01m[K/opt/ros/humble/include/rclcpp/rclcpp/executors.hpp:45:60:[m[K [01;36m[Knote: [m[K  no known conversion for argument 1 from ‘[01m[KPublisherNode[m[K’ to ‘[01m[Krclcpp::node_interfaces::NodeBaseInterface::SharedPtr[m[K’ {aka ‘[01m[Kstd::shared_ptr<rclcpp::node_interfaces::NodeBaseInterface>[m[K’}
[1.769s]    45 | spin([01;36m[Krclcpp::node_interfaces::NodeBaseInterface::SharedPtr node_ptr[m[K);
[1.769s]       |      [01;36m[K~~~~~~~~~~~~~~~~~~~~~~~~~~~~~~~~~~~~~~~~~~~~~~~~~~~~~~^~~~~~~~[m[K
[1.769s] [01m[K/opt/ros/humble/include/rclcpp/rclcpp/executors.hpp:49:1:[m[K [01;36m[Knote: [m[Kcandidate: ‘[01m[Kvoid rclcpp::spin(rclcpp::Node::SharedPtr)[m[K’
[1.769s]    49 | [01;36m[Kspin[m[K(rclcpp::Node::SharedPtr node_ptr);
[1.769s]       | [01;36m[K^~~~[m[K
[1.769s] [01m[K/opt/ros/humble/include/rclcpp/rclcpp/executors.hpp:49:30:[m[K [01;36m[Knote: [m[K  no known conversion for argument 1 from ‘[01m[KPublisherNode[m[K’ to ‘[01m[Krclcpp::Node::SharedPtr[m[K’ {aka ‘[01m[Kstd::shared_ptr<rclcpp::Node>[m[K’}
[1.769s]    49 | spin([01;36m[Krclcpp::Node::SharedPtr node_ptr[m[K);
[1.769s]       |      [01;36m[K~~~~~~~~~~~~~~~~~~~~~~~~^~~~~~~~[m[K
[2.369s] gmake[2]: *** [CMakeFiles/demo_stu_cpp_publisher.dir/build.make:76：CMakeFiles/demo_stu_cpp_publisher.dir/src/demo_stu_cpp_publisher.cpp.o] 错误 1
[2.370s] gmake[1]: *** [CMakeFiles/Makefile2:195：CMakeFiles/demo_stu_cpp_publisher.dir/all] 错误 2
[2.370s] gmake: *** [Makefile:146：all] 错误 2
[2.372s] Invoked command in '/home/loser/ws01_plumbing/build/cpp01_topic' returned '2': CMAKE_PREFIX_PATH=/home/loser/ws01_plumbing/install/base_interfaces_demo:/home/loser/ws01_plumbing/install/cpp01_topic:/home/loser/ws01_plumbing/install/py01_topic:/opt/ros/humble LD_LIBRARY_PATH=/home/loser/ws01_plumbing/install/base_interfaces_demo/lib:${LD_LIBRARY_PATH} PYTHONPATH=/home/loser/ws01_plumbing/install/base_interfaces_demo/local/lib/python3.10/dist-packages:${PYTHONPATH} /usr/bin/cmake --build /home/loser/ws01_plumbing/build/cpp01_topic -- -j4 -l4
