[0.065s] DEBUG:colcon:Command line arguments: ['/usr/bin/colcon', 'build']
[0.065s] DEBUG:colcon:Parsed command line arguments: Namespace(log_base=None, log_level=None, verb_name='build', build_base='build', install_base='install', merge_install=False, symlink_install=False, test_result_base=None, continue_on_error=False, executor='parallel', parallel_workers=4, event_handlers=None, ignore_user_meta=False, metas=['./colcon.meta'], base_paths=['.'], packages_ignore=None, packages_ignore_regex=None, paths=None, packages_up_to=None, packages_up_to_regex=None, packages_above=None, packages_above_and_dependencies=None, packages_above_depth=None, packages_select_by_dep=None, packages_skip_by_dep=None, packages_skip_up_to=None, packages_select_build_failed=False, packages_skip_build_finished=False, packages_select_test_failures=False, packages_skip_test_passed=False, packages_select=None, packages_skip=None, packages_select_regex=None, packages_skip_regex=None, packages_start=None, packages_end=None, allow_overriding=[], cmake_args=None, cmake_target=None, cmake_target_skip_unavailable=False, cmake_clean_cache=False, cmake_clean_first=False, cmake_force_configure=False, ament_cmake_args=None, catkin_cmake_args=None, catkin_skip_building_tests=False, mixin_files=None, mixin=None, verb_parser=<colcon_mixin.mixin.mixin_argument.MixinArgumentDecorator object at 0x7c1ffa340770>, verb_extension=<colcon_core.verb.build.BuildVerb object at 0x7c1ffa340470>, main=<bound method BuildVerb.main of <colcon_core.verb.build.BuildVerb object at 0x7c1ffa340470>>, mixin_verb=('build',))
[0.089s] Level 1:colcon.colcon_core.package_discovery:discover_packages(colcon_meta) check parameters
[0.089s] Level 1:colcon.colcon_core.package_discovery:discover_packages(recursive) check parameters
[0.089s] Level 1:colcon.colcon_core.package_discovery:discover_packages(ignore) check parameters
[0.089s] Level 1:colcon.colcon_core.package_discovery:discover_packages(path) check parameters
[0.089s] Level 1:colcon.colcon_core.package_discovery:discover_packages(colcon_meta) discover
[0.089s] Level 1:colcon.colcon_core.package_discovery:discover_packages(recursive) discover
[0.090s] INFO:colcon.colcon_core.package_discovery:Crawling recursively for packages in '/home/loser/ws01_plumbing'
[0.090s] Level 1:colcon.colcon_core.package_identification:_identify(.) by extensions ['ignore', 'ignore_ament_install']
[0.090s] Level 1:colcon.colcon_core.package_identification:_identify(.) by extension 'ignore'
[0.090s] Level 1:colcon.colcon_core.package_identification:_identify(.) by extension 'ignore_ament_install'
[0.090s] Level 1:colcon.colcon_core.package_identification:_identify(.) by extensions ['colcon_pkg']
[0.090s] Level 1:colcon.colcon_core.package_identification:_identify(.) by extension 'colcon_pkg'
[0.090s] Level 1:colcon.colcon_core.package_identification:_identify(.) by extensions ['colcon_meta']
[0.090s] Level 1:colcon.colcon_core.package_identification:_identify(.) by extension 'colcon_meta'
[0.090s] Level 1:colcon.colcon_core.package_identification:_identify(.) by extensions ['ros']
[0.090s] Level 1:colcon.colcon_core.package_identification:_identify(.) by extension 'ros'
[0.105s] Level 1:colcon.colcon_core.package_identification:_identify(.) by extensions ['cmake', 'python']
[0.105s] Level 1:colcon.colcon_core.package_identification:_identify(.) by extension 'cmake'
[0.105s] Level 1:colcon.colcon_core.package_identification:_identify(.) by extension 'python'
[0.105s] Level 1:colcon.colcon_core.package_identification:_identify(.) by extensions ['python_setup_py']
[0.105s] Level 1:colcon.colcon_core.package_identification:_identify(.) by extension 'python_setup_py'
[0.105s] Level 1:colcon.colcon_core.package_identification:_identify(build) by extensions ['ignore', 'ignore_ament_install']
[0.106s] Level 1:colcon.colcon_core.package_identification:_identify(build) by extension 'ignore'
[0.106s] Level 1:colcon.colcon_core.package_identification:_identify(build) ignored
[0.106s] Level 1:colcon.colcon_core.package_identification:_identify(install) by extensions ['ignore', 'ignore_ament_install']
[0.106s] Level 1:colcon.colcon_core.package_identification:_identify(install) by extension 'ignore'
[0.106s] Level 1:colcon.colcon_core.package_identification:_identify(install) ignored
[0.106s] Level 1:colcon.colcon_core.package_identification:_identify(log) by extensions ['ignore', 'ignore_ament_install']
[0.106s] Level 1:colcon.colcon_core.package_identification:_identify(log) by extension 'ignore'
[0.106s] Level 1:colcon.colcon_core.package_identification:_identify(log) ignored
[0.106s] Level 1:colcon.colcon_core.package_identification:_identify(src) by extensions ['ignore', 'ignore_ament_install']
[0.106s] Level 1:colcon.colcon_core.package_identification:_identify(src) by extension 'ignore'
[0.106s] Level 1:colcon.colcon_core.package_identification:_identify(src) by extension 'ignore_ament_install'
[0.106s] Level 1:colcon.colcon_core.package_identification:_identify(src) by extensions ['colcon_pkg']
[0.106s] Level 1:colcon.colcon_core.package_identification:_identify(src) by extension 'colcon_pkg'
[0.106s] Level 1:colcon.colcon_core.package_identification:_identify(src) by extensions ['colcon_meta']
[0.106s] Level 1:colcon.colcon_core.package_identification:_identify(src) by extension 'colcon_meta'
[0.106s] Level 1:colcon.colcon_core.package_identification:_identify(src) by extensions ['ros']
[0.106s] Level 1:colcon.colcon_core.package_identification:_identify(src) by extension 'ros'
[0.106s] Level 1:colcon.colcon_core.package_identification:_identify(src) by extensions ['cmake', 'python']
[0.106s] Level 1:colcon.colcon_core.package_identification:_identify(src) by extension 'cmake'
[0.106s] Level 1:colcon.colcon_core.package_identification:_identify(src) by extension 'python'
[0.106s] Level 1:colcon.colcon_core.package_identification:_identify(src) by extensions ['python_setup_py']
[0.106s] Level 1:colcon.colcon_core.package_identification:_identify(src) by extension 'python_setup_py'
[0.106s] Level 1:colcon.colcon_core.package_identification:_identify(src/base_interfaces_demo) by extensions ['ignore', 'ignore_ament_install']
[0.107s] Level 1:colcon.colcon_core.package_identification:_identify(src/base_interfaces_demo) by extension 'ignore'
[0.107s] Level 1:colcon.colcon_core.package_identification:_identify(src/base_interfaces_demo) by extension 'ignore_ament_install'
[0.107s] Level 1:colcon.colcon_core.package_identification:_identify(src/base_interfaces_demo) by extensions ['colcon_pkg']
[0.107s] Level 1:colcon.colcon_core.package_identification:_identify(src/base_interfaces_demo) by extension 'colcon_pkg'
[0.107s] Level 1:colcon.colcon_core.package_identification:_identify(src/base_interfaces_demo) by extensions ['colcon_meta']
[0.107s] Level 1:colcon.colcon_core.package_identification:_identify(src/base_interfaces_demo) by extension 'colcon_meta'
[0.107s] Level 1:colcon.colcon_core.package_identification:_identify(src/base_interfaces_demo) by extensions ['ros']
[0.107s] Level 1:colcon.colcon_core.package_identification:_identify(src/base_interfaces_demo) by extension 'ros'
[0.108s] DEBUG:colcon.colcon_core.package_identification:Package 'src/base_interfaces_demo' with type 'ros.ament_cmake' and name 'base_interfaces_demo'
[0.108s] Level 1:colcon.colcon_core.package_identification:_identify(src/cpp01_topic) by extensions ['ignore', 'ignore_ament_install']
[0.108s] Level 1:colcon.colcon_core.package_identification:_identify(src/cpp01_topic) by extension 'ignore'
[0.108s] Level 1:colcon.colcon_core.package_identification:_identify(src/cpp01_topic) by extension 'ignore_ament_install'
[0.108s] Level 1:colcon.colcon_core.package_identification:_identify(src/cpp01_topic) by extensions ['colcon_pkg']
[0.108s] Level 1:colcon.colcon_core.package_identification:_identify(src/cpp01_topic) by extension 'colcon_pkg'
[0.108s] Level 1:colcon.colcon_core.package_identification:_identify(src/cpp01_topic) by extensions ['colcon_meta']
[0.108s] Level 1:colcon.colcon_core.package_identification:_identify(src/cpp01_topic) by extension 'colcon_meta'
[0.108s] Level 1:colcon.colcon_core.package_identification:_identify(src/cpp01_topic) by extensions ['ros']
[0.108s] Level 1:colcon.colcon_core.package_identification:_identify(src/cpp01_topic) by extension 'ros'
[0.109s] DEBUG:colcon.colcon_core.package_identification:Package 'src/cpp01_topic' with type 'ros.ament_cmake' and name 'cpp01_topic'
[0.109s] Level 1:colcon.colcon_core.package_identification:_identify(src/cpp02_service) by extensions ['ignore', 'ignore_ament_install']
[0.109s] Level 1:colcon.colcon_core.package_identification:_identify(src/cpp02_service) by extension 'ignore'
[0.109s] Level 1:colcon.colcon_core.package_identification:_identify(src/cpp02_service) by extension 'ignore_ament_install'
[0.109s] Level 1:colcon.colcon_core.package_identification:_identify(src/cpp02_service) by extensions ['colcon_pkg']
[0.109s] Level 1:colcon.colcon_core.package_identification:_identify(src/cpp02_service) by extension 'colcon_pkg'
[0.109s] Level 1:colcon.colcon_core.package_identification:_identify(src/cpp02_service) by extensions ['colcon_meta']
[0.109s] Level 1:colcon.colcon_core.package_identification:_identify(src/cpp02_service) by extension 'colcon_meta'
[0.109s] Level 1:colcon.colcon_core.package_identification:_identify(src/cpp02_service) by extensions ['ros']
[0.109s] Level 1:colcon.colcon_core.package_identification:_identify(src/cpp02_service) by extension 'ros'
[0.109s] DEBUG:colcon.colcon_core.package_identification:Package 'src/cpp02_service' with type 'ros.ament_cmake' and name 'cpp02_service'
[0.109s] Level 1:colcon.colcon_core.package_identification:_identify(src/cpp03_action) by extensions ['ignore', 'ignore_ament_install']
[0.109s] Level 1:colcon.colcon_core.package_identification:_identify(src/cpp03_action) by extension 'ignore'
[0.109s] Level 1:colcon.colcon_core.package_identification:_identify(src/cpp03_action) by extension 'ignore_ament_install'
[0.109s] Level 1:colcon.colcon_core.package_identification:_identify(src/cpp03_action) by extensions ['colcon_pkg']
[0.109s] Level 1:colcon.colcon_core.package_identification:_identify(src/cpp03_action) by extension 'colcon_pkg'
[0.109s] Level 1:colcon.colcon_core.package_identification:_identify(src/cpp03_action) by extensions ['colcon_meta']
[0.109s] Level 1:colcon.colcon_core.package_identification:_identify(src/cpp03_action) by extension 'colcon_meta'
[0.109s] Level 1:colcon.colcon_core.package_identification:_identify(src/cpp03_action) by extensions ['ros']
[0.109s] Level 1:colcon.colcon_core.package_identification:_identify(src/cpp03_action) by extension 'ros'
[0.110s] DEBUG:colcon.colcon_core.package_identification:Package 'src/cpp03_action' with type 'ros.ament_cmake' and name 'cpp03_action'
[0.110s] Level 1:colcon.colcon_core.package_identification:_identify(src/py01_topic) by extensions ['ignore', 'ignore_ament_install']
[0.110s] Level 1:colcon.colcon_core.package_identification:_identify(src/py01_topic) by extension 'ignore'
[0.110s] Level 1:colcon.colcon_core.package_identification:_identify(src/py01_topic) by extension 'ignore_ament_install'
[0.110s] Level 1:colcon.colcon_core.package_identification:_identify(src/py01_topic) by extensions ['colcon_pkg']
[0.110s] Level 1:colcon.colcon_core.package_identification:_identify(src/py01_topic) by extension 'colcon_pkg'
[0.110s] Level 1:colcon.colcon_core.package_identification:_identify(src/py01_topic) by extensions ['colcon_meta']
[0.110s] Level 1:colcon.colcon_core.package_identification:_identify(src/py01_topic) by extension 'colcon_meta'
[0.110s] Level 1:colcon.colcon_core.package_identification:_identify(src/py01_topic) by extensions ['ros']
[0.110s] Level 1:colcon.colcon_core.package_identification:_identify(src/py01_topic) by extension 'ros'
[0.110s] DEBUG:colcon.colcon_core.package_identification:Package 'src/py01_topic' with type 'ros.ament_python' and name 'py01_topic'
[0.110s] Level 1:colcon.colcon_core.package_identification:_identify(src/py02_service) by extensions ['ignore', 'ignore_ament_install']
[0.110s] Level 1:colcon.colcon_core.package_identification:_identify(src/py02_service) by extension 'ignore'
[0.110s] Level 1:colcon.colcon_core.package_identification:_identify(src/py02_service) by extension 'ignore_ament_install'
[0.110s] Level 1:colcon.colcon_core.package_identification:_identify(src/py02_service) by extensions ['colcon_pkg']
[0.110s] Level 1:colcon.colcon_core.package_identification:_identify(src/py02_service) by extension 'colcon_pkg'
[0.110s] Level 1:colcon.colcon_core.package_identification:_identify(src/py02_service) by extensions ['colcon_meta']
[0.110s] Level 1:colcon.colcon_core.package_identification:_identify(src/py02_service) by extension 'colcon_meta'
[0.110s] Level 1:colcon.colcon_core.package_identification:_identify(src/py02_service) by extensions ['ros']
[0.110s] Level 1:colcon.colcon_core.package_identification:_identify(src/py02_service) by extension 'ros'
[0.110s] DEBUG:colcon.colcon_core.package_identification:Package 'src/py02_service' with type 'ros.ament_python' and name 'py02_service'
[0.111s] Level 1:colcon.colcon_core.package_identification:_identify(src/py03_action) by extensions ['ignore', 'ignore_ament_install']
[0.111s] Level 1:colcon.colcon_core.package_identification:_identify(src/py03_action) by extension 'ignore'
[0.111s] Level 1:colcon.colcon_core.package_identification:_identify(src/py03_action) by extension 'ignore_ament_install'
[0.111s] Level 1:colcon.colcon_core.package_identification:_identify(src/py03_action) by extensions ['colcon_pkg']
[0.111s] Level 1:colcon.colcon_core.package_identification:_identify(src/py03_action) by extension 'colcon_pkg'
[0.111s] Level 1:colcon.colcon_core.package_identification:_identify(src/py03_action) by extensions ['colcon_meta']
[0.111s] Level 1:colcon.colcon_core.package_identification:_identify(src/py03_action) by extension 'colcon_meta'
[0.111s] Level 1:colcon.colcon_core.package_identification:_identify(src/py03_action) by extensions ['ros']
[0.111s] Level 1:colcon.colcon_core.package_identification:_identify(src/py03_action) by extension 'ros'
[0.111s] DEBUG:colcon.colcon_core.package_identification:Package 'src/py03_action' with type 'ros.ament_python' and name 'py03_action'
[0.111s] Level 1:colcon.colcon_core.package_discovery:discover_packages(recursive) using defaults
[0.111s] Level 1:colcon.colcon_core.package_discovery:discover_packages(ignore) discover
[0.111s] Level 1:colcon.colcon_core.package_discovery:discover_packages(ignore) using defaults
[0.111s] Level 1:colcon.colcon_core.package_discovery:discover_packages(path) discover
[0.111s] Level 1:colcon.colcon_core.package_discovery:discover_packages(path) using defaults
[0.122s] Level 1:colcon.colcon_core.package_discovery:discover_packages(prefix_path) check parameters
[0.122s] Level 1:colcon.colcon_core.package_discovery:discover_packages(prefix_path) discover
[0.123s] DEBUG:colcon.colcon_installed_package_information.package_discovery:Found 401 installed packages in /opt/ros/jazzy
[0.124s] Level 1:colcon.colcon_core.package_discovery:discover_packages(prefix_path) using defaults
[0.153s] Level 5:colcon.colcon_core.verb:set package 'base_interfaces_demo' build argument 'cmake_args' from command line to 'None'
[0.153s] Level 5:colcon.colcon_core.verb:set package 'base_interfaces_demo' build argument 'cmake_target' from command line to 'None'
[0.153s] Level 5:colcon.colcon_core.verb:set package 'base_interfaces_demo' build argument 'cmake_target_skip_unavailable' from command line to 'False'
[0.153s] Level 5:colcon.colcon_core.verb:set package 'base_interfaces_demo' build argument 'cmake_clean_cache' from command line to 'False'
[0.153s] Level 5:colcon.colcon_core.verb:set package 'base_interfaces_demo' build argument 'cmake_clean_first' from command line to 'False'
[0.153s] Level 5:colcon.colcon_core.verb:set package 'base_interfaces_demo' build argument 'cmake_force_configure' from command line to 'False'
[0.153s] Level 5:colcon.colcon_core.verb:set package 'base_interfaces_demo' build argument 'ament_cmake_args' from command line to 'None'
[0.153s] Level 5:colcon.colcon_core.verb:set package 'base_interfaces_demo' build argument 'catkin_cmake_args' from command line to 'None'
[0.153s] Level 5:colcon.colcon_core.verb:set package 'base_interfaces_demo' build argument 'catkin_skip_building_tests' from command line to 'False'
[0.153s] DEBUG:colcon.colcon_core.verb:Building package 'base_interfaces_demo' with the following arguments: {'ament_cmake_args': None, 'build_base': '/home/loser/ws01_plumbing/build/base_interfaces_demo', 'catkin_cmake_args': None, 'catkin_skip_building_tests': False, 'cmake_args': None, 'cmake_clean_cache': False, 'cmake_clean_first': False, 'cmake_force_configure': False, 'cmake_target': None, 'cmake_target_skip_unavailable': False, 'install_base': '/home/loser/ws01_plumbing/install/base_interfaces_demo', 'merge_install': False, 'path': '/home/loser/ws01_plumbing/src/base_interfaces_demo', 'symlink_install': False, 'test_result_base': None}
[0.153s] Level 5:colcon.colcon_core.verb:set package 'cpp01_topic' build argument 'cmake_args' from command line to 'None'
[0.153s] Level 5:colcon.colcon_core.verb:set package 'cpp01_topic' build argument 'cmake_target' from command line to 'None'
[0.153s] Level 5:colcon.colcon_core.verb:set package 'cpp01_topic' build argument 'cmake_target_skip_unavailable' from command line to 'False'
[0.153s] Level 5:colcon.colcon_core.verb:set package 'cpp01_topic' build argument 'cmake_clean_cache' from command line to 'False'
[0.153s] Level 5:colcon.colcon_core.verb:set package 'cpp01_topic' build argument 'cmake_clean_first' from command line to 'False'
[0.153s] Level 5:colcon.colcon_core.verb:set package 'cpp01_topic' build argument 'cmake_force_configure' from command line to 'False'
[0.153s] Level 5:colcon.colcon_core.verb:set package 'cpp01_topic' build argument 'ament_cmake_args' from command line to 'None'
[0.153s] Level 5:colcon.colcon_core.verb:set package 'cpp01_topic' build argument 'catkin_cmake_args' from command line to 'None'
[0.153s] Level 5:colcon.colcon_core.verb:set package 'cpp01_topic' build argument 'catkin_skip_building_tests' from command line to 'False'
[0.153s] DEBUG:colcon.colcon_core.verb:Building package 'cpp01_topic' with the following arguments: {'ament_cmake_args': None, 'build_base': '/home/loser/ws01_plumbing/build/cpp01_topic', 'catkin_cmake_args': None, 'catkin_skip_building_tests': False, 'cmake_args': None, 'cmake_clean_cache': False, 'cmake_clean_first': False, 'cmake_force_configure': False, 'cmake_target': None, 'cmake_target_skip_unavailable': False, 'install_base': '/home/loser/ws01_plumbing/install/cpp01_topic', 'merge_install': False, 'path': '/home/loser/ws01_plumbing/src/cpp01_topic', 'symlink_install': False, 'test_result_base': None}
[0.154s] Level 5:colcon.colcon_core.verb:set package 'cpp02_service' build argument 'cmake_args' from command line to 'None'
[0.154s] Level 5:colcon.colcon_core.verb:set package 'cpp02_service' build argument 'cmake_target' from command line to 'None'
[0.154s] Level 5:colcon.colcon_core.verb:set package 'cpp02_service' build argument 'cmake_target_skip_unavailable' from command line to 'False'
[0.154s] Level 5:colcon.colcon_core.verb:set package 'cpp02_service' build argument 'cmake_clean_cache' from command line to 'False'
[0.154s] Level 5:colcon.colcon_core.verb:set package 'cpp02_service' build argument 'cmake_clean_first' from command line to 'False'
[0.154s] Level 5:colcon.colcon_core.verb:set package 'cpp02_service' build argument 'cmake_force_configure' from command line to 'False'
[0.154s] Level 5:colcon.colcon_core.verb:set package 'cpp02_service' build argument 'ament_cmake_args' from command line to 'None'
[0.154s] Level 5:colcon.colcon_core.verb:set package 'cpp02_service' build argument 'catkin_cmake_args' from command line to 'None'
[0.154s] Level 5:colcon.colcon_core.verb:set package 'cpp02_service' build argument 'catkin_skip_building_tests' from command line to 'False'
[0.154s] DEBUG:colcon.colcon_core.verb:Building package 'cpp02_service' with the following arguments: {'ament_cmake_args': None, 'build_base': '/home/loser/ws01_plumbing/build/cpp02_service', 'catkin_cmake_args': None, 'catkin_skip_building_tests': False, 'cmake_args': None, 'cmake_clean_cache': False, 'cmake_clean_first': False, 'cmake_force_configure': False, 'cmake_target': None, 'cmake_target_skip_unavailable': False, 'install_base': '/home/loser/ws01_plumbing/install/cpp02_service', 'merge_install': False, 'path': '/home/loser/ws01_plumbing/src/cpp02_service', 'symlink_install': False, 'test_result_base': None}
[0.154s] Level 5:colcon.colcon_core.verb:set package 'cpp03_action' build argument 'cmake_args' from command line to 'None'
[0.154s] Level 5:colcon.colcon_core.verb:set package 'cpp03_action' build argument 'cmake_target' from command line to 'None'
[0.154s] Level 5:colcon.colcon_core.verb:set package 'cpp03_action' build argument 'cmake_target_skip_unavailable' from command line to 'False'
[0.154s] Level 5:colcon.colcon_core.verb:set package 'cpp03_action' build argument 'cmake_clean_cache' from command line to 'False'
[0.154s] Level 5:colcon.colcon_core.verb:set package 'cpp03_action' build argument 'cmake_clean_first' from command line to 'False'
[0.154s] Level 5:colcon.colcon_core.verb:set package 'cpp03_action' build argument 'cmake_force_configure' from command line to 'False'
[0.154s] Level 5:colcon.colcon_core.verb:set package 'cpp03_action' build argument 'ament_cmake_args' from command line to 'None'
[0.154s] Level 5:colcon.colcon_core.verb:set package 'cpp03_action' build argument 'catkin_cmake_args' from command line to 'None'
[0.154s] Level 5:colcon.colcon_core.verb:set package 'cpp03_action' build argument 'catkin_skip_building_tests' from command line to 'False'
[0.154s] DEBUG:colcon.colcon_core.verb:Building package 'cpp03_action' with the following arguments: {'ament_cmake_args': None, 'build_base': '/home/loser/ws01_plumbing/build/cpp03_action', 'catkin_cmake_args': None, 'catkin_skip_building_tests': False, 'cmake_args': None, 'cmake_clean_cache': False, 'cmake_clean_first': False, 'cmake_force_configure': False, 'cmake_target': None, 'cmake_target_skip_unavailable': False, 'install_base': '/home/loser/ws01_plumbing/install/cpp03_action', 'merge_install': False, 'path': '/home/loser/ws01_plumbing/src/cpp03_action', 'symlink_install': False, 'test_result_base': None}
[0.154s] Level 5:colcon.colcon_core.verb:set package 'py01_topic' build argument 'cmake_args' from command line to 'None'
[0.154s] Level 5:colcon.colcon_core.verb:set package 'py01_topic' build argument 'cmake_target' from command line to 'None'
[0.154s] Level 5:colcon.colcon_core.verb:set package 'py01_topic' build argument 'cmake_target_skip_unavailable' from command line to 'False'
[0.154s] Level 5:colcon.colcon_core.verb:set package 'py01_topic' build argument 'cmake_clean_cache' from command line to 'False'
[0.154s] Level 5:colcon.colcon_core.verb:set package 'py01_topic' build argument 'cmake_clean_first' from command line to 'False'
[0.154s] Level 5:colcon.colcon_core.verb:set package 'py01_topic' build argument 'cmake_force_configure' from command line to 'False'
[0.154s] Level 5:colcon.colcon_core.verb:set package 'py01_topic' build argument 'ament_cmake_args' from command line to 'None'
[0.154s] Level 5:colcon.colcon_core.verb:set package 'py01_topic' build argument 'catkin_cmake_args' from command line to 'None'
[0.154s] Level 5:colcon.colcon_core.verb:set package 'py01_topic' build argument 'catkin_skip_building_tests' from command line to 'False'
[0.154s] DEBUG:colcon.colcon_core.verb:Building package 'py01_topic' with the following arguments: {'ament_cmake_args': None, 'build_base': '/home/loser/ws01_plumbing/build/py01_topic', 'catkin_cmake_args': None, 'catkin_skip_building_tests': False, 'cmake_args': None, 'cmake_clean_cache': False, 'cmake_clean_first': False, 'cmake_force_configure': False, 'cmake_target': None, 'cmake_target_skip_unavailable': False, 'install_base': '/home/loser/ws01_plumbing/install/py01_topic', 'merge_install': False, 'path': '/home/loser/ws01_plumbing/src/py01_topic', 'symlink_install': False, 'test_result_base': None}
[0.154s] Level 5:colcon.colcon_core.verb:set package 'py02_service' build argument 'cmake_args' from command line to 'None'
[0.154s] Level 5:colcon.colcon_core.verb:set package 'py02_service' build argument 'cmake_target' from command line to 'None'
[0.154s] Level 5:colcon.colcon_core.verb:set package 'py02_service' build argument 'cmake_target_skip_unavailable' from command line to 'False'
[0.154s] Level 5:colcon.colcon_core.verb:set package 'py02_service' build argument 'cmake_clean_cache' from command line to 'False'
[0.154s] Level 5:colcon.colcon_core.verb:set package 'py02_service' build argument 'cmake_clean_first' from command line to 'False'
[0.154s] Level 5:colcon.colcon_core.verb:set package 'py02_service' build argument 'cmake_force_configure' from command line to 'False'
[0.154s] Level 5:colcon.colcon_core.verb:set package 'py02_service' build argument 'ament_cmake_args' from command line to 'None'
[0.154s] Level 5:colcon.colcon_core.verb:set package 'py02_service' build argument 'catkin_cmake_args' from command line to 'None'
[0.154s] Level 5:colcon.colcon_core.verb:set package 'py02_service' build argument 'catkin_skip_building_tests' from command line to 'False'
[0.154s] DEBUG:colcon.colcon_core.verb:Building package 'py02_service' with the following arguments: {'ament_cmake_args': None, 'build_base': '/home/loser/ws01_plumbing/build/py02_service', 'catkin_cmake_args': None, 'catkin_skip_building_tests': False, 'cmake_args': None, 'cmake_clean_cache': False, 'cmake_clean_first': False, 'cmake_force_configure': False, 'cmake_target': None, 'cmake_target_skip_unavailable': False, 'install_base': '/home/loser/ws01_plumbing/install/py02_service', 'merge_install': False, 'path': '/home/loser/ws01_plumbing/src/py02_service', 'symlink_install': False, 'test_result_base': None}
[0.154s] Level 5:colcon.colcon_core.verb:set package 'py03_action' build argument 'cmake_args' from command line to 'None'
[0.154s] Level 5:colcon.colcon_core.verb:set package 'py03_action' build argument 'cmake_target' from command line to 'None'
[0.154s] Level 5:colcon.colcon_core.verb:set package 'py03_action' build argument 'cmake_target_skip_unavailable' from command line to 'False'
[0.154s] Level 5:colcon.colcon_core.verb:set package 'py03_action' build argument 'cmake_clean_cache' from command line to 'False'
[0.154s] Level 5:colcon.colcon_core.verb:set package 'py03_action' build argument 'cmake_clean_first' from command line to 'False'
[0.154s] Level 5:colcon.colcon_core.verb:set package 'py03_action' build argument 'cmake_force_configure' from command line to 'False'
[0.154s] Level 5:colcon.colcon_core.verb:set package 'py03_action' build argument 'ament_cmake_args' from command line to 'None'
[0.154s] Level 5:colcon.colcon_core.verb:set package 'py03_action' build argument 'catkin_cmake_args' from command line to 'None'
[0.154s] Level 5:colcon.colcon_core.verb:set package 'py03_action' build argument 'catkin_skip_building_tests' from command line to 'False'
[0.154s] DEBUG:colcon.colcon_core.verb:Building package 'py03_action' with the following arguments: {'ament_cmake_args': None, 'build_base': '/home/loser/ws01_plumbing/build/py03_action', 'catkin_cmake_args': None, 'catkin_skip_building_tests': False, 'cmake_args': None, 'cmake_clean_cache': False, 'cmake_clean_first': False, 'cmake_force_configure': False, 'cmake_target': None, 'cmake_target_skip_unavailable': False, 'install_base': '/home/loser/ws01_plumbing/install/py03_action', 'merge_install': False, 'path': '/home/loser/ws01_plumbing/src/py03_action', 'symlink_install': False, 'test_result_base': None}
[0.154s] INFO:colcon.colcon_core.executor:Executing jobs using 'parallel' executor
[0.155s] DEBUG:colcon.colcon_parallel_executor.executor.parallel:run_until_complete
[0.155s] INFO:colcon.colcon_ros.task.ament_cmake.build:Building ROS package in '/home/loser/ws01_plumbing/src/base_interfaces_demo' with build type 'ament_cmake'
[0.155s] INFO:colcon.colcon_cmake.task.cmake.build:Building CMake package in '/home/loser/ws01_plumbing/src/base_interfaces_demo'
[0.157s] INFO:colcon.colcon_core.plugin_system:Skipping extension 'colcon_core.shell.bat': Not used on non-Windows systems
[0.157s] INFO:colcon.colcon_core.shell:Skip shell extension 'powershell' for command environment: Not usable outside of PowerShell
[0.157s] DEBUG:colcon.colcon_core.shell:Skip shell extension 'dsv' for command environment
[0.162s] DEBUG:colcon.colcon_core.event_handler.log_command:Invoking command in '/home/loser/ws01_plumbing/build/base_interfaces_demo': CMAKE_PREFIX_PATH=${CMAKE_PREFIX_PATH}:/opt/ros/jazzy DEBUGINFOD_URLS=https://debuginfod.ubuntu.com /usr/bin/cmake /home/loser/ws01_plumbing/src/base_interfaces_demo -DCMAKE_INSTALL_PREFIX=/home/loser/ws01_plumbing/install/base_interfaces_demo
[2.491s] DEBUG:colcon.colcon_core.event_handler.log_command:Invoked command in '/home/loser/ws01_plumbing/build/base_interfaces_demo' returned '0': CMAKE_PREFIX_PATH=${CMAKE_PREFIX_PATH}:/opt/ros/jazzy DEBUGINFOD_URLS=https://debuginfod.ubuntu.com /usr/bin/cmake /home/loser/ws01_plumbing/src/base_interfaces_demo -DCMAKE_INSTALL_PREFIX=/home/loser/ws01_plumbing/install/base_interfaces_demo
[2.492s] DEBUG:colcon.colcon_core.event_handler.log_command:Invoking command in '/home/loser/ws01_plumbing/build/base_interfaces_demo': CMAKE_PREFIX_PATH=${CMAKE_PREFIX_PATH}:/opt/ros/jazzy DEBUGINFOD_URLS=https://debuginfod.ubuntu.com /usr/bin/cmake --build /home/loser/ws01_plumbing/build/base_interfaces_demo -- -j4 -l4
[6.484s] DEBUG:colcon.colcon_core.event_handler.log_command:Invoked command in '/home/loser/ws01_plumbing/build/base_interfaces_demo' returned '0': CMAKE_PREFIX_PATH=${CMAKE_PREFIX_PATH}:/opt/ros/jazzy DEBUGINFOD_URLS=https://debuginfod.ubuntu.com /usr/bin/cmake --build /home/loser/ws01_plumbing/build/base_interfaces_demo -- -j4 -l4
[6.494s] DEBUG:colcon.colcon_core.event_handler.log_command:Invoking command in '/home/loser/ws01_plumbing/build/base_interfaces_demo': CMAKE_PREFIX_PATH=${CMAKE_PREFIX_PATH}:/opt/ros/jazzy DEBUGINFOD_URLS=https://debuginfod.ubuntu.com /usr/bin/cmake --install /home/loser/ws01_plumbing/build/base_interfaces_demo
[6.566s] Level 1:colcon.colcon_core.environment:create_environment_scripts_only(base_interfaces_demo)
[6.566s] DEBUG:colcon.colcon_core.event_handler.log_command:Invoked command in '/home/loser/ws01_plumbing/build/base_interfaces_demo' returned '0': CMAKE_PREFIX_PATH=${CMAKE_PREFIX_PATH}:/opt/ros/jazzy DEBUGINFOD_URLS=https://debuginfod.ubuntu.com /usr/bin/cmake --install /home/loser/ws01_plumbing/build/base_interfaces_demo
[6.568s] Level 1:colcon.colcon_core.environment:checking '/home/loser/ws01_plumbing/install/base_interfaces_demo' for CMake module files
[6.569s] Level 1:colcon.colcon_core.environment:checking '/home/loser/ws01_plumbing/install/base_interfaces_demo' for CMake config files
[6.569s] Level 1:colcon.colcon_core.shell:create_environment_hook('base_interfaces_demo', 'cmake_prefix_path')
[6.569s] INFO:colcon.colcon_core.shell:Creating environment hook '/home/loser/ws01_plumbing/install/base_interfaces_demo/share/base_interfaces_demo/hook/cmake_prefix_path.ps1'
[6.570s] INFO:colcon.colcon_core.shell:Creating environment descriptor '/home/loser/ws01_plumbing/install/base_interfaces_demo/share/base_interfaces_demo/hook/cmake_prefix_path.dsv'
[6.572s] INFO:colcon.colcon_core.shell:Creating environment hook '/home/loser/ws01_plumbing/install/base_interfaces_demo/share/base_interfaces_demo/hook/cmake_prefix_path.sh'
[6.572s] Level 1:colcon.colcon_core.environment:checking '/home/loser/ws01_plumbing/install/base_interfaces_demo/lib'
[6.573s] Level 1:colcon.colcon_core.shell:create_environment_hook('base_interfaces_demo', 'ld_library_path_lib')
[6.573s] INFO:colcon.colcon_core.shell:Creating environment hook '/home/loser/ws01_plumbing/install/base_interfaces_demo/share/base_interfaces_demo/hook/ld_library_path_lib.ps1'
[6.573s] INFO:colcon.colcon_core.shell:Creating environment descriptor '/home/loser/ws01_plumbing/install/base_interfaces_demo/share/base_interfaces_demo/hook/ld_library_path_lib.dsv'
[6.573s] INFO:colcon.colcon_core.shell:Creating environment hook '/home/loser/ws01_plumbing/install/base_interfaces_demo/share/base_interfaces_demo/hook/ld_library_path_lib.sh'
[6.573s] Level 1:colcon.colcon_core.environment:checking '/home/loser/ws01_plumbing/install/base_interfaces_demo/bin'
[6.573s] Level 1:colcon.colcon_core.environment:checking '/home/loser/ws01_plumbing/install/base_interfaces_demo/lib/pkgconfig/base_interfaces_demo.pc'
[6.573s] Level 1:colcon.colcon_core.environment:checking '/home/loser/ws01_plumbing/install/base_interfaces_demo/lib/python3.12/site-packages'
[6.573s] Level 1:colcon.colcon_core.shell:create_environment_hook('base_interfaces_demo', 'pythonpath')
[6.573s] INFO:colcon.colcon_core.shell:Creating environment hook '/home/loser/ws01_plumbing/install/base_interfaces_demo/share/base_interfaces_demo/hook/pythonpath.ps1'
[6.573s] INFO:colcon.colcon_core.shell:Creating environment descriptor '/home/loser/ws01_plumbing/install/base_interfaces_demo/share/base_interfaces_demo/hook/pythonpath.dsv'
[6.574s] INFO:colcon.colcon_core.shell:Creating environment hook '/home/loser/ws01_plumbing/install/base_interfaces_demo/share/base_interfaces_demo/hook/pythonpath.sh'
[6.574s] Level 1:colcon.colcon_core.environment:checking '/home/loser/ws01_plumbing/install/base_interfaces_demo/bin'
[6.574s] INFO:colcon.colcon_core.shell:Creating package script '/home/loser/ws01_plumbing/install/base_interfaces_demo/share/base_interfaces_demo/package.ps1'
[6.574s] INFO:colcon.colcon_core.shell:Creating package descriptor '/home/loser/ws01_plumbing/install/base_interfaces_demo/share/base_interfaces_demo/package.dsv'
[6.575s] INFO:colcon.colcon_core.shell:Creating package script '/home/loser/ws01_plumbing/install/base_interfaces_demo/share/base_interfaces_demo/package.sh'
[6.575s] INFO:colcon.colcon_core.shell:Creating package script '/home/loser/ws01_plumbing/install/base_interfaces_demo/share/base_interfaces_demo/package.bash'
[6.575s] INFO:colcon.colcon_core.shell:Creating package script '/home/loser/ws01_plumbing/install/base_interfaces_demo/share/base_interfaces_demo/package.zsh'
[6.576s] Level 1:colcon.colcon_core.environment:create_file_with_runtime_dependencies(/home/loser/ws01_plumbing/install/base_interfaces_demo/share/colcon-core/packages/base_interfaces_demo)
[6.576s] Level 1:colcon.colcon_core.environment:create_environment_scripts_only(base_interfaces_demo)
[6.576s] Level 1:colcon.colcon_core.environment:checking '/home/loser/ws01_plumbing/install/base_interfaces_demo' for CMake module files
[6.576s] Level 1:colcon.colcon_core.environment:checking '/home/loser/ws01_plumbing/install/base_interfaces_demo' for CMake config files
[6.577s] Level 1:colcon.colcon_core.shell:create_environment_hook('base_interfaces_demo', 'cmake_prefix_path')
[6.577s] INFO:colcon.colcon_core.shell:Creating environment hook '/home/loser/ws01_plumbing/install/base_interfaces_demo/share/base_interfaces_demo/hook/cmake_prefix_path.ps1'
[6.577s] INFO:colcon.colcon_core.shell:Creating environment descriptor '/home/loser/ws01_plumbing/install/base_interfaces_demo/share/base_interfaces_demo/hook/cmake_prefix_path.dsv'
[6.577s] INFO:colcon.colcon_core.shell:Creating environment hook '/home/loser/ws01_plumbing/install/base_interfaces_demo/share/base_interfaces_demo/hook/cmake_prefix_path.sh'
[6.578s] Level 1:colcon.colcon_core.environment:checking '/home/loser/ws01_plumbing/install/base_interfaces_demo/lib'
[6.578s] Level 1:colcon.colcon_core.shell:create_environment_hook('base_interfaces_demo', 'ld_library_path_lib')
[6.578s] INFO:colcon.colcon_core.shell:Creating environment hook '/home/loser/ws01_plumbing/install/base_interfaces_demo/share/base_interfaces_demo/hook/ld_library_path_lib.ps1'
[6.578s] INFO:colcon.colcon_core.shell:Creating environment descriptor '/home/loser/ws01_plumbing/install/base_interfaces_demo/share/base_interfaces_demo/hook/ld_library_path_lib.dsv'
[6.578s] INFO:colcon.colcon_core.shell:Creating environment hook '/home/loser/ws01_plumbing/install/base_interfaces_demo/share/base_interfaces_demo/hook/ld_library_path_lib.sh'
[6.579s] Level 1:colcon.colcon_core.environment:checking '/home/loser/ws01_plumbing/install/base_interfaces_demo/bin'
[6.579s] Level 1:colcon.colcon_core.environment:checking '/home/loser/ws01_plumbing/install/base_interfaces_demo/lib/pkgconfig/base_interfaces_demo.pc'
[6.579s] Level 1:colcon.colcon_core.environment:checking '/home/loser/ws01_plumbing/install/base_interfaces_demo/lib/python3.12/site-packages'
[6.579s] Level 1:colcon.colcon_core.shell:create_environment_hook('base_interfaces_demo', 'pythonpath')
[6.579s] INFO:colcon.colcon_core.shell:Creating environment hook '/home/loser/ws01_plumbing/install/base_interfaces_demo/share/base_interfaces_demo/hook/pythonpath.ps1'
[6.579s] INFO:colcon.colcon_core.shell:Creating environment descriptor '/home/loser/ws01_plumbing/install/base_interfaces_demo/share/base_interfaces_demo/hook/pythonpath.dsv'
[6.580s] INFO:colcon.colcon_core.shell:Creating environment hook '/home/loser/ws01_plumbing/install/base_interfaces_demo/share/base_interfaces_demo/hook/pythonpath.sh'
[6.580s] Level 1:colcon.colcon_core.environment:checking '/home/loser/ws01_plumbing/install/base_interfaces_demo/bin'
[6.580s] INFO:colcon.colcon_core.shell:Creating package script '/home/loser/ws01_plumbing/install/base_interfaces_demo/share/base_interfaces_demo/package.ps1'
[6.581s] INFO:colcon.colcon_core.shell:Creating package descriptor '/home/loser/ws01_plumbing/install/base_interfaces_demo/share/base_interfaces_demo/package.dsv'
[6.581s] INFO:colcon.colcon_core.shell:Creating package script '/home/loser/ws01_plumbing/install/base_interfaces_demo/share/base_interfaces_demo/package.sh'
[6.581s] INFO:colcon.colcon_core.shell:Creating package script '/home/loser/ws01_plumbing/install/base_interfaces_demo/share/base_interfaces_demo/package.bash'
[6.582s] INFO:colcon.colcon_core.shell:Creating package script '/home/loser/ws01_plumbing/install/base_interfaces_demo/share/base_interfaces_demo/package.zsh'
[6.582s] Level 1:colcon.colcon_core.environment:create_file_with_runtime_dependencies(/home/loser/ws01_plumbing/install/base_interfaces_demo/share/colcon-core/packages/base_interfaces_demo)
[6.582s] INFO:colcon.colcon_ros.task.ament_cmake.build:Building ROS package in '/home/loser/ws01_plumbing/src/cpp01_topic' with build type 'ament_cmake'
[6.582s] INFO:colcon.colcon_cmake.task.cmake.build:Building CMake package in '/home/loser/ws01_plumbing/src/cpp01_topic'
[6.583s] INFO:colcon.colcon_core.shell:Skip shell extension 'powershell' for command environment: Not usable outside of PowerShell
[6.583s] DEBUG:colcon.colcon_core.shell:Skip shell extension 'dsv' for command environment
[6.584s] INFO:colcon.colcon_ros.task.ament_cmake.build:Building ROS package in '/home/loser/ws01_plumbing/src/cpp02_service' with build type 'ament_cmake'
[6.585s] INFO:colcon.colcon_cmake.task.cmake.build:Building CMake package in '/home/loser/ws01_plumbing/src/cpp02_service'
[6.585s] INFO:colcon.colcon_core.shell:Skip shell extension 'powershell' for command environment: Not usable outside of PowerShell
[6.585s] DEBUG:colcon.colcon_core.shell:Skip shell extension 'dsv' for command environment
[6.588s] INFO:colcon.colcon_ros.task.ament_cmake.build:Building ROS package in '/home/loser/ws01_plumbing/src/cpp03_action' with build type 'ament_cmake'
[6.588s] INFO:colcon.colcon_cmake.task.cmake.build:Building CMake package in '/home/loser/ws01_plumbing/src/cpp03_action'
[6.588s] INFO:colcon.colcon_core.shell:Skip shell extension 'powershell' for command environment: Not usable outside of PowerShell
[6.588s] DEBUG:colcon.colcon_core.shell:Skip shell extension 'dsv' for command environment
[6.590s] INFO:colcon.colcon_ros.task.ament_python.build:Building ROS package in '/home/loser/ws01_plumbing/src/py01_topic' with build type 'ament_python'
[6.590s] Level 1:colcon.colcon_core.shell:create_environment_hook('py01_topic', 'ament_prefix_path')
[6.590s] INFO:colcon.colcon_core.shell:Creating environment hook '/home/loser/ws01_plumbing/install/py01_topic/share/py01_topic/hook/ament_prefix_path.ps1'
[6.592s] INFO:colcon.colcon_core.shell:Creating environment descriptor '/home/loser/ws01_plumbing/install/py01_topic/share/py01_topic/hook/ament_prefix_path.dsv'
[6.592s] INFO:colcon.colcon_core.shell:Creating environment hook '/home/loser/ws01_plumbing/install/py01_topic/share/py01_topic/hook/ament_prefix_path.sh'
[6.592s] INFO:colcon.colcon_core.shell:Skip shell extension 'powershell' for command environment: Not usable outside of PowerShell
[6.592s] DEBUG:colcon.colcon_core.shell:Skip shell extension 'dsv' for command environment
[6.600s] DEBUG:colcon.colcon_core.event_handler.log_command:Invoking command in '/home/loser/ws01_plumbing/build/cpp01_topic': AMENT_PREFIX_PATH=/home/loser/ws01_plumbing/install/base_interfaces_demo:${AMENT_PREFIX_PATH} CMAKE_PREFIX_PATH=/home/loser/ws01_plumbing/install/base_interfaces_demo:/opt/ros/jazzy/opt/gz_sim_vendor:/opt/ros/jazzy/opt/gz_sensors_vendor:/opt/ros/jazzy/opt/gz_physics_vendor:/opt/ros/jazzy/opt/sdformat_vendor:/opt/ros/jazzy/opt/gz_gui_vendor:/opt/ros/jazzy/opt/gz_transport_vendor:/opt/ros/jazzy/opt/gz_rendering_vendor:/opt/ros/jazzy/opt/gz_plugin_vendor:/opt/ros/jazzy/opt/gz_fuel_tools_vendor:/opt/ros/jazzy/opt/gz_msgs_vendor:/opt/ros/jazzy/opt/gz_common_vendor:/opt/ros/jazzy/opt/gz_math_vendor:/opt/ros/jazzy/opt/gz_utils_vendor:/opt/ros/jazzy/opt/gz_tools_vendor:/opt/ros/jazzy/opt/gz_ogre_next_vendor:/opt/ros/jazzy/opt/gz_dartsim_vendor:/opt/ros/jazzy/opt/gz_cmake_vendor:/opt/ros/jazzy DEBUGINFOD_URLS=https://debuginfod.ubuntu.com LD_LIBRARY_PATH=/home/loser/ws01_plumbing/install/base_interfaces_demo/lib:${LD_LIBRARY_PATH} PYTHONPATH=/home/loser/ws01_plumbing/install/base_interfaces_demo/lib/python3.12/site-packages:${PYTHONPATH} /usr/bin/cmake /home/loser/ws01_plumbing/src/cpp01_topic -DCMAKE_INSTALL_PREFIX=/home/loser/ws01_plumbing/install/cpp01_topic
[6.604s] DEBUG:colcon.colcon_core.event_handler.log_command:Invoking command in '/home/loser/ws01_plumbing/build/cpp02_service': AMENT_PREFIX_PATH=/home/loser/ws01_plumbing/install/base_interfaces_demo:${AMENT_PREFIX_PATH} CMAKE_PREFIX_PATH=/home/loser/ws01_plumbing/install/base_interfaces_demo:/opt/ros/jazzy/opt/gz_sim_vendor:/opt/ros/jazzy/opt/gz_sensors_vendor:/opt/ros/jazzy/opt/gz_physics_vendor:/opt/ros/jazzy/opt/sdformat_vendor:/opt/ros/jazzy/opt/gz_gui_vendor:/opt/ros/jazzy/opt/gz_transport_vendor:/opt/ros/jazzy/opt/gz_rendering_vendor:/opt/ros/jazzy/opt/gz_plugin_vendor:/opt/ros/jazzy/opt/gz_fuel_tools_vendor:/opt/ros/jazzy/opt/gz_msgs_vendor:/opt/ros/jazzy/opt/gz_common_vendor:/opt/ros/jazzy/opt/gz_math_vendor:/opt/ros/jazzy/opt/gz_utils_vendor:/opt/ros/jazzy/opt/gz_tools_vendor:/opt/ros/jazzy/opt/gz_ogre_next_vendor:/opt/ros/jazzy/opt/gz_dartsim_vendor:/opt/ros/jazzy/opt/gz_cmake_vendor:/opt/ros/jazzy DEBUGINFOD_URLS=https://debuginfod.ubuntu.com LD_LIBRARY_PATH=/home/loser/ws01_plumbing/install/base_interfaces_demo/lib:${LD_LIBRARY_PATH} PYTHONPATH=/home/loser/ws01_plumbing/install/base_interfaces_demo/lib/python3.12/site-packages:${PYTHONPATH} /usr/bin/cmake /home/loser/ws01_plumbing/src/cpp02_service -DCMAKE_INSTALL_PREFIX=/home/loser/ws01_plumbing/install/cpp02_service
[6.608s] DEBUG:colcon.colcon_core.event_handler.log_command:Invoking command in '/home/loser/ws01_plumbing/build/cpp03_action': AMENT_PREFIX_PATH=/home/loser/ws01_plumbing/install/base_interfaces_demo:${AMENT_PREFIX_PATH} CMAKE_PREFIX_PATH=/home/loser/ws01_plumbing/install/base_interfaces_demo:/opt/ros/jazzy/opt/gz_sim_vendor:/opt/ros/jazzy/opt/gz_sensors_vendor:/opt/ros/jazzy/opt/gz_physics_vendor:/opt/ros/jazzy/opt/sdformat_vendor:/opt/ros/jazzy/opt/gz_gui_vendor:/opt/ros/jazzy/opt/gz_transport_vendor:/opt/ros/jazzy/opt/gz_rendering_vendor:/opt/ros/jazzy/opt/gz_plugin_vendor:/opt/ros/jazzy/opt/gz_fuel_tools_vendor:/opt/ros/jazzy/opt/gz_msgs_vendor:/opt/ros/jazzy/opt/gz_common_vendor:/opt/ros/jazzy/opt/gz_math_vendor:/opt/ros/jazzy/opt/gz_utils_vendor:/opt/ros/jazzy/opt/gz_tools_vendor:/opt/ros/jazzy/opt/gz_ogre_next_vendor:/opt/ros/jazzy/opt/gz_dartsim_vendor:/opt/ros/jazzy/opt/gz_cmake_vendor:/opt/ros/jazzy DEBUGINFOD_URLS=https://debuginfod.ubuntu.com LD_LIBRARY_PATH=/home/loser/ws01_plumbing/install/base_interfaces_demo/lib:${LD_LIBRARY_PATH} PYTHONPATH=/home/loser/ws01_plumbing/install/base_interfaces_demo/lib/python3.12/site-packages:${PYTHONPATH} /usr/bin/cmake /home/loser/ws01_plumbing/src/cpp03_action -DCMAKE_INSTALL_PREFIX=/home/loser/ws01_plumbing/install/cpp03_action
[6.852s] INFO:colcon.colcon_core.task.python.build:Building Python package in '/home/loser/ws01_plumbing/src/py01_topic'
[6.853s] INFO:colcon.colcon_core.shell:Skip shell extension 'powershell' for command environment: Not usable outside of PowerShell
[6.853s] DEBUG:colcon.colcon_core.shell:Skip shell extension 'dsv' for command environment
[7.550s] DEBUG:colcon.colcon_core.event_handler.log_command:Invoking command in '/home/loser/ws01_plumbing/src/py01_topic': AMENT_PREFIX_PATH=/home/loser/ws01_plumbing/install/base_interfaces_demo:${AMENT_PREFIX_PATH} CMAKE_PREFIX_PATH=/home/loser/ws01_plumbing/install/base_interfaces_demo:${CMAKE_PREFIX_PATH} DEBUGINFOD_URLS=https://debuginfod.ubuntu.com LD_LIBRARY_PATH=/home/loser/ws01_plumbing/install/base_interfaces_demo/lib:${LD_LIBRARY_PATH} PYTHONPATH=/home/loser/ws01_plumbing/build/py01_topic/prefix_override:/usr/lib/python3/dist-packages/colcon_core/task/python/colcon_distutils_commands:/home/loser/ws01_plumbing/install/py01_topic/lib/python3.12/site-packages:/home/loser/ws01_plumbing/install/base_interfaces_demo/lib/python3.12/site-packages:${PYTHONPATH} /usr/bin/python3 -W ignore:setup.py install is deprecated -W ignore:easy_install command is deprecated setup.py egg_info --egg-base ../../build/py01_topic build --build-base /home/loser/ws01_plumbing/build/py01_topic/build install --record /home/loser/ws01_plumbing/build/py01_topic/install.log --single-version-externally-managed install_data
[7.857s] DEBUG:colcon.colcon_core.event_handler.log_command:Invoked command in '/home/loser/ws01_plumbing/build/cpp02_service' returned '0': AMENT_PREFIX_PATH=/home/loser/ws01_plumbing/install/base_interfaces_demo:${AMENT_PREFIX_PATH} CMAKE_PREFIX_PATH=/home/loser/ws01_plumbing/install/base_interfaces_demo:/opt/ros/jazzy/opt/gz_sim_vendor:/opt/ros/jazzy/opt/gz_sensors_vendor:/opt/ros/jazzy/opt/gz_physics_vendor:/opt/ros/jazzy/opt/sdformat_vendor:/opt/ros/jazzy/opt/gz_gui_vendor:/opt/ros/jazzy/opt/gz_transport_vendor:/opt/ros/jazzy/opt/gz_rendering_vendor:/opt/ros/jazzy/opt/gz_plugin_vendor:/opt/ros/jazzy/opt/gz_fuel_tools_vendor:/opt/ros/jazzy/opt/gz_msgs_vendor:/opt/ros/jazzy/opt/gz_common_vendor:/opt/ros/jazzy/opt/gz_math_vendor:/opt/ros/jazzy/opt/gz_utils_vendor:/opt/ros/jazzy/opt/gz_tools_vendor:/opt/ros/jazzy/opt/gz_ogre_next_vendor:/opt/ros/jazzy/opt/gz_dartsim_vendor:/opt/ros/jazzy/opt/gz_cmake_vendor:/opt/ros/jazzy DEBUGINFOD_URLS=https://debuginfod.ubuntu.com LD_LIBRARY_PATH=/home/loser/ws01_plumbing/install/base_interfaces_demo/lib:${LD_LIBRARY_PATH} PYTHONPATH=/home/loser/ws01_plumbing/install/base_interfaces_demo/lib/python3.12/site-packages:${PYTHONPATH} /usr/bin/cmake /home/loser/ws01_plumbing/src/cpp02_service -DCMAKE_INSTALL_PREFIX=/home/loser/ws01_plumbing/install/cpp02_service
[7.857s] DEBUG:colcon.colcon_core.event_handler.log_command:Invoking command in '/home/loser/ws01_plumbing/build/cpp02_service': AMENT_PREFIX_PATH=/home/loser/ws01_plumbing/install/base_interfaces_demo:${AMENT_PREFIX_PATH} CMAKE_PREFIX_PATH=/home/loser/ws01_plumbing/install/base_interfaces_demo:/opt/ros/jazzy/opt/gz_sim_vendor:/opt/ros/jazzy/opt/gz_sensors_vendor:/opt/ros/jazzy/opt/gz_physics_vendor:/opt/ros/jazzy/opt/sdformat_vendor:/opt/ros/jazzy/opt/gz_gui_vendor:/opt/ros/jazzy/opt/gz_transport_vendor:/opt/ros/jazzy/opt/gz_rendering_vendor:/opt/ros/jazzy/opt/gz_plugin_vendor:/opt/ros/jazzy/opt/gz_fuel_tools_vendor:/opt/ros/jazzy/opt/gz_msgs_vendor:/opt/ros/jazzy/opt/gz_common_vendor:/opt/ros/jazzy/opt/gz_math_vendor:/opt/ros/jazzy/opt/gz_utils_vendor:/opt/ros/jazzy/opt/gz_tools_vendor:/opt/ros/jazzy/opt/gz_ogre_next_vendor:/opt/ros/jazzy/opt/gz_dartsim_vendor:/opt/ros/jazzy/opt/gz_cmake_vendor:/opt/ros/jazzy DEBUGINFOD_URLS=https://debuginfod.ubuntu.com LD_LIBRARY_PATH=/home/loser/ws01_plumbing/install/base_interfaces_demo/lib:${LD_LIBRARY_PATH} PYTHONPATH=/home/loser/ws01_plumbing/install/base_interfaces_demo/lib/python3.12/site-packages:${PYTHONPATH} /usr/bin/cmake --build /home/loser/ws01_plumbing/build/cpp02_service -- -j4 -l4
[8.011s] DEBUG:colcon.colcon_core.event_handler.log_command:Invoked command in '/home/loser/ws01_plumbing/build/cpp03_action' returned '0': AMENT_PREFIX_PATH=/home/loser/ws01_plumbing/install/base_interfaces_demo:${AMENT_PREFIX_PATH} CMAKE_PREFIX_PATH=/home/loser/ws01_plumbing/install/base_interfaces_demo:/opt/ros/jazzy/opt/gz_sim_vendor:/opt/ros/jazzy/opt/gz_sensors_vendor:/opt/ros/jazzy/opt/gz_physics_vendor:/opt/ros/jazzy/opt/sdformat_vendor:/opt/ros/jazzy/opt/gz_gui_vendor:/opt/ros/jazzy/opt/gz_transport_vendor:/opt/ros/jazzy/opt/gz_rendering_vendor:/opt/ros/jazzy/opt/gz_plugin_vendor:/opt/ros/jazzy/opt/gz_fuel_tools_vendor:/opt/ros/jazzy/opt/gz_msgs_vendor:/opt/ros/jazzy/opt/gz_common_vendor:/opt/ros/jazzy/opt/gz_math_vendor:/opt/ros/jazzy/opt/gz_utils_vendor:/opt/ros/jazzy/opt/gz_tools_vendor:/opt/ros/jazzy/opt/gz_ogre_next_vendor:/opt/ros/jazzy/opt/gz_dartsim_vendor:/opt/ros/jazzy/opt/gz_cmake_vendor:/opt/ros/jazzy DEBUGINFOD_URLS=https://debuginfod.ubuntu.com LD_LIBRARY_PATH=/home/loser/ws01_plumbing/install/base_interfaces_demo/lib:${LD_LIBRARY_PATH} PYTHONPATH=/home/loser/ws01_plumbing/install/base_interfaces_demo/lib/python3.12/site-packages:${PYTHONPATH} /usr/bin/cmake /home/loser/ws01_plumbing/src/cpp03_action -DCMAKE_INSTALL_PREFIX=/home/loser/ws01_plumbing/install/cpp03_action
[8.011s] DEBUG:colcon.colcon_core.event_handler.log_command:Invoking command in '/home/loser/ws01_plumbing/build/cpp03_action': AMENT_PREFIX_PATH=/home/loser/ws01_plumbing/install/base_interfaces_demo:${AMENT_PREFIX_PATH} CMAKE_PREFIX_PATH=/home/loser/ws01_plumbing/install/base_interfaces_demo:/opt/ros/jazzy/opt/gz_sim_vendor:/opt/ros/jazzy/opt/gz_sensors_vendor:/opt/ros/jazzy/opt/gz_physics_vendor:/opt/ros/jazzy/opt/sdformat_vendor:/opt/ros/jazzy/opt/gz_gui_vendor:/opt/ros/jazzy/opt/gz_transport_vendor:/opt/ros/jazzy/opt/gz_rendering_vendor:/opt/ros/jazzy/opt/gz_plugin_vendor:/opt/ros/jazzy/opt/gz_fuel_tools_vendor:/opt/ros/jazzy/opt/gz_msgs_vendor:/opt/ros/jazzy/opt/gz_common_vendor:/opt/ros/jazzy/opt/gz_math_vendor:/opt/ros/jazzy/opt/gz_utils_vendor:/opt/ros/jazzy/opt/gz_tools_vendor:/opt/ros/jazzy/opt/gz_ogre_next_vendor:/opt/ros/jazzy/opt/gz_dartsim_vendor:/opt/ros/jazzy/opt/gz_cmake_vendor:/opt/ros/jazzy DEBUGINFOD_URLS=https://debuginfod.ubuntu.com LD_LIBRARY_PATH=/home/loser/ws01_plumbing/install/base_interfaces_demo/lib:${LD_LIBRARY_PATH} PYTHONPATH=/home/loser/ws01_plumbing/install/base_interfaces_demo/lib/python3.12/site-packages:${PYTHONPATH} /usr/bin/cmake --build /home/loser/ws01_plumbing/build/cpp03_action -- -j4 -l4
[8.038s] Level 1:colcon.colcon_core.environment:checking '/home/loser/ws01_plumbing/install/py01_topic' for CMake module files
[8.038s] Level 1:colcon.colcon_core.environment:checking '/home/loser/ws01_plumbing/install/py01_topic' for CMake config files
[8.039s] Level 1:colcon.colcon_core.environment:checking '/home/loser/ws01_plumbing/install/py01_topic/lib'
[8.039s] Level 1:colcon.colcon_core.environment:checking '/home/loser/ws01_plumbing/install/py01_topic/bin'
[8.039s] Level 1:colcon.colcon_core.environment:checking '/home/loser/ws01_plumbing/install/py01_topic/lib/pkgconfig/py01_topic.pc'
[8.039s] Level 1:colcon.colcon_core.environment:checking '/home/loser/ws01_plumbing/install/py01_topic/lib/python3.12/site-packages'
[8.039s] Level 1:colcon.colcon_core.shell:create_environment_hook('py01_topic', 'pythonpath')
[8.039s] INFO:colcon.colcon_core.shell:Creating environment hook '/home/loser/ws01_plumbing/install/py01_topic/share/py01_topic/hook/pythonpath.ps1'
[8.039s] INFO:colcon.colcon_core.shell:Creating environment descriptor '/home/loser/ws01_plumbing/install/py01_topic/share/py01_topic/hook/pythonpath.dsv'
[8.039s] INFO:colcon.colcon_core.shell:Creating environment hook '/home/loser/ws01_plumbing/install/py01_topic/share/py01_topic/hook/pythonpath.sh'
[8.040s] Level 1:colcon.colcon_core.environment:checking '/home/loser/ws01_plumbing/install/py01_topic/bin'
[8.040s] Level 1:colcon.colcon_core.environment:create_environment_scripts_only(py01_topic)
[8.040s] INFO:colcon.colcon_core.shell:Creating package script '/home/loser/ws01_plumbing/install/py01_topic/share/py01_topic/package.ps1'
[8.040s] INFO:colcon.colcon_core.shell:Creating package descriptor '/home/loser/ws01_plumbing/install/py01_topic/share/py01_topic/package.dsv'
[8.040s] INFO:colcon.colcon_core.shell:Creating package script '/home/loser/ws01_plumbing/install/py01_topic/share/py01_topic/package.sh'
[8.040s] INFO:colcon.colcon_core.shell:Creating package script '/home/loser/ws01_plumbing/install/py01_topic/share/py01_topic/package.bash'
[8.041s] INFO:colcon.colcon_core.shell:Creating package script '/home/loser/ws01_plumbing/install/py01_topic/share/py01_topic/package.zsh'
[8.041s] Level 1:colcon.colcon_core.environment:create_file_with_runtime_dependencies(/home/loser/ws01_plumbing/install/py01_topic/share/colcon-core/packages/py01_topic)
[8.041s] INFO:colcon.colcon_ros.task.ament_python.build:Building ROS package in '/home/loser/ws01_plumbing/src/py02_service' with build type 'ament_python'
[8.041s] Level 1:colcon.colcon_core.shell:create_environment_hook('py02_service', 'ament_prefix_path')
[8.041s] DEBUG:colcon.colcon_core.event_handler.log_command:Invoked command in '/home/loser/ws01_plumbing/src/py01_topic' returned '0': AMENT_PREFIX_PATH=/home/loser/ws01_plumbing/install/base_interfaces_demo:${AMENT_PREFIX_PATH} CMAKE_PREFIX_PATH=/home/loser/ws01_plumbing/install/base_interfaces_demo:${CMAKE_PREFIX_PATH} DEBUGINFOD_URLS=https://debuginfod.ubuntu.com LD_LIBRARY_PATH=/home/loser/ws01_plumbing/install/base_interfaces_demo/lib:${LD_LIBRARY_PATH} PYTHONPATH=/home/loser/ws01_plumbing/build/py01_topic/prefix_override:/usr/lib/python3/dist-packages/colcon_core/task/python/colcon_distutils_commands:/home/loser/ws01_plumbing/install/py01_topic/lib/python3.12/site-packages:/home/loser/ws01_plumbing/install/base_interfaces_demo/lib/python3.12/site-packages:${PYTHONPATH} /usr/bin/python3 -W ignore:setup.py install is deprecated -W ignore:easy_install command is deprecated setup.py egg_info --egg-base ../../build/py01_topic build --build-base /home/loser/ws01_plumbing/build/py01_topic/build install --record /home/loser/ws01_plumbing/build/py01_topic/install.log --single-version-externally-managed install_data
[8.041s] INFO:colcon.colcon_core.shell:Creating environment hook '/home/loser/ws01_plumbing/install/py02_service/share/py02_service/hook/ament_prefix_path.ps1'
[8.042s] INFO:colcon.colcon_core.shell:Creating environment descriptor '/home/loser/ws01_plumbing/install/py02_service/share/py02_service/hook/ament_prefix_path.dsv'
[8.042s] INFO:colcon.colcon_core.shell:Creating environment hook '/home/loser/ws01_plumbing/install/py02_service/share/py02_service/hook/ament_prefix_path.sh'
[8.042s] INFO:colcon.colcon_core.shell:Skip shell extension 'powershell' for command environment: Not usable outside of PowerShell
[8.042s] DEBUG:colcon.colcon_core.shell:Skip shell extension 'dsv' for command environment
[8.179s] INFO:colcon.colcon_core.task.python.build:Building Python package in '/home/loser/ws01_plumbing/src/py02_service'
[8.180s] INFO:colcon.colcon_core.shell:Skip shell extension 'powershell' for command environment: Not usable outside of PowerShell
[8.180s] DEBUG:colcon.colcon_core.shell:Skip shell extension 'dsv' for command environment
[8.259s] DEBUG:colcon.colcon_core.event_handler.log_command:Invoked command in '/home/loser/ws01_plumbing/build/cpp01_topic' returned '0': AMENT_PREFIX_PATH=/home/loser/ws01_plumbing/install/base_interfaces_demo:${AMENT_PREFIX_PATH} CMAKE_PREFIX_PATH=/home/loser/ws01_plumbing/install/base_interfaces_demo:/opt/ros/jazzy/opt/gz_sim_vendor:/opt/ros/jazzy/opt/gz_sensors_vendor:/opt/ros/jazzy/opt/gz_physics_vendor:/opt/ros/jazzy/opt/sdformat_vendor:/opt/ros/jazzy/opt/gz_gui_vendor:/opt/ros/jazzy/opt/gz_transport_vendor:/opt/ros/jazzy/opt/gz_rendering_vendor:/opt/ros/jazzy/opt/gz_plugin_vendor:/opt/ros/jazzy/opt/gz_fuel_tools_vendor:/opt/ros/jazzy/opt/gz_msgs_vendor:/opt/ros/jazzy/opt/gz_common_vendor:/opt/ros/jazzy/opt/gz_math_vendor:/opt/ros/jazzy/opt/gz_utils_vendor:/opt/ros/jazzy/opt/gz_tools_vendor:/opt/ros/jazzy/opt/gz_ogre_next_vendor:/opt/ros/jazzy/opt/gz_dartsim_vendor:/opt/ros/jazzy/opt/gz_cmake_vendor:/opt/ros/jazzy DEBUGINFOD_URLS=https://debuginfod.ubuntu.com LD_LIBRARY_PATH=/home/loser/ws01_plumbing/install/base_interfaces_demo/lib:${LD_LIBRARY_PATH} PYTHONPATH=/home/loser/ws01_plumbing/install/base_interfaces_demo/lib/python3.12/site-packages:${PYTHONPATH} /usr/bin/cmake /home/loser/ws01_plumbing/src/cpp01_topic -DCMAKE_INSTALL_PREFIX=/home/loser/ws01_plumbing/install/cpp01_topic
[8.259s] DEBUG:colcon.colcon_core.event_handler.log_command:Invoking command in '/home/loser/ws01_plumbing/build/cpp01_topic': AMENT_PREFIX_PATH=/home/loser/ws01_plumbing/install/base_interfaces_demo:${AMENT_PREFIX_PATH} CMAKE_PREFIX_PATH=/home/loser/ws01_plumbing/install/base_interfaces_demo:/opt/ros/jazzy/opt/gz_sim_vendor:/opt/ros/jazzy/opt/gz_sensors_vendor:/opt/ros/jazzy/opt/gz_physics_vendor:/opt/ros/jazzy/opt/sdformat_vendor:/opt/ros/jazzy/opt/gz_gui_vendor:/opt/ros/jazzy/opt/gz_transport_vendor:/opt/ros/jazzy/opt/gz_rendering_vendor:/opt/ros/jazzy/opt/gz_plugin_vendor:/opt/ros/jazzy/opt/gz_fuel_tools_vendor:/opt/ros/jazzy/opt/gz_msgs_vendor:/opt/ros/jazzy/opt/gz_common_vendor:/opt/ros/jazzy/opt/gz_math_vendor:/opt/ros/jazzy/opt/gz_utils_vendor:/opt/ros/jazzy/opt/gz_tools_vendor:/opt/ros/jazzy/opt/gz_ogre_next_vendor:/opt/ros/jazzy/opt/gz_dartsim_vendor:/opt/ros/jazzy/opt/gz_cmake_vendor:/opt/ros/jazzy DEBUGINFOD_URLS=https://debuginfod.ubuntu.com LD_LIBRARY_PATH=/home/loser/ws01_plumbing/install/base_interfaces_demo/lib:${LD_LIBRARY_PATH} PYTHONPATH=/home/loser/ws01_plumbing/install/base_interfaces_demo/lib/python3.12/site-packages:${PYTHONPATH} /usr/bin/cmake --build /home/loser/ws01_plumbing/build/cpp01_topic -- -j4 -l4
[9.057s] DEBUG:colcon.colcon_core.event_handler.log_command:Invoking command in '/home/loser/ws01_plumbing/src/py02_service': AMENT_PREFIX_PATH=/home/loser/ws01_plumbing/install/base_interfaces_demo:${AMENT_PREFIX_PATH} CMAKE_PREFIX_PATH=/home/loser/ws01_plumbing/install/base_interfaces_demo:${CMAKE_PREFIX_PATH} DEBUGINFOD_URLS=https://debuginfod.ubuntu.com LD_LIBRARY_PATH=/home/loser/ws01_plumbing/install/base_interfaces_demo/lib:${LD_LIBRARY_PATH} PYTHONPATH=/home/loser/ws01_plumbing/build/py02_service/prefix_override:/usr/lib/python3/dist-packages/colcon_core/task/python/colcon_distutils_commands:/home/loser/ws01_plumbing/install/py02_service/lib/python3.12/site-packages:/home/loser/ws01_plumbing/install/base_interfaces_demo/lib/python3.12/site-packages:${PYTHONPATH} /usr/bin/python3 -W ignore:setup.py install is deprecated -W ignore:easy_install command is deprecated setup.py egg_info --egg-base ../../build/py02_service build --build-base /home/loser/ws01_plumbing/build/py02_service/build install --record /home/loser/ws01_plumbing/build/py02_service/install.log --single-version-externally-managed install_data
[10.181s] Level 1:colcon.colcon_core.environment:checking '/home/loser/ws01_plumbing/install/py02_service' for CMake module files
[10.182s] Level 1:colcon.colcon_core.environment:checking '/home/loser/ws01_plumbing/install/py02_service' for CMake config files
[10.182s] Level 1:colcon.colcon_core.environment:checking '/home/loser/ws01_plumbing/install/py02_service/lib'
[10.182s] Level 1:colcon.colcon_core.environment:checking '/home/loser/ws01_plumbing/install/py02_service/bin'
[10.182s] Level 1:colcon.colcon_core.environment:checking '/home/loser/ws01_plumbing/install/py02_service/lib/pkgconfig/py02_service.pc'
[10.182s] Level 1:colcon.colcon_core.environment:checking '/home/loser/ws01_plumbing/install/py02_service/lib/python3.12/site-packages'
[10.182s] Level 1:colcon.colcon_core.shell:create_environment_hook('py02_service', 'pythonpath')
[10.182s] INFO:colcon.colcon_core.shell:Creating environment hook '/home/loser/ws01_plumbing/install/py02_service/share/py02_service/hook/pythonpath.ps1'
[10.183s] INFO:colcon.colcon_core.shell:Creating environment descriptor '/home/loser/ws01_plumbing/install/py02_service/share/py02_service/hook/pythonpath.dsv'
[10.183s] INFO:colcon.colcon_core.shell:Creating environment hook '/home/loser/ws01_plumbing/install/py02_service/share/py02_service/hook/pythonpath.sh'
[10.183s] Level 1:colcon.colcon_core.environment:checking '/home/loser/ws01_plumbing/install/py02_service/bin'
[10.183s] Level 1:colcon.colcon_core.environment:create_environment_scripts_only(py02_service)
[10.183s] INFO:colcon.colcon_core.shell:Creating package script '/home/loser/ws01_plumbing/install/py02_service/share/py02_service/package.ps1'
[10.183s] INFO:colcon.colcon_core.shell:Creating package descriptor '/home/loser/ws01_plumbing/install/py02_service/share/py02_service/package.dsv'
[10.184s] INFO:colcon.colcon_core.shell:Creating package script '/home/loser/ws01_plumbing/install/py02_service/share/py02_service/package.sh'
[10.184s] INFO:colcon.colcon_core.shell:Creating package script '/home/loser/ws01_plumbing/install/py02_service/share/py02_service/package.bash'
[10.184s] INFO:colcon.colcon_core.shell:Creating package script '/home/loser/ws01_plumbing/install/py02_service/share/py02_service/package.zsh'
[10.189s] DEBUG:colcon.colcon_core.event_handler.log_command:Invoked command in '/home/loser/ws01_plumbing/src/py02_service' returned '0': AMENT_PREFIX_PATH=/home/loser/ws01_plumbing/install/base_interfaces_demo:${AMENT_PREFIX_PATH} CMAKE_PREFIX_PATH=/home/loser/ws01_plumbing/install/base_interfaces_demo:${CMAKE_PREFIX_PATH} DEBUGINFOD_URLS=https://debuginfod.ubuntu.com LD_LIBRARY_PATH=/home/loser/ws01_plumbing/install/base_interfaces_demo/lib:${LD_LIBRARY_PATH} PYTHONPATH=/home/loser/ws01_plumbing/build/py02_service/prefix_override:/usr/lib/python3/dist-packages/colcon_core/task/python/colcon_distutils_commands:/home/loser/ws01_plumbing/install/py02_service/lib/python3.12/site-packages:/home/loser/ws01_plumbing/install/base_interfaces_demo/lib/python3.12/site-packages:${PYTHONPATH} /usr/bin/python3 -W ignore:setup.py install is deprecated -W ignore:easy_install command is deprecated setup.py egg_info --egg-base ../../build/py02_service build --build-base /home/loser/ws01_plumbing/build/py02_service/build install --record /home/loser/ws01_plumbing/build/py02_service/install.log --single-version-externally-managed install_data
[10.189s] Level 1:colcon.colcon_core.environment:create_file_with_runtime_dependencies(/home/loser/ws01_plumbing/install/py02_service/share/colcon-core/packages/py02_service)
[10.190s] INFO:colcon.colcon_ros.task.ament_python.build:Building ROS package in '/home/loser/ws01_plumbing/src/py03_action' with build type 'ament_python'
[10.190s] Level 1:colcon.colcon_core.shell:create_environment_hook('py03_action', 'ament_prefix_path')
[10.190s] INFO:colcon.colcon_core.shell:Creating environment hook '/home/loser/ws01_plumbing/install/py03_action/share/py03_action/hook/ament_prefix_path.ps1'
[10.190s] INFO:colcon.colcon_core.shell:Creating environment descriptor '/home/loser/ws01_plumbing/install/py03_action/share/py03_action/hook/ament_prefix_path.dsv'
[10.191s] INFO:colcon.colcon_core.shell:Creating environment hook '/home/loser/ws01_plumbing/install/py03_action/share/py03_action/hook/ament_prefix_path.sh'
[10.191s] INFO:colcon.colcon_core.shell:Skip shell extension 'powershell' for command environment: Not usable outside of PowerShell
[10.191s] DEBUG:colcon.colcon_core.shell:Skip shell extension 'dsv' for command environment
[10.653s] INFO:colcon.colcon_core.task.python.build:Building Python package in '/home/loser/ws01_plumbing/src/py03_action'
[10.654s] INFO:colcon.colcon_core.shell:Skip shell extension 'powershell' for command environment: Not usable outside of PowerShell
[10.654s] DEBUG:colcon.colcon_core.shell:Skip shell extension 'dsv' for command environment
[11.317s] DEBUG:colcon.colcon_core.event_handler.log_command:Invoking command in '/home/loser/ws01_plumbing/src/py03_action': AMENT_PREFIX_PATH=/home/loser/ws01_plumbing/install/base_interfaces_demo:${AMENT_PREFIX_PATH} CMAKE_PREFIX_PATH=/home/loser/ws01_plumbing/install/base_interfaces_demo:${CMAKE_PREFIX_PATH} DEBUGINFOD_URLS=https://debuginfod.ubuntu.com LD_LIBRARY_PATH=/home/loser/ws01_plumbing/install/base_interfaces_demo/lib:${LD_LIBRARY_PATH} PYTHONPATH=/home/loser/ws01_plumbing/build/py03_action/prefix_override:/usr/lib/python3/dist-packages/colcon_core/task/python/colcon_distutils_commands:/home/loser/ws01_plumbing/install/py03_action/lib/python3.12/site-packages:/home/loser/ws01_plumbing/install/base_interfaces_demo/lib/python3.12/site-packages:${PYTHONPATH} /usr/bin/python3 -W ignore:setup.py install is deprecated -W ignore:easy_install command is deprecated setup.py egg_info --egg-base ../../build/py03_action build --build-base /home/loser/ws01_plumbing/build/py03_action/build install --record /home/loser/ws01_plumbing/build/py03_action/install.log --single-version-externally-managed install_data
[12.046s] Level 1:colcon.colcon_core.environment:checking '/home/loser/ws01_plumbing/install/py03_action' for CMake module files
[12.046s] DEBUG:colcon.colcon_core.event_handler.log_command:Invoked command in '/home/loser/ws01_plumbing/src/py03_action' returned '0': AMENT_PREFIX_PATH=/home/loser/ws01_plumbing/install/base_interfaces_demo:${AMENT_PREFIX_PATH} CMAKE_PREFIX_PATH=/home/loser/ws01_plumbing/install/base_interfaces_demo:${CMAKE_PREFIX_PATH} DEBUGINFOD_URLS=https://debuginfod.ubuntu.com LD_LIBRARY_PATH=/home/loser/ws01_plumbing/install/base_interfaces_demo/lib:${LD_LIBRARY_PATH} PYTHONPATH=/home/loser/ws01_plumbing/build/py03_action/prefix_override:/usr/lib/python3/dist-packages/colcon_core/task/python/colcon_distutils_commands:/home/loser/ws01_plumbing/install/py03_action/lib/python3.12/site-packages:/home/loser/ws01_plumbing/install/base_interfaces_demo/lib/python3.12/site-packages:${PYTHONPATH} /usr/bin/python3 -W ignore:setup.py install is deprecated -W ignore:easy_install command is deprecated setup.py egg_info --egg-base ../../build/py03_action build --build-base /home/loser/ws01_plumbing/build/py03_action/build install --record /home/loser/ws01_plumbing/build/py03_action/install.log --single-version-externally-managed install_data
[12.047s] Level 1:colcon.colcon_core.environment:checking '/home/loser/ws01_plumbing/install/py03_action' for CMake config files
[12.047s] Level 1:colcon.colcon_core.environment:checking '/home/loser/ws01_plumbing/install/py03_action/lib'
[12.047s] Level 1:colcon.colcon_core.environment:checking '/home/loser/ws01_plumbing/install/py03_action/bin'
[12.047s] Level 1:colcon.colcon_core.environment:checking '/home/loser/ws01_plumbing/install/py03_action/lib/pkgconfig/py03_action.pc'
[12.047s] Level 1:colcon.colcon_core.environment:checking '/home/loser/ws01_plumbing/install/py03_action/lib/python3.12/site-packages'
[12.047s] Level 1:colcon.colcon_core.shell:create_environment_hook('py03_action', 'pythonpath')
[12.047s] INFO:colcon.colcon_core.shell:Creating environment hook '/home/loser/ws01_plumbing/install/py03_action/share/py03_action/hook/pythonpath.ps1'
[12.048s] INFO:colcon.colcon_core.shell:Creating environment descriptor '/home/loser/ws01_plumbing/install/py03_action/share/py03_action/hook/pythonpath.dsv'
[12.048s] INFO:colcon.colcon_core.shell:Creating environment hook '/home/loser/ws01_plumbing/install/py03_action/share/py03_action/hook/pythonpath.sh'
[12.048s] Level 1:colcon.colcon_core.environment:checking '/home/loser/ws01_plumbing/install/py03_action/bin'
[12.048s] Level 1:colcon.colcon_core.environment:create_environment_scripts_only(py03_action)
[12.048s] INFO:colcon.colcon_core.shell:Creating package script '/home/loser/ws01_plumbing/install/py03_action/share/py03_action/package.ps1'
[12.049s] INFO:colcon.colcon_core.shell:Creating package descriptor '/home/loser/ws01_plumbing/install/py03_action/share/py03_action/package.dsv'
[12.051s] INFO:colcon.colcon_core.shell:Creating package script '/home/loser/ws01_plumbing/install/py03_action/share/py03_action/package.sh'
[12.051s] INFO:colcon.colcon_core.shell:Creating package script '/home/loser/ws01_plumbing/install/py03_action/share/py03_action/package.bash'
[12.052s] INFO:colcon.colcon_core.shell:Creating package script '/home/loser/ws01_plumbing/install/py03_action/share/py03_action/package.zsh'
[12.052s] Level 1:colcon.colcon_core.environment:create_file_with_runtime_dependencies(/home/loser/ws01_plumbing/install/py03_action/share/colcon-core/packages/py03_action)
[13.395s] DEBUG:colcon.colcon_core.event_handler.log_command:Invoked command in '/home/loser/ws01_plumbing/build/cpp02_service' returned '0': AMENT_PREFIX_PATH=/home/loser/ws01_plumbing/install/base_interfaces_demo:${AMENT_PREFIX_PATH} CMAKE_PREFIX_PATH=/home/loser/ws01_plumbing/install/base_interfaces_demo:/opt/ros/jazzy/opt/gz_sim_vendor:/opt/ros/jazzy/opt/gz_sensors_vendor:/opt/ros/jazzy/opt/gz_physics_vendor:/opt/ros/jazzy/opt/sdformat_vendor:/opt/ros/jazzy/opt/gz_gui_vendor:/opt/ros/jazzy/opt/gz_transport_vendor:/opt/ros/jazzy/opt/gz_rendering_vendor:/opt/ros/jazzy/opt/gz_plugin_vendor:/opt/ros/jazzy/opt/gz_fuel_tools_vendor:/opt/ros/jazzy/opt/gz_msgs_vendor:/opt/ros/jazzy/opt/gz_common_vendor:/opt/ros/jazzy/opt/gz_math_vendor:/opt/ros/jazzy/opt/gz_utils_vendor:/opt/ros/jazzy/opt/gz_tools_vendor:/opt/ros/jazzy/opt/gz_ogre_next_vendor:/opt/ros/jazzy/opt/gz_dartsim_vendor:/opt/ros/jazzy/opt/gz_cmake_vendor:/opt/ros/jazzy DEBUGINFOD_URLS=https://debuginfod.ubuntu.com LD_LIBRARY_PATH=/home/loser/ws01_plumbing/install/base_interfaces_demo/lib:${LD_LIBRARY_PATH} PYTHONPATH=/home/loser/ws01_plumbing/install/base_interfaces_demo/lib/python3.12/site-packages:${PYTHONPATH} /usr/bin/cmake --build /home/loser/ws01_plumbing/build/cpp02_service -- -j4 -l4
[13.402s] DEBUG:colcon.colcon_core.event_handler.log_command:Invoking command in '/home/loser/ws01_plumbing/build/cpp02_service': AMENT_PREFIX_PATH=/home/loser/ws01_plumbing/install/base_interfaces_demo:${AMENT_PREFIX_PATH} CMAKE_PREFIX_PATH=/home/loser/ws01_plumbing/install/base_interfaces_demo:/opt/ros/jazzy/opt/gz_sim_vendor:/opt/ros/jazzy/opt/gz_sensors_vendor:/opt/ros/jazzy/opt/gz_physics_vendor:/opt/ros/jazzy/opt/sdformat_vendor:/opt/ros/jazzy/opt/gz_gui_vendor:/opt/ros/jazzy/opt/gz_transport_vendor:/opt/ros/jazzy/opt/gz_rendering_vendor:/opt/ros/jazzy/opt/gz_plugin_vendor:/opt/ros/jazzy/opt/gz_fuel_tools_vendor:/opt/ros/jazzy/opt/gz_msgs_vendor:/opt/ros/jazzy/opt/gz_common_vendor:/opt/ros/jazzy/opt/gz_math_vendor:/opt/ros/jazzy/opt/gz_utils_vendor:/opt/ros/jazzy/opt/gz_tools_vendor:/opt/ros/jazzy/opt/gz_ogre_next_vendor:/opt/ros/jazzy/opt/gz_dartsim_vendor:/opt/ros/jazzy/opt/gz_cmake_vendor:/opt/ros/jazzy DEBUGINFOD_URLS=https://debuginfod.ubuntu.com LD_LIBRARY_PATH=/home/loser/ws01_plumbing/install/base_interfaces_demo/lib:${LD_LIBRARY_PATH} PYTHONPATH=/home/loser/ws01_plumbing/install/base_interfaces_demo/lib/python3.12/site-packages:${PYTHONPATH} /usr/bin/cmake --install /home/loser/ws01_plumbing/build/cpp02_service
[13.427s] Level 1:colcon.colcon_core.environment:create_environment_scripts_only(cpp02_service)
[13.427s] Level 1:colcon.colcon_core.environment:checking '/home/loser/ws01_plumbing/install/cpp02_service' for CMake module files
[13.428s] DEBUG:colcon.colcon_core.event_handler.log_command:Invoked command in '/home/loser/ws01_plumbing/build/cpp02_service' returned '0': AMENT_PREFIX_PATH=/home/loser/ws01_plumbing/install/base_interfaces_demo:${AMENT_PREFIX_PATH} CMAKE_PREFIX_PATH=/home/loser/ws01_plumbing/install/base_interfaces_demo:/opt/ros/jazzy/opt/gz_sim_vendor:/opt/ros/jazzy/opt/gz_sensors_vendor:/opt/ros/jazzy/opt/gz_physics_vendor:/opt/ros/jazzy/opt/sdformat_vendor:/opt/ros/jazzy/opt/gz_gui_vendor:/opt/ros/jazzy/opt/gz_transport_vendor:/opt/ros/jazzy/opt/gz_rendering_vendor:/opt/ros/jazzy/opt/gz_plugin_vendor:/opt/ros/jazzy/opt/gz_fuel_tools_vendor:/opt/ros/jazzy/opt/gz_msgs_vendor:/opt/ros/jazzy/opt/gz_common_vendor:/opt/ros/jazzy/opt/gz_math_vendor:/opt/ros/jazzy/opt/gz_utils_vendor:/opt/ros/jazzy/opt/gz_tools_vendor:/opt/ros/jazzy/opt/gz_ogre_next_vendor:/opt/ros/jazzy/opt/gz_dartsim_vendor:/opt/ros/jazzy/opt/gz_cmake_vendor:/opt/ros/jazzy DEBUGINFOD_URLS=https://debuginfod.ubuntu.com LD_LIBRARY_PATH=/home/loser/ws01_plumbing/install/base_interfaces_demo/lib:${LD_LIBRARY_PATH} PYTHONPATH=/home/loser/ws01_plumbing/install/base_interfaces_demo/lib/python3.12/site-packages:${PYTHONPATH} /usr/bin/cmake --install /home/loser/ws01_plumbing/build/cpp02_service
[13.428s] Level 1:colcon.colcon_core.environment:checking '/home/loser/ws01_plumbing/install/cpp02_service' for CMake config files
[13.428s] Level 1:colcon.colcon_core.shell:create_environment_hook('cpp02_service', 'cmake_prefix_path')
[13.428s] INFO:colcon.colcon_core.shell:Creating environment hook '/home/loser/ws01_plumbing/install/cpp02_service/share/cpp02_service/hook/cmake_prefix_path.ps1'
[13.428s] INFO:colcon.colcon_core.shell:Creating environment descriptor '/home/loser/ws01_plumbing/install/cpp02_service/share/cpp02_service/hook/cmake_prefix_path.dsv'
[13.429s] INFO:colcon.colcon_core.shell:Creating environment hook '/home/loser/ws01_plumbing/install/cpp02_service/share/cpp02_service/hook/cmake_prefix_path.sh'
[13.429s] Level 1:colcon.colcon_core.environment:checking '/home/loser/ws01_plumbing/install/cpp02_service/lib'
[13.429s] Level 1:colcon.colcon_core.environment:checking '/home/loser/ws01_plumbing/install/cpp02_service/bin'
[13.429s] Level 1:colcon.colcon_core.environment:checking '/home/loser/ws01_plumbing/install/cpp02_service/lib/pkgconfig/cpp02_service.pc'
[13.429s] Level 1:colcon.colcon_core.environment:checking '/home/loser/ws01_plumbing/install/cpp02_service/lib/python3.12/site-packages'
[13.429s] Level 1:colcon.colcon_core.environment:checking '/home/loser/ws01_plumbing/install/cpp02_service/bin'
[13.429s] INFO:colcon.colcon_core.shell:Creating package script '/home/loser/ws01_plumbing/install/cpp02_service/share/cpp02_service/package.ps1'
[13.430s] INFO:colcon.colcon_core.shell:Creating package descriptor '/home/loser/ws01_plumbing/install/cpp02_service/share/cpp02_service/package.dsv'
[13.430s] INFO:colcon.colcon_core.shell:Creating package script '/home/loser/ws01_plumbing/install/cpp02_service/share/cpp02_service/package.sh'
[13.430s] INFO:colcon.colcon_core.shell:Creating package script '/home/loser/ws01_plumbing/install/cpp02_service/share/cpp02_service/package.bash'
[13.430s] INFO:colcon.colcon_core.shell:Creating package script '/home/loser/ws01_plumbing/install/cpp02_service/share/cpp02_service/package.zsh'
[13.430s] Level 1:colcon.colcon_core.environment:create_file_with_runtime_dependencies(/home/loser/ws01_plumbing/install/cpp02_service/share/colcon-core/packages/cpp02_service)
[13.431s] Level 1:colcon.colcon_core.environment:create_environment_scripts_only(cpp02_service)
[13.431s] Level 1:colcon.colcon_core.environment:checking '/home/loser/ws01_plumbing/install/cpp02_service' for CMake module files
[13.431s] Level 1:colcon.colcon_core.environment:checking '/home/loser/ws01_plumbing/install/cpp02_service' for CMake config files
[13.431s] Level 1:colcon.colcon_core.shell:create_environment_hook('cpp02_service', 'cmake_prefix_path')
[13.431s] INFO:colcon.colcon_core.shell:Creating environment hook '/home/loser/ws01_plumbing/install/cpp02_service/share/cpp02_service/hook/cmake_prefix_path.ps1'
[13.431s] INFO:colcon.colcon_core.shell:Creating environment descriptor '/home/loser/ws01_plumbing/install/cpp02_service/share/cpp02_service/hook/cmake_prefix_path.dsv'
[13.437s] INFO:colcon.colcon_core.shell:Creating environment hook '/home/loser/ws01_plumbing/install/cpp02_service/share/cpp02_service/hook/cmake_prefix_path.sh'
[13.438s] Level 1:colcon.colcon_core.environment:checking '/home/loser/ws01_plumbing/install/cpp02_service/lib'
[13.438s] Level 1:colcon.colcon_core.environment:checking '/home/loser/ws01_plumbing/install/cpp02_service/bin'
[13.438s] Level 1:colcon.colcon_core.environment:checking '/home/loser/ws01_plumbing/install/cpp02_service/lib/pkgconfig/cpp02_service.pc'
[13.438s] Level 1:colcon.colcon_core.environment:checking '/home/loser/ws01_plumbing/install/cpp02_service/lib/python3.12/site-packages'
[13.438s] Level 1:colcon.colcon_core.environment:checking '/home/loser/ws01_plumbing/install/cpp02_service/bin'
[13.438s] INFO:colcon.colcon_core.shell:Creating package script '/home/loser/ws01_plumbing/install/cpp02_service/share/cpp02_service/package.ps1'
[13.439s] INFO:colcon.colcon_core.shell:Creating package descriptor '/home/loser/ws01_plumbing/install/cpp02_service/share/cpp02_service/package.dsv'
[13.442s] INFO:colcon.colcon_core.shell:Creating package script '/home/loser/ws01_plumbing/install/cpp02_service/share/cpp02_service/package.sh'
[13.446s] INFO:colcon.colcon_core.shell:Creating package script '/home/loser/ws01_plumbing/install/cpp02_service/share/cpp02_service/package.bash'
[13.446s] INFO:colcon.colcon_core.shell:Creating package script '/home/loser/ws01_plumbing/install/cpp02_service/share/cpp02_service/package.zsh'
[13.447s] Level 1:colcon.colcon_core.environment:create_file_with_runtime_dependencies(/home/loser/ws01_plumbing/install/cpp02_service/share/colcon-core/packages/cpp02_service)
[14.614s] DEBUG:colcon.colcon_core.event_handler.log_command:Invoked command in '/home/loser/ws01_plumbing/build/cpp03_action' returned '2': AMENT_PREFIX_PATH=/home/loser/ws01_plumbing/install/base_interfaces_demo:${AMENT_PREFIX_PATH} CMAKE_PREFIX_PATH=/home/loser/ws01_plumbing/install/base_interfaces_demo:/opt/ros/jazzy/opt/gz_sim_vendor:/opt/ros/jazzy/opt/gz_sensors_vendor:/opt/ros/jazzy/opt/gz_physics_vendor:/opt/ros/jazzy/opt/sdformat_vendor:/opt/ros/jazzy/opt/gz_gui_vendor:/opt/ros/jazzy/opt/gz_transport_vendor:/opt/ros/jazzy/opt/gz_rendering_vendor:/opt/ros/jazzy/opt/gz_plugin_vendor:/opt/ros/jazzy/opt/gz_fuel_tools_vendor:/opt/ros/jazzy/opt/gz_msgs_vendor:/opt/ros/jazzy/opt/gz_common_vendor:/opt/ros/jazzy/opt/gz_math_vendor:/opt/ros/jazzy/opt/gz_utils_vendor:/opt/ros/jazzy/opt/gz_tools_vendor:/opt/ros/jazzy/opt/gz_ogre_next_vendor:/opt/ros/jazzy/opt/gz_dartsim_vendor:/opt/ros/jazzy/opt/gz_cmake_vendor:/opt/ros/jazzy DEBUGINFOD_URLS=https://debuginfod.ubuntu.com LD_LIBRARY_PATH=/home/loser/ws01_plumbing/install/base_interfaces_demo/lib:${LD_LIBRARY_PATH} PYTHONPATH=/home/loser/ws01_plumbing/install/base_interfaces_demo/lib/python3.12/site-packages:${PYTHONPATH} /usr/bin/cmake --build /home/loser/ws01_plumbing/build/cpp03_action -- -j4 -l4
[14.615s] Level 1:colcon.colcon_core.environment:create_environment_scripts_only(cpp03_action)
[14.615s] Level 1:colcon.colcon_core.environment:checking '/home/loser/ws01_plumbing/install/cpp03_action' for CMake module files
[14.616s] Level 1:colcon.colcon_core.environment:checking '/home/loser/ws01_plumbing/install/cpp03_action' for CMake config files
[14.616s] Level 1:colcon.colcon_core.environment:checking '/home/loser/ws01_plumbing/install/cpp03_action/bin'
[14.616s] Level 1:colcon.colcon_core.environment:checking '/home/loser/ws01_plumbing/install/cpp03_action/lib/pkgconfig/cpp03_action.pc'
[14.616s] Level 1:colcon.colcon_core.environment:checking '/home/loser/ws01_plumbing/install/cpp03_action/lib/python3.12/site-packages'
[14.616s] Level 1:colcon.colcon_core.environment:checking '/home/loser/ws01_plumbing/install/cpp03_action/bin'
[14.616s] INFO:colcon.colcon_core.shell:Creating package script '/home/loser/ws01_plumbing/install/cpp03_action/share/cpp03_action/package.ps1'
[14.616s] INFO:colcon.colcon_core.shell:Creating package descriptor '/home/loser/ws01_plumbing/install/cpp03_action/share/cpp03_action/package.dsv'
[14.617s] INFO:colcon.colcon_core.shell:Creating package script '/home/loser/ws01_plumbing/install/cpp03_action/share/cpp03_action/package.sh'
[14.617s] INFO:colcon.colcon_core.shell:Creating package script '/home/loser/ws01_plumbing/install/cpp03_action/share/cpp03_action/package.bash'
[14.617s] INFO:colcon.colcon_core.shell:Creating package script '/home/loser/ws01_plumbing/install/cpp03_action/share/cpp03_action/package.zsh'
[14.617s] Level 1:colcon.colcon_core.environment:create_file_with_runtime_dependencies(/home/loser/ws01_plumbing/install/cpp03_action/share/colcon-core/packages/cpp03_action)
[17.234s] DEBUG:colcon.colcon_parallel_executor.executor.parallel:closing loop
[17.234s] DEBUG:colcon.colcon_parallel_executor.executor.parallel:loop closed
[17.234s] DEBUG:colcon.colcon_parallel_executor.executor.parallel:run_until_complete finished with '2'
[17.235s] DEBUG:colcon.colcon_core.event_reactor:joining thread
[17.248s] INFO:colcon.colcon_core.plugin_system:Skipping extension 'colcon_notification.desktop_notification.terminal_notifier': Not used on non-Darwin systems
[17.248s] INFO:colcon.colcon_core.plugin_system:Skipping extension 'colcon_notification.desktop_notification.win32': Not used on non-Windows systems
[17.248s] INFO:colcon.colcon_notification.desktop_notification:Sending desktop notification using 'notify2'
[17.259s] DEBUG:colcon.colcon_core.event_reactor:joined thread
[17.259s] INFO:colcon.colcon_core.shell:Creating prefix script '/home/loser/ws01_plumbing/install/local_setup.ps1'
[17.260s] INFO:colcon.colcon_core.shell:Creating prefix util module '/home/loser/ws01_plumbing/install/_local_setup_util_ps1.py'
[17.260s] INFO:colcon.colcon_core.shell:Creating prefix chain script '/home/loser/ws01_plumbing/install/setup.ps1'
[17.261s] INFO:colcon.colcon_core.shell:Creating prefix script '/home/loser/ws01_plumbing/install/local_setup.sh'
[17.261s] INFO:colcon.colcon_core.shell:Creating prefix util module '/home/loser/ws01_plumbing/install/_local_setup_util_sh.py'
[17.261s] INFO:colcon.colcon_core.shell:Creating prefix chain script '/home/loser/ws01_plumbing/install/setup.sh'
[17.262s] INFO:colcon.colcon_core.shell:Creating prefix script '/home/loser/ws01_plumbing/install/local_setup.bash'
[17.262s] INFO:colcon.colcon_core.shell:Creating prefix chain script '/home/loser/ws01_plumbing/install/setup.bash'
[17.262s] INFO:colcon.colcon_core.shell:Creating prefix script '/home/loser/ws01_plumbing/install/local_setup.zsh'
[17.263s] INFO:colcon.colcon_core.shell:Creating prefix chain script '/home/loser/ws01_plumbing/install/setup.zsh'
