[0.105s] DEBUG:colcon:Command line arguments: ['/usr/bin/colcon', 'build']
[0.105s] DEBUG:colcon:Parsed command line arguments: Namespace(log_base=None, log_level=None, verb_name='build', build_base='build', install_base='install', merge_install=False, symlink_install=False, test_result_base=None, continue_on_error=False, executor='parallel', parallel_workers=4, event_handlers=None, ignore_user_meta=False, metas=['./colcon.meta'], base_paths=['.'], packages_ignore=None, packages_ignore_regex=None, paths=None, packages_up_to=None, packages_up_to_regex=None, packages_above=None, packages_above_and_dependencies=None, packages_above_depth=None, packages_select_by_dep=None, packages_skip_by_dep=None, packages_skip_up_to=None, packages_select_build_failed=False, packages_skip_build_finished=False, packages_select_test_failures=False, packages_skip_test_passed=False, packages_select=None, packages_skip=None, packages_select_regex=None, packages_skip_regex=None, packages_start=None, packages_end=None, allow_overriding=[], cmake_args=None, cmake_target=None, cmake_target_skip_unavailable=False, cmake_clean_cache=False, cmake_clean_first=False, cmake_force_configure=False, ament_cmake_args=None, catkin_cmake_args=None, catkin_skip_building_tests=False, verb_parser=<colcon_defaults.argument_parser.defaults.DefaultArgumentsDecorator object at 0x7336dec50c40>, verb_extension=<colcon_core.verb.build.BuildVerb object at 0x7336ded4a020>, main=<bound method BuildVerb.main of <colcon_core.verb.build.BuildVerb object at 0x7336ded4a020>>)
[0.243s] Level 1:colcon.colcon_core.package_discovery:discover_packages(colcon_meta) check parameters
[0.243s] Level 1:colcon.colcon_core.package_discovery:discover_packages(recursive) check parameters
[0.243s] Level 1:colcon.colcon_core.package_discovery:discover_packages(ignore) check parameters
[0.243s] Level 1:colcon.colcon_core.package_discovery:discover_packages(path) check parameters
[0.243s] Level 1:colcon.colcon_core.package_discovery:discover_packages(colcon_meta) discover
[0.243s] Level 1:colcon.colcon_core.package_discovery:discover_packages(recursive) discover
[0.243s] INFO:colcon.colcon_core.package_discovery:Crawling recursively for packages in '/home/loser/ws01_plumbing'
[0.243s] Level 1:colcon.colcon_core.package_identification:_identify(.) by extensions ['ignore', 'ignore_ament_install']
[0.244s] Level 1:colcon.colcon_core.package_identification:_identify(.) by extension 'ignore'
[0.244s] Level 1:colcon.colcon_core.package_identification:_identify(.) by extension 'ignore_ament_install'
[0.244s] Level 1:colcon.colcon_core.package_identification:_identify(.) by extensions ['colcon_pkg']
[0.244s] Level 1:colcon.colcon_core.package_identification:_identify(.) by extension 'colcon_pkg'
[0.244s] Level 1:colcon.colcon_core.package_identification:_identify(.) by extensions ['colcon_meta']
[0.244s] Level 1:colcon.colcon_core.package_identification:_identify(.) by extension 'colcon_meta'
[0.244s] Level 1:colcon.colcon_core.package_identification:_identify(.) by extensions ['ros']
[0.244s] Level 1:colcon.colcon_core.package_identification:_identify(.) by extension 'ros'
[0.252s] Level 1:colcon.colcon_core.package_identification:_identify(.) by extensions ['cmake', 'python']
[0.252s] Level 1:colcon.colcon_core.package_identification:_identify(.) by extension 'cmake'
[0.252s] Level 1:colcon.colcon_core.package_identification:_identify(.) by extension 'python'
[0.252s] Level 1:colcon.colcon_core.package_identification:_identify(.) by extensions ['python_setup_py']
[0.252s] Level 1:colcon.colcon_core.package_identification:_identify(.) by extension 'python_setup_py'
[0.253s] Level 1:colcon.colcon_core.package_identification:_identify(build) by extensions ['ignore', 'ignore_ament_install']
[0.253s] Level 1:colcon.colcon_core.package_identification:_identify(build) by extension 'ignore'
[0.253s] Level 1:colcon.colcon_core.package_identification:_identify(build) ignored
[0.253s] Level 1:colcon.colcon_core.package_identification:_identify(install) by extensions ['ignore', 'ignore_ament_install']
[0.253s] Level 1:colcon.colcon_core.package_identification:_identify(install) by extension 'ignore'
[0.253s] Level 1:colcon.colcon_core.package_identification:_identify(install) ignored
[0.253s] Level 1:colcon.colcon_core.package_identification:_identify(log) by extensions ['ignore', 'ignore_ament_install']
[0.253s] Level 1:colcon.colcon_core.package_identification:_identify(log) by extension 'ignore'
[0.253s] Level 1:colcon.colcon_core.package_identification:_identify(log) ignored
[0.253s] Level 1:colcon.colcon_core.package_identification:_identify(src) by extensions ['ignore', 'ignore_ament_install']
[0.253s] Level 1:colcon.colcon_core.package_identification:_identify(src) by extension 'ignore'
[0.253s] Level 1:colcon.colcon_core.package_identification:_identify(src) by extension 'ignore_ament_install'
[0.253s] Level 1:colcon.colcon_core.package_identification:_identify(src) by extensions ['colcon_pkg']
[0.253s] Level 1:colcon.colcon_core.package_identification:_identify(src) by extension 'colcon_pkg'
[0.253s] Level 1:colcon.colcon_core.package_identification:_identify(src) by extensions ['colcon_meta']
[0.253s] Level 1:colcon.colcon_core.package_identification:_identify(src) by extension 'colcon_meta'
[0.253s] Level 1:colcon.colcon_core.package_identification:_identify(src) by extensions ['ros']
[0.253s] Level 1:colcon.colcon_core.package_identification:_identify(src) by extension 'ros'
[0.253s] Level 1:colcon.colcon_core.package_identification:_identify(src) by extensions ['cmake', 'python']
[0.253s] Level 1:colcon.colcon_core.package_identification:_identify(src) by extension 'cmake'
[0.253s] Level 1:colcon.colcon_core.package_identification:_identify(src) by extension 'python'
[0.253s] Level 1:colcon.colcon_core.package_identification:_identify(src) by extensions ['python_setup_py']
[0.253s] Level 1:colcon.colcon_core.package_identification:_identify(src) by extension 'python_setup_py'
[0.253s] Level 1:colcon.colcon_core.package_identification:_identify(src/base_interfaces_demo) by extensions ['ignore', 'ignore_ament_install']
[0.253s] Level 1:colcon.colcon_core.package_identification:_identify(src/base_interfaces_demo) by extension 'ignore'
[0.253s] Level 1:colcon.colcon_core.package_identification:_identify(src/base_interfaces_demo) by extension 'ignore_ament_install'
[0.254s] Level 1:colcon.colcon_core.package_identification:_identify(src/base_interfaces_demo) by extensions ['colcon_pkg']
[0.254s] Level 1:colcon.colcon_core.package_identification:_identify(src/base_interfaces_demo) by extension 'colcon_pkg'
[0.254s] Level 1:colcon.colcon_core.package_identification:_identify(src/base_interfaces_demo) by extensions ['colcon_meta']
[0.254s] Level 1:colcon.colcon_core.package_identification:_identify(src/base_interfaces_demo) by extension 'colcon_meta'
[0.254s] Level 1:colcon.colcon_core.package_identification:_identify(src/base_interfaces_demo) by extensions ['ros']
[0.254s] Level 1:colcon.colcon_core.package_identification:_identify(src/base_interfaces_demo) by extension 'ros'
[0.255s] DEBUG:colcon.colcon_core.package_identification:Package 'src/base_interfaces_demo' with type 'ros.ament_cmake' and name 'base_interfaces_demo'
[0.255s] Level 1:colcon.colcon_core.package_identification:_identify(src/cpp01_topic) by extensions ['ignore', 'ignore_ament_install']
[0.256s] Level 1:colcon.colcon_core.package_identification:_identify(src/cpp01_topic) by extension 'ignore'
[0.256s] Level 1:colcon.colcon_core.package_identification:_identify(src/cpp01_topic) by extension 'ignore_ament_install'
[0.256s] Level 1:colcon.colcon_core.package_identification:_identify(src/cpp01_topic) by extensions ['colcon_pkg']
[0.256s] Level 1:colcon.colcon_core.package_identification:_identify(src/cpp01_topic) by extension 'colcon_pkg'
[0.256s] Level 1:colcon.colcon_core.package_identification:_identify(src/cpp01_topic) by extensions ['colcon_meta']
[0.256s] Level 1:colcon.colcon_core.package_identification:_identify(src/cpp01_topic) by extension 'colcon_meta'
[0.256s] Level 1:colcon.colcon_core.package_identification:_identify(src/cpp01_topic) by extensions ['ros']
[0.256s] Level 1:colcon.colcon_core.package_identification:_identify(src/cpp01_topic) by extension 'ros'
[0.256s] DEBUG:colcon.colcon_core.package_identification:Package 'src/cpp01_topic' with type 'ros.ament_cmake' and name 'cpp01_topic'
[0.256s] Level 1:colcon.colcon_core.package_identification:_identify(src/cpp02_service) by extensions ['ignore', 'ignore_ament_install']
[0.256s] Level 1:colcon.colcon_core.package_identification:_identify(src/cpp02_service) by extension 'ignore'
[0.256s] Level 1:colcon.colcon_core.package_identification:_identify(src/cpp02_service) by extension 'ignore_ament_install'
[0.256s] Level 1:colcon.colcon_core.package_identification:_identify(src/cpp02_service) by extensions ['colcon_pkg']
[0.256s] Level 1:colcon.colcon_core.package_identification:_identify(src/cpp02_service) by extension 'colcon_pkg'
[0.256s] Level 1:colcon.colcon_core.package_identification:_identify(src/cpp02_service) by extensions ['colcon_meta']
[0.256s] Level 1:colcon.colcon_core.package_identification:_identify(src/cpp02_service) by extension 'colcon_meta'
[0.256s] Level 1:colcon.colcon_core.package_identification:_identify(src/cpp02_service) by extensions ['ros']
[0.257s] Level 1:colcon.colcon_core.package_identification:_identify(src/cpp02_service) by extension 'ros'
[0.257s] DEBUG:colcon.colcon_core.package_identification:Package 'src/cpp02_service' with type 'ros.ament_cmake' and name 'cpp02_service'
[0.257s] Level 1:colcon.colcon_core.package_identification:_identify(src/py01_topic) by extensions ['ignore', 'ignore_ament_install']
[0.257s] Level 1:colcon.colcon_core.package_identification:_identify(src/py01_topic) by extension 'ignore'
[0.257s] Level 1:colcon.colcon_core.package_identification:_identify(src/py01_topic) by extension 'ignore_ament_install'
[0.257s] Level 1:colcon.colcon_core.package_identification:_identify(src/py01_topic) by extensions ['colcon_pkg']
[0.257s] Level 1:colcon.colcon_core.package_identification:_identify(src/py01_topic) by extension 'colcon_pkg'
[0.257s] Level 1:colcon.colcon_core.package_identification:_identify(src/py01_topic) by extensions ['colcon_meta']
[0.257s] Level 1:colcon.colcon_core.package_identification:_identify(src/py01_topic) by extension 'colcon_meta'
[0.257s] Level 1:colcon.colcon_core.package_identification:_identify(src/py01_topic) by extensions ['ros']
[0.257s] Level 1:colcon.colcon_core.package_identification:_identify(src/py01_topic) by extension 'ros'
[0.258s] DEBUG:colcon.colcon_core.package_identification:Package 'src/py01_topic' with type 'ros.ament_python' and name 'py01_topic'
[0.258s] Level 1:colcon.colcon_core.package_identification:_identify(src/py02_service) by extensions ['ignore', 'ignore_ament_install']
[0.258s] Level 1:colcon.colcon_core.package_identification:_identify(src/py02_service) by extension 'ignore'
[0.258s] Level 1:colcon.colcon_core.package_identification:_identify(src/py02_service) by extension 'ignore_ament_install'
[0.258s] Level 1:colcon.colcon_core.package_identification:_identify(src/py02_service) by extensions ['colcon_pkg']
[0.258s] Level 1:colcon.colcon_core.package_identification:_identify(src/py02_service) by extension 'colcon_pkg'
[0.258s] Level 1:colcon.colcon_core.package_identification:_identify(src/py02_service) by extensions ['colcon_meta']
[0.258s] Level 1:colcon.colcon_core.package_identification:_identify(src/py02_service) by extension 'colcon_meta'
[0.258s] Level 1:colcon.colcon_core.package_identification:_identify(src/py02_service) by extensions ['ros']
[0.258s] Level 1:colcon.colcon_core.package_identification:_identify(src/py02_service) by extension 'ros'
[0.258s] DEBUG:colcon.colcon_core.package_identification:Package 'src/py02_service' with type 'ros.ament_python' and name 'py02_service'
[0.258s] Level 1:colcon.colcon_core.package_discovery:discover_packages(recursive) using defaults
[0.258s] Level 1:colcon.colcon_core.package_discovery:discover_packages(ignore) discover
[0.258s] Level 1:colcon.colcon_core.package_discovery:discover_packages(ignore) using defaults
[0.258s] Level 1:colcon.colcon_core.package_discovery:discover_packages(path) discover
[0.258s] Level 1:colcon.colcon_core.package_discovery:discover_packages(path) using defaults
[0.282s] Level 1:colcon.colcon_core.package_discovery:discover_packages(prefix_path) check parameters
[0.282s] Level 1:colcon.colcon_core.package_discovery:discover_packages(prefix_path) discover
[0.284s] DEBUG:colcon.colcon_installed_package_information.package_discovery:Found 5 installed packages in /home/loser/ws01_plumbing/install
[0.285s] DEBUG:colcon.colcon_installed_package_information.package_discovery:Found 319 installed packages in /opt/ros/humble
[0.286s] Level 1:colcon.colcon_core.package_discovery:discover_packages(prefix_path) using defaults
[0.314s] Level 5:colcon.colcon_core.verb:set package 'base_interfaces_demo' build argument 'cmake_args' from command line to 'None'
[0.314s] Level 5:colcon.colcon_core.verb:set package 'base_interfaces_demo' build argument 'cmake_target' from command line to 'None'
[0.314s] Level 5:colcon.colcon_core.verb:set package 'base_interfaces_demo' build argument 'cmake_target_skip_unavailable' from command line to 'False'
[0.314s] Level 5:colcon.colcon_core.verb:set package 'base_interfaces_demo' build argument 'cmake_clean_cache' from command line to 'False'
[0.314s] Level 5:colcon.colcon_core.verb:set package 'base_interfaces_demo' build argument 'cmake_clean_first' from command line to 'False'
[0.314s] Level 5:colcon.colcon_core.verb:set package 'base_interfaces_demo' build argument 'cmake_force_configure' from command line to 'False'
[0.314s] Level 5:colcon.colcon_core.verb:set package 'base_interfaces_demo' build argument 'ament_cmake_args' from command line to 'None'
[0.314s] Level 5:colcon.colcon_core.verb:set package 'base_interfaces_demo' build argument 'catkin_cmake_args' from command line to 'None'
[0.314s] Level 5:colcon.colcon_core.verb:set package 'base_interfaces_demo' build argument 'catkin_skip_building_tests' from command line to 'False'
[0.314s] DEBUG:colcon.colcon_core.verb:Building package 'base_interfaces_demo' with the following arguments: {'ament_cmake_args': None, 'build_base': '/home/loser/ws01_plumbing/build/base_interfaces_demo', 'catkin_cmake_args': None, 'catkin_skip_building_tests': False, 'cmake_args': None, 'cmake_clean_cache': False, 'cmake_clean_first': False, 'cmake_force_configure': False, 'cmake_target': None, 'cmake_target_skip_unavailable': False, 'install_base': '/home/loser/ws01_plumbing/install/base_interfaces_demo', 'merge_install': False, 'path': '/home/loser/ws01_plumbing/src/base_interfaces_demo', 'symlink_install': False, 'test_result_base': None}
[0.314s] Level 5:colcon.colcon_core.verb:set package 'cpp01_topic' build argument 'cmake_args' from command line to 'None'
[0.314s] Level 5:colcon.colcon_core.verb:set package 'cpp01_topic' build argument 'cmake_target' from command line to 'None'
[0.314s] Level 5:colcon.colcon_core.verb:set package 'cpp01_topic' build argument 'cmake_target_skip_unavailable' from command line to 'False'
[0.314s] Level 5:colcon.colcon_core.verb:set package 'cpp01_topic' build argument 'cmake_clean_cache' from command line to 'False'
[0.315s] Level 5:colcon.colcon_core.verb:set package 'cpp01_topic' build argument 'cmake_clean_first' from command line to 'False'
[0.315s] Level 5:colcon.colcon_core.verb:set package 'cpp01_topic' build argument 'cmake_force_configure' from command line to 'False'
[0.315s] Level 5:colcon.colcon_core.verb:set package 'cpp01_topic' build argument 'ament_cmake_args' from command line to 'None'
[0.315s] Level 5:colcon.colcon_core.verb:set package 'cpp01_topic' build argument 'catkin_cmake_args' from command line to 'None'
[0.315s] Level 5:colcon.colcon_core.verb:set package 'cpp01_topic' build argument 'catkin_skip_building_tests' from command line to 'False'
[0.315s] DEBUG:colcon.colcon_core.verb:Building package 'cpp01_topic' with the following arguments: {'ament_cmake_args': None, 'build_base': '/home/loser/ws01_plumbing/build/cpp01_topic', 'catkin_cmake_args': None, 'catkin_skip_building_tests': False, 'cmake_args': None, 'cmake_clean_cache': False, 'cmake_clean_first': False, 'cmake_force_configure': False, 'cmake_target': None, 'cmake_target_skip_unavailable': False, 'install_base': '/home/loser/ws01_plumbing/install/cpp01_topic', 'merge_install': False, 'path': '/home/loser/ws01_plumbing/src/cpp01_topic', 'symlink_install': False, 'test_result_base': None}
[0.315s] Level 5:colcon.colcon_core.verb:set package 'cpp02_service' build argument 'cmake_args' from command line to 'None'
[0.315s] Level 5:colcon.colcon_core.verb:set package 'cpp02_service' build argument 'cmake_target' from command line to 'None'
[0.315s] Level 5:colcon.colcon_core.verb:set package 'cpp02_service' build argument 'cmake_target_skip_unavailable' from command line to 'False'
[0.315s] Level 5:colcon.colcon_core.verb:set package 'cpp02_service' build argument 'cmake_clean_cache' from command line to 'False'
[0.315s] Level 5:colcon.colcon_core.verb:set package 'cpp02_service' build argument 'cmake_clean_first' from command line to 'False'
[0.315s] Level 5:colcon.colcon_core.verb:set package 'cpp02_service' build argument 'cmake_force_configure' from command line to 'False'
[0.315s] Level 5:colcon.colcon_core.verb:set package 'cpp02_service' build argument 'ament_cmake_args' from command line to 'None'
[0.315s] Level 5:colcon.colcon_core.verb:set package 'cpp02_service' build argument 'catkin_cmake_args' from command line to 'None'
[0.315s] Level 5:colcon.colcon_core.verb:set package 'cpp02_service' build argument 'catkin_skip_building_tests' from command line to 'False'
[0.315s] DEBUG:colcon.colcon_core.verb:Building package 'cpp02_service' with the following arguments: {'ament_cmake_args': None, 'build_base': '/home/loser/ws01_plumbing/build/cpp02_service', 'catkin_cmake_args': None, 'catkin_skip_building_tests': False, 'cmake_args': None, 'cmake_clean_cache': False, 'cmake_clean_first': False, 'cmake_force_configure': False, 'cmake_target': None, 'cmake_target_skip_unavailable': False, 'install_base': '/home/loser/ws01_plumbing/install/cpp02_service', 'merge_install': False, 'path': '/home/loser/ws01_plumbing/src/cpp02_service', 'symlink_install': False, 'test_result_base': None}
[0.315s] Level 5:colcon.colcon_core.verb:set package 'py01_topic' build argument 'cmake_args' from command line to 'None'
[0.315s] Level 5:colcon.colcon_core.verb:set package 'py01_topic' build argument 'cmake_target' from command line to 'None'
[0.315s] Level 5:colcon.colcon_core.verb:set package 'py01_topic' build argument 'cmake_target_skip_unavailable' from command line to 'False'
[0.315s] Level 5:colcon.colcon_core.verb:set package 'py01_topic' build argument 'cmake_clean_cache' from command line to 'False'
[0.315s] Level 5:colcon.colcon_core.verb:set package 'py01_topic' build argument 'cmake_clean_first' from command line to 'False'
[0.315s] Level 5:colcon.colcon_core.verb:set package 'py01_topic' build argument 'cmake_force_configure' from command line to 'False'
[0.315s] Level 5:colcon.colcon_core.verb:set package 'py01_topic' build argument 'ament_cmake_args' from command line to 'None'
[0.315s] Level 5:colcon.colcon_core.verb:set package 'py01_topic' build argument 'catkin_cmake_args' from command line to 'None'
[0.315s] Level 5:colcon.colcon_core.verb:set package 'py01_topic' build argument 'catkin_skip_building_tests' from command line to 'False'
[0.315s] DEBUG:colcon.colcon_core.verb:Building package 'py01_topic' with the following arguments: {'ament_cmake_args': None, 'build_base': '/home/loser/ws01_plumbing/build/py01_topic', 'catkin_cmake_args': None, 'catkin_skip_building_tests': False, 'cmake_args': None, 'cmake_clean_cache': False, 'cmake_clean_first': False, 'cmake_force_configure': False, 'cmake_target': None, 'cmake_target_skip_unavailable': False, 'install_base': '/home/loser/ws01_plumbing/install/py01_topic', 'merge_install': False, 'path': '/home/loser/ws01_plumbing/src/py01_topic', 'symlink_install': False, 'test_result_base': None}
[0.316s] Level 5:colcon.colcon_core.verb:set package 'py02_service' build argument 'cmake_args' from command line to 'None'
[0.316s] Level 5:colcon.colcon_core.verb:set package 'py02_service' build argument 'cmake_target' from command line to 'None'
[0.316s] Level 5:colcon.colcon_core.verb:set package 'py02_service' build argument 'cmake_target_skip_unavailable' from command line to 'False'
[0.316s] Level 5:colcon.colcon_core.verb:set package 'py02_service' build argument 'cmake_clean_cache' from command line to 'False'
[0.316s] Level 5:colcon.colcon_core.verb:set package 'py02_service' build argument 'cmake_clean_first' from command line to 'False'
[0.316s] Level 5:colcon.colcon_core.verb:set package 'py02_service' build argument 'cmake_force_configure' from command line to 'False'
[0.316s] Level 5:colcon.colcon_core.verb:set package 'py02_service' build argument 'ament_cmake_args' from command line to 'None'
[0.316s] Level 5:colcon.colcon_core.verb:set package 'py02_service' build argument 'catkin_cmake_args' from command line to 'None'
[0.316s] Level 5:colcon.colcon_core.verb:set package 'py02_service' build argument 'catkin_skip_building_tests' from command line to 'False'
[0.316s] DEBUG:colcon.colcon_core.verb:Building package 'py02_service' with the following arguments: {'ament_cmake_args': None, 'build_base': '/home/loser/ws01_plumbing/build/py02_service', 'catkin_cmake_args': None, 'catkin_skip_building_tests': False, 'cmake_args': None, 'cmake_clean_cache': False, 'cmake_clean_first': False, 'cmake_force_configure': False, 'cmake_target': None, 'cmake_target_skip_unavailable': False, 'install_base': '/home/loser/ws01_plumbing/install/py02_service', 'merge_install': False, 'path': '/home/loser/ws01_plumbing/src/py02_service', 'symlink_install': False, 'test_result_base': None}
[0.316s] INFO:colcon.colcon_core.executor:Executing jobs using 'parallel' executor
[0.317s] DEBUG:colcon.colcon_parallel_executor.executor.parallel:run_until_complete
[0.317s] INFO:colcon.colcon_ros.task.ament_cmake.build:Building ROS package in '/home/loser/ws01_plumbing/src/base_interfaces_demo' with build type 'ament_cmake'
[0.317s] INFO:colcon.colcon_cmake.task.cmake.build:Building CMake package in '/home/loser/ws01_plumbing/src/base_interfaces_demo'
[0.319s] INFO:colcon.colcon_core.plugin_system:Skipping extension 'colcon_core.shell.bat': Not used on non-Windows systems
[0.319s] INFO:colcon.colcon_core.shell:Skip shell extension 'powershell' for command environment: Not usable outside of PowerShell
[0.319s] DEBUG:colcon.colcon_core.shell:Skip shell extension 'dsv' for command environment
[0.332s] DEBUG:colcon.colcon_core.event_handler.log_command:Invoking command in '/home/loser/ws01_plumbing/build/base_interfaces_demo': CMAKE_PREFIX_PATH=${CMAKE_PREFIX_PATH}:/home/loser/ws01_plumbing/install/py02_service:/home/loser/ws01_plumbing/install/py01_topic:/opt/ros/humble /usr/bin/cmake --build /home/loser/ws01_plumbing/build/base_interfaces_demo -- -j4 -l4
[0.611s] DEBUG:colcon.colcon_core.event_handler.log_command:Invoked command in '/home/loser/ws01_plumbing/build/base_interfaces_demo' returned '0': CMAKE_PREFIX_PATH=${CMAKE_PREFIX_PATH}:/home/loser/ws01_plumbing/install/py02_service:/home/loser/ws01_plumbing/install/py01_topic:/opt/ros/humble /usr/bin/cmake --build /home/loser/ws01_plumbing/build/base_interfaces_demo -- -j4 -l4
[0.620s] DEBUG:colcon.colcon_core.event_handler.log_command:Invoking command in '/home/loser/ws01_plumbing/build/base_interfaces_demo': CMAKE_PREFIX_PATH=${CMAKE_PREFIX_PATH}:/home/loser/ws01_plumbing/install/py02_service:/home/loser/ws01_plumbing/install/py01_topic:/opt/ros/humble /usr/bin/cmake --install /home/loser/ws01_plumbing/build/base_interfaces_demo
[0.672s] Level 1:colcon.colcon_core.environment:create_environment_scripts_only(base_interfaces_demo)
[0.673s] DEBUG:colcon.colcon_core.event_handler.log_command:Invoked command in '/home/loser/ws01_plumbing/build/base_interfaces_demo' returned '0': CMAKE_PREFIX_PATH=${CMAKE_PREFIX_PATH}:/home/loser/ws01_plumbing/install/py02_service:/home/loser/ws01_plumbing/install/py01_topic:/opt/ros/humble /usr/bin/cmake --install /home/loser/ws01_plumbing/build/base_interfaces_demo
[0.674s] Level 1:colcon.colcon_core.environment:checking '/home/loser/ws01_plumbing/install/base_interfaces_demo' for CMake module files
[0.674s] Level 1:colcon.colcon_core.environment:checking '/home/loser/ws01_plumbing/install/base_interfaces_demo' for CMake config files
[0.674s] Level 1:colcon.colcon_core.shell:create_environment_hook('base_interfaces_demo', 'cmake_prefix_path')
[0.674s] INFO:colcon.colcon_core.shell:Creating environment hook '/home/loser/ws01_plumbing/install/base_interfaces_demo/share/base_interfaces_demo/hook/cmake_prefix_path.ps1'
[0.675s] INFO:colcon.colcon_core.shell:Creating environment descriptor '/home/loser/ws01_plumbing/install/base_interfaces_demo/share/base_interfaces_demo/hook/cmake_prefix_path.dsv'
[0.675s] INFO:colcon.colcon_core.shell:Creating environment hook '/home/loser/ws01_plumbing/install/base_interfaces_demo/share/base_interfaces_demo/hook/cmake_prefix_path.sh'
[0.676s] Level 1:colcon.colcon_core.environment:checking '/home/loser/ws01_plumbing/install/base_interfaces_demo/lib'
[0.677s] Level 1:colcon.colcon_core.shell:create_environment_hook('base_interfaces_demo', 'ld_library_path_lib')
[0.677s] INFO:colcon.colcon_core.shell:Creating environment hook '/home/loser/ws01_plumbing/install/base_interfaces_demo/share/base_interfaces_demo/hook/ld_library_path_lib.ps1'
[0.677s] INFO:colcon.colcon_core.shell:Creating environment descriptor '/home/loser/ws01_plumbing/install/base_interfaces_demo/share/base_interfaces_demo/hook/ld_library_path_lib.dsv'
[0.677s] INFO:colcon.colcon_core.shell:Creating environment hook '/home/loser/ws01_plumbing/install/base_interfaces_demo/share/base_interfaces_demo/hook/ld_library_path_lib.sh'
[0.677s] Level 1:colcon.colcon_core.environment:checking '/home/loser/ws01_plumbing/install/base_interfaces_demo/bin'
[0.678s] Level 1:colcon.colcon_core.environment:checking '/home/loser/ws01_plumbing/install/base_interfaces_demo/lib/pkgconfig/base_interfaces_demo.pc'
[0.678s] Level 1:colcon.colcon_core.environment:checking '/home/loser/ws01_plumbing/install/base_interfaces_demo/lib/python3.10/site-packages'
[0.678s] Level 1:colcon.colcon_core.environment:checking '/home/loser/ws01_plumbing/install/base_interfaces_demo/bin'
[0.678s] INFO:colcon.colcon_core.shell:Creating package script '/home/loser/ws01_plumbing/install/base_interfaces_demo/share/base_interfaces_demo/package.ps1'
[0.679s] INFO:colcon.colcon_core.shell:Creating package descriptor '/home/loser/ws01_plumbing/install/base_interfaces_demo/share/base_interfaces_demo/package.dsv'
[0.680s] INFO:colcon.colcon_core.shell:Creating package script '/home/loser/ws01_plumbing/install/base_interfaces_demo/share/base_interfaces_demo/package.sh'
[0.680s] INFO:colcon.colcon_core.shell:Creating package script '/home/loser/ws01_plumbing/install/base_interfaces_demo/share/base_interfaces_demo/package.bash'
[0.681s] INFO:colcon.colcon_core.shell:Creating package script '/home/loser/ws01_plumbing/install/base_interfaces_demo/share/base_interfaces_demo/package.zsh'
[0.681s] Level 1:colcon.colcon_core.environment:create_file_with_runtime_dependencies(/home/loser/ws01_plumbing/install/base_interfaces_demo/share/colcon-core/packages/base_interfaces_demo)
[0.681s] Level 1:colcon.colcon_core.environment:create_environment_scripts_only(base_interfaces_demo)
[0.681s] Level 1:colcon.colcon_core.environment:checking '/home/loser/ws01_plumbing/install/base_interfaces_demo' for CMake module files
[0.682s] Level 1:colcon.colcon_core.environment:checking '/home/loser/ws01_plumbing/install/base_interfaces_demo' for CMake config files
[0.683s] Level 1:colcon.colcon_core.shell:create_environment_hook('base_interfaces_demo', 'cmake_prefix_path')
[0.683s] INFO:colcon.colcon_core.shell:Creating environment hook '/home/loser/ws01_plumbing/install/base_interfaces_demo/share/base_interfaces_demo/hook/cmake_prefix_path.ps1'
[0.683s] INFO:colcon.colcon_core.shell:Creating environment descriptor '/home/loser/ws01_plumbing/install/base_interfaces_demo/share/base_interfaces_demo/hook/cmake_prefix_path.dsv'
[0.683s] INFO:colcon.colcon_core.shell:Creating environment hook '/home/loser/ws01_plumbing/install/base_interfaces_demo/share/base_interfaces_demo/hook/cmake_prefix_path.sh'
[0.684s] Level 1:colcon.colcon_core.environment:checking '/home/loser/ws01_plumbing/install/base_interfaces_demo/lib'
[0.684s] Level 1:colcon.colcon_core.shell:create_environment_hook('base_interfaces_demo', 'ld_library_path_lib')
[0.684s] INFO:colcon.colcon_core.shell:Creating environment hook '/home/loser/ws01_plumbing/install/base_interfaces_demo/share/base_interfaces_demo/hook/ld_library_path_lib.ps1'
[0.684s] INFO:colcon.colcon_core.shell:Creating environment descriptor '/home/loser/ws01_plumbing/install/base_interfaces_demo/share/base_interfaces_demo/hook/ld_library_path_lib.dsv'
[0.684s] INFO:colcon.colcon_core.shell:Creating environment hook '/home/loser/ws01_plumbing/install/base_interfaces_demo/share/base_interfaces_demo/hook/ld_library_path_lib.sh'
[0.685s] Level 1:colcon.colcon_core.environment:checking '/home/loser/ws01_plumbing/install/base_interfaces_demo/bin'
[0.685s] Level 1:colcon.colcon_core.environment:checking '/home/loser/ws01_plumbing/install/base_interfaces_demo/lib/pkgconfig/base_interfaces_demo.pc'
[0.685s] Level 1:colcon.colcon_core.environment:checking '/home/loser/ws01_plumbing/install/base_interfaces_demo/lib/python3.10/site-packages'
[0.685s] Level 1:colcon.colcon_core.environment:checking '/home/loser/ws01_plumbing/install/base_interfaces_demo/bin'
[0.685s] INFO:colcon.colcon_core.shell:Creating package script '/home/loser/ws01_plumbing/install/base_interfaces_demo/share/base_interfaces_demo/package.ps1'
[0.686s] INFO:colcon.colcon_core.shell:Creating package descriptor '/home/loser/ws01_plumbing/install/base_interfaces_demo/share/base_interfaces_demo/package.dsv'
[0.686s] INFO:colcon.colcon_core.shell:Creating package script '/home/loser/ws01_plumbing/install/base_interfaces_demo/share/base_interfaces_demo/package.sh'
[0.687s] INFO:colcon.colcon_core.shell:Creating package script '/home/loser/ws01_plumbing/install/base_interfaces_demo/share/base_interfaces_demo/package.bash'
[0.687s] INFO:colcon.colcon_core.shell:Creating package script '/home/loser/ws01_plumbing/install/base_interfaces_demo/share/base_interfaces_demo/package.zsh'
[0.687s] Level 1:colcon.colcon_core.environment:create_file_with_runtime_dependencies(/home/loser/ws01_plumbing/install/base_interfaces_demo/share/colcon-core/packages/base_interfaces_demo)
[0.688s] INFO:colcon.colcon_ros.task.ament_cmake.build:Building ROS package in '/home/loser/ws01_plumbing/src/cpp01_topic' with build type 'ament_cmake'
[0.688s] INFO:colcon.colcon_cmake.task.cmake.build:Building CMake package in '/home/loser/ws01_plumbing/src/cpp01_topic'
[0.688s] INFO:colcon.colcon_core.shell:Skip shell extension 'powershell' for command environment: Not usable outside of PowerShell
[0.688s] DEBUG:colcon.colcon_core.shell:Skip shell extension 'dsv' for command environment
[0.691s] INFO:colcon.colcon_ros.task.ament_cmake.build:Building ROS package in '/home/loser/ws01_plumbing/src/cpp02_service' with build type 'ament_cmake'
[0.691s] INFO:colcon.colcon_cmake.task.cmake.build:Building CMake package in '/home/loser/ws01_plumbing/src/cpp02_service'
[0.691s] INFO:colcon.colcon_core.shell:Skip shell extension 'powershell' for command environment: Not usable outside of PowerShell
[0.691s] DEBUG:colcon.colcon_core.shell:Skip shell extension 'dsv' for command environment
[0.693s] INFO:colcon.colcon_ros.task.ament_python.build:Building ROS package in '/home/loser/ws01_plumbing/src/py01_topic' with build type 'ament_python'
[0.693s] Level 1:colcon.colcon_core.shell:create_environment_hook('py01_topic', 'ament_prefix_path')
[0.693s] INFO:colcon.colcon_core.shell:Creating environment hook '/home/loser/ws01_plumbing/install/py01_topic/share/py01_topic/hook/ament_prefix_path.ps1'
[0.694s] INFO:colcon.colcon_core.shell:Creating environment descriptor '/home/loser/ws01_plumbing/install/py01_topic/share/py01_topic/hook/ament_prefix_path.dsv'
[0.694s] INFO:colcon.colcon_core.shell:Creating environment hook '/home/loser/ws01_plumbing/install/py01_topic/share/py01_topic/hook/ament_prefix_path.sh'
[0.694s] INFO:colcon.colcon_core.shell:Skip shell extension 'powershell' for command environment: Not usable outside of PowerShell
[0.694s] DEBUG:colcon.colcon_core.shell:Skip shell extension 'dsv' for command environment
[0.700s] INFO:colcon.colcon_ros.task.ament_python.build:Building ROS package in '/home/loser/ws01_plumbing/src/py02_service' with build type 'ament_python'
[0.700s] Level 1:colcon.colcon_core.shell:create_environment_hook('py02_service', 'ament_prefix_path')
[0.700s] INFO:colcon.colcon_core.shell:Creating environment hook '/home/loser/ws01_plumbing/install/py02_service/share/py02_service/hook/ament_prefix_path.ps1'
[0.700s] INFO:colcon.colcon_core.shell:Creating environment descriptor '/home/loser/ws01_plumbing/install/py02_service/share/py02_service/hook/ament_prefix_path.dsv'
[0.701s] INFO:colcon.colcon_core.shell:Creating environment hook '/home/loser/ws01_plumbing/install/py02_service/share/py02_service/hook/ament_prefix_path.sh'
[0.701s] INFO:colcon.colcon_core.shell:Skip shell extension 'powershell' for command environment: Not usable outside of PowerShell
[0.701s] DEBUG:colcon.colcon_core.shell:Skip shell extension 'dsv' for command environment
[0.707s] DEBUG:colcon.colcon_core.event_handler.log_command:Invoking command in '/home/loser/ws01_plumbing/build/cpp01_topic': CMAKE_PREFIX_PATH=/home/loser/ws01_plumbing/install/base_interfaces_demo:/home/loser/ws01_plumbing/install/cpp02_service:/home/loser/ws01_plumbing/install/cpp01_topic:/home/loser/ws01_plumbing/install/py02_service:/home/loser/ws01_plumbing/install/py01_topic:/opt/ros/humble LD_LIBRARY_PATH=/home/loser/ws01_plumbing/install/base_interfaces_demo/lib:/usr/lib/x86_64-linux-gnu/gazebo-11/plugins:/opt/ros/humble/opt/rviz_ogre_vendor/lib:/opt/ros/humble/lib/x86_64-linux-gnu:/opt/ros/humble/lib /usr/bin/cmake --build /home/loser/ws01_plumbing/build/cpp01_topic -- -j4 -l4
[0.711s] DEBUG:colcon.colcon_core.event_handler.log_command:Invoking command in '/home/loser/ws01_plumbing/build/cpp02_service': CMAKE_PREFIX_PATH=/home/loser/ws01_plumbing/install/base_interfaces_demo:/home/loser/ws01_plumbing/install/cpp02_service:/home/loser/ws01_plumbing/install/cpp01_topic:/home/loser/ws01_plumbing/install/py02_service:/home/loser/ws01_plumbing/install/py01_topic:/opt/ros/humble LD_LIBRARY_PATH=/home/loser/ws01_plumbing/install/base_interfaces_demo/lib:/usr/lib/x86_64-linux-gnu/gazebo-11/plugins:/opt/ros/humble/opt/rviz_ogre_vendor/lib:/opt/ros/humble/lib/x86_64-linux-gnu:/opt/ros/humble/lib /usr/bin/cmake --build /home/loser/ws01_plumbing/build/cpp02_service -- -j4 -l4
[0.907s] INFO:colcon.colcon_core.task.python.build:Building Python package in '/home/loser/ws01_plumbing/src/py02_service'
[0.908s] INFO:colcon.colcon_core.shell:Skip shell extension 'powershell' for command environment: Not usable outside of PowerShell
[0.908s] DEBUG:colcon.colcon_core.shell:Skip shell extension 'dsv' for command environment
[1.043s] INFO:colcon.colcon_core.task.python.build:Building Python package in '/home/loser/ws01_plumbing/src/py01_topic'
[1.044s] INFO:colcon.colcon_core.shell:Skip shell extension 'powershell' for command environment: Not usable outside of PowerShell
[1.044s] DEBUG:colcon.colcon_core.shell:Skip shell extension 'dsv' for command environment
[1.048s] DEBUG:colcon.colcon_core.event_handler.log_command:Invoked command in '/home/loser/ws01_plumbing/build/cpp01_topic' returned '0': CMAKE_PREFIX_PATH=/home/loser/ws01_plumbing/install/base_interfaces_demo:/home/loser/ws01_plumbing/install/cpp02_service:/home/loser/ws01_plumbing/install/cpp01_topic:/home/loser/ws01_plumbing/install/py02_service:/home/loser/ws01_plumbing/install/py01_topic:/opt/ros/humble LD_LIBRARY_PATH=/home/loser/ws01_plumbing/install/base_interfaces_demo/lib:/usr/lib/x86_64-linux-gnu/gazebo-11/plugins:/opt/ros/humble/opt/rviz_ogre_vendor/lib:/opt/ros/humble/lib/x86_64-linux-gnu:/opt/ros/humble/lib /usr/bin/cmake --build /home/loser/ws01_plumbing/build/cpp01_topic -- -j4 -l4
[1.049s] DEBUG:colcon.colcon_core.event_handler.log_command:Invoking command in '/home/loser/ws01_plumbing/build/cpp01_topic': CMAKE_PREFIX_PATH=/home/loser/ws01_plumbing/install/base_interfaces_demo:/home/loser/ws01_plumbing/install/cpp02_service:/home/loser/ws01_plumbing/install/cpp01_topic:/home/loser/ws01_plumbing/install/py02_service:/home/loser/ws01_plumbing/install/py01_topic:/opt/ros/humble LD_LIBRARY_PATH=/home/loser/ws01_plumbing/install/base_interfaces_demo/lib:/usr/lib/x86_64-linux-gnu/gazebo-11/plugins:/opt/ros/humble/opt/rviz_ogre_vendor/lib:/opt/ros/humble/lib/x86_64-linux-gnu:/opt/ros/humble/lib /usr/bin/cmake --install /home/loser/ws01_plumbing/build/cpp01_topic
[1.057s] DEBUG:colcon.colcon_core.event_handler.log_command:Invoked command in '/home/loser/ws01_plumbing/build/cpp02_service' returned '0': CMAKE_PREFIX_PATH=/home/loser/ws01_plumbing/install/base_interfaces_demo:/home/loser/ws01_plumbing/install/cpp02_service:/home/loser/ws01_plumbing/install/cpp01_topic:/home/loser/ws01_plumbing/install/py02_service:/home/loser/ws01_plumbing/install/py01_topic:/opt/ros/humble LD_LIBRARY_PATH=/home/loser/ws01_plumbing/install/base_interfaces_demo/lib:/usr/lib/x86_64-linux-gnu/gazebo-11/plugins:/opt/ros/humble/opt/rviz_ogre_vendor/lib:/opt/ros/humble/lib/x86_64-linux-gnu:/opt/ros/humble/lib /usr/bin/cmake --build /home/loser/ws01_plumbing/build/cpp02_service -- -j4 -l4
[1.057s] DEBUG:colcon.colcon_core.event_handler.log_command:Invoking command in '/home/loser/ws01_plumbing/build/cpp02_service': CMAKE_PREFIX_PATH=/home/loser/ws01_plumbing/install/base_interfaces_demo:/home/loser/ws01_plumbing/install/cpp02_service:/home/loser/ws01_plumbing/install/cpp01_topic:/home/loser/ws01_plumbing/install/py02_service:/home/loser/ws01_plumbing/install/py01_topic:/opt/ros/humble LD_LIBRARY_PATH=/home/loser/ws01_plumbing/install/base_interfaces_demo/lib:/usr/lib/x86_64-linux-gnu/gazebo-11/plugins:/opt/ros/humble/opt/rviz_ogre_vendor/lib:/opt/ros/humble/lib/x86_64-linux-gnu:/opt/ros/humble/lib /usr/bin/cmake --install /home/loser/ws01_plumbing/build/cpp02_service
[1.065s] Level 1:colcon.colcon_core.environment:create_environment_scripts_only(cpp02_service)
[1.065s] Level 1:colcon.colcon_core.environment:checking '/home/loser/ws01_plumbing/install/cpp02_service' for CMake module files
[1.065s] DEBUG:colcon.colcon_core.event_handler.log_command:Invoked command in '/home/loser/ws01_plumbing/build/cpp02_service' returned '0': CMAKE_PREFIX_PATH=/home/loser/ws01_plumbing/install/base_interfaces_demo:/home/loser/ws01_plumbing/install/cpp02_service:/home/loser/ws01_plumbing/install/cpp01_topic:/home/loser/ws01_plumbing/install/py02_service:/home/loser/ws01_plumbing/install/py01_topic:/opt/ros/humble LD_LIBRARY_PATH=/home/loser/ws01_plumbing/install/base_interfaces_demo/lib:/usr/lib/x86_64-linux-gnu/gazebo-11/plugins:/opt/ros/humble/opt/rviz_ogre_vendor/lib:/opt/ros/humble/lib/x86_64-linux-gnu:/opt/ros/humble/lib /usr/bin/cmake --install /home/loser/ws01_plumbing/build/cpp02_service
[1.066s] Level 1:colcon.colcon_core.environment:checking '/home/loser/ws01_plumbing/install/cpp02_service' for CMake config files
[1.066s] Level 1:colcon.colcon_core.shell:create_environment_hook('cpp02_service', 'cmake_prefix_path')
[1.066s] INFO:colcon.colcon_core.shell:Creating environment hook '/home/loser/ws01_plumbing/install/cpp02_service/share/cpp02_service/hook/cmake_prefix_path.ps1'
[1.066s] INFO:colcon.colcon_core.shell:Creating environment descriptor '/home/loser/ws01_plumbing/install/cpp02_service/share/cpp02_service/hook/cmake_prefix_path.dsv'
[1.066s] INFO:colcon.colcon_core.shell:Creating environment hook '/home/loser/ws01_plumbing/install/cpp02_service/share/cpp02_service/hook/cmake_prefix_path.sh'
[1.067s] Level 1:colcon.colcon_core.environment:checking '/home/loser/ws01_plumbing/install/cpp02_service/lib'
[1.067s] Level 1:colcon.colcon_core.environment:checking '/home/loser/ws01_plumbing/install/cpp02_service/bin'
[1.067s] Level 1:colcon.colcon_core.environment:checking '/home/loser/ws01_plumbing/install/cpp02_service/lib/pkgconfig/cpp02_service.pc'
[1.067s] Level 1:colcon.colcon_core.environment:checking '/home/loser/ws01_plumbing/install/cpp02_service/lib/python3.10/site-packages'
[1.067s] Level 1:colcon.colcon_core.environment:checking '/home/loser/ws01_plumbing/install/cpp02_service/bin'
[1.067s] INFO:colcon.colcon_core.shell:Creating package script '/home/loser/ws01_plumbing/install/cpp02_service/share/cpp02_service/package.ps1'
[1.068s] INFO:colcon.colcon_core.shell:Creating package descriptor '/home/loser/ws01_plumbing/install/cpp02_service/share/cpp02_service/package.dsv'
[1.068s] INFO:colcon.colcon_core.shell:Creating package script '/home/loser/ws01_plumbing/install/cpp02_service/share/cpp02_service/package.sh'
[1.068s] INFO:colcon.colcon_core.shell:Creating package script '/home/loser/ws01_plumbing/install/cpp02_service/share/cpp02_service/package.bash'
[1.069s] INFO:colcon.colcon_core.shell:Creating package script '/home/loser/ws01_plumbing/install/cpp02_service/share/cpp02_service/package.zsh'
[1.069s] Level 1:colcon.colcon_core.environment:create_file_with_runtime_dependencies(/home/loser/ws01_plumbing/install/cpp02_service/share/colcon-core/packages/cpp02_service)
[1.071s] Level 1:colcon.colcon_core.environment:create_environment_scripts_only(cpp02_service)
[1.071s] Level 1:colcon.colcon_core.environment:checking '/home/loser/ws01_plumbing/install/cpp02_service' for CMake module files
[1.071s] Level 1:colcon.colcon_core.environment:checking '/home/loser/ws01_plumbing/install/cpp02_service' for CMake config files
[1.071s] Level 1:colcon.colcon_core.shell:create_environment_hook('cpp02_service', 'cmake_prefix_path')
[1.071s] INFO:colcon.colcon_core.shell:Creating environment hook '/home/loser/ws01_plumbing/install/cpp02_service/share/cpp02_service/hook/cmake_prefix_path.ps1'
[1.072s] INFO:colcon.colcon_core.shell:Creating environment descriptor '/home/loser/ws01_plumbing/install/cpp02_service/share/cpp02_service/hook/cmake_prefix_path.dsv'
[1.072s] INFO:colcon.colcon_core.shell:Creating environment hook '/home/loser/ws01_plumbing/install/cpp02_service/share/cpp02_service/hook/cmake_prefix_path.sh'
[1.073s] Level 1:colcon.colcon_core.environment:checking '/home/loser/ws01_plumbing/install/cpp02_service/lib'
[1.073s] Level 1:colcon.colcon_core.environment:checking '/home/loser/ws01_plumbing/install/cpp02_service/bin'
[1.073s] Level 1:colcon.colcon_core.environment:checking '/home/loser/ws01_plumbing/install/cpp02_service/lib/pkgconfig/cpp02_service.pc'
[1.073s] Level 1:colcon.colcon_core.environment:checking '/home/loser/ws01_plumbing/install/cpp02_service/lib/python3.10/site-packages'
[1.073s] Level 1:colcon.colcon_core.environment:checking '/home/loser/ws01_plumbing/install/cpp02_service/bin'
[1.073s] INFO:colcon.colcon_core.shell:Creating package script '/home/loser/ws01_plumbing/install/cpp02_service/share/cpp02_service/package.ps1'
[1.073s] INFO:colcon.colcon_core.shell:Creating package descriptor '/home/loser/ws01_plumbing/install/cpp02_service/share/cpp02_service/package.dsv'
[1.074s] INFO:colcon.colcon_core.shell:Creating package script '/home/loser/ws01_plumbing/install/cpp02_service/share/cpp02_service/package.sh'
[1.074s] INFO:colcon.colcon_core.shell:Creating package script '/home/loser/ws01_plumbing/install/cpp02_service/share/cpp02_service/package.bash'
[1.074s] INFO:colcon.colcon_core.shell:Creating package script '/home/loser/ws01_plumbing/install/cpp02_service/share/cpp02_service/package.zsh'
[1.075s] Level 1:colcon.colcon_core.environment:create_file_with_runtime_dependencies(/home/loser/ws01_plumbing/install/cpp02_service/share/colcon-core/packages/cpp02_service)
[1.075s] Level 1:colcon.colcon_core.environment:create_environment_scripts_only(cpp01_topic)
[1.076s] Level 1:colcon.colcon_core.environment:checking '/home/loser/ws01_plumbing/install/cpp01_topic' for CMake module files
[1.076s] Level 1:colcon.colcon_core.environment:checking '/home/loser/ws01_plumbing/install/cpp01_topic' for CMake config files
[1.076s] DEBUG:colcon.colcon_core.event_handler.log_command:Invoked command in '/home/loser/ws01_plumbing/build/cpp01_topic' returned '0': CMAKE_PREFIX_PATH=/home/loser/ws01_plumbing/install/base_interfaces_demo:/home/loser/ws01_plumbing/install/cpp02_service:/home/loser/ws01_plumbing/install/cpp01_topic:/home/loser/ws01_plumbing/install/py02_service:/home/loser/ws01_plumbing/install/py01_topic:/opt/ros/humble LD_LIBRARY_PATH=/home/loser/ws01_plumbing/install/base_interfaces_demo/lib:/usr/lib/x86_64-linux-gnu/gazebo-11/plugins:/opt/ros/humble/opt/rviz_ogre_vendor/lib:/opt/ros/humble/lib/x86_64-linux-gnu:/opt/ros/humble/lib /usr/bin/cmake --install /home/loser/ws01_plumbing/build/cpp01_topic
[1.077s] Level 1:colcon.colcon_core.shell:create_environment_hook('cpp01_topic', 'cmake_prefix_path')
[1.077s] INFO:colcon.colcon_core.shell:Creating environment hook '/home/loser/ws01_plumbing/install/cpp01_topic/share/cpp01_topic/hook/cmake_prefix_path.ps1'
[1.077s] INFO:colcon.colcon_core.shell:Creating environment descriptor '/home/loser/ws01_plumbing/install/cpp01_topic/share/cpp01_topic/hook/cmake_prefix_path.dsv'
[1.077s] INFO:colcon.colcon_core.shell:Creating environment hook '/home/loser/ws01_plumbing/install/cpp01_topic/share/cpp01_topic/hook/cmake_prefix_path.sh'
[1.078s] Level 1:colcon.colcon_core.environment:checking '/home/loser/ws01_plumbing/install/cpp01_topic/lib'
[1.078s] Level 1:colcon.colcon_core.environment:checking '/home/loser/ws01_plumbing/install/cpp01_topic/bin'
[1.078s] Level 1:colcon.colcon_core.environment:checking '/home/loser/ws01_plumbing/install/cpp01_topic/lib/pkgconfig/cpp01_topic.pc'
[1.078s] Level 1:colcon.colcon_core.environment:checking '/home/loser/ws01_plumbing/install/cpp01_topic/lib/python3.10/site-packages'
[1.078s] Level 1:colcon.colcon_core.environment:checking '/home/loser/ws01_plumbing/install/cpp01_topic/bin'
[1.078s] INFO:colcon.colcon_core.shell:Creating package script '/home/loser/ws01_plumbing/install/cpp01_topic/share/cpp01_topic/package.ps1'
[1.079s] INFO:colcon.colcon_core.shell:Creating package descriptor '/home/loser/ws01_plumbing/install/cpp01_topic/share/cpp01_topic/package.dsv'
[1.079s] INFO:colcon.colcon_core.shell:Creating package script '/home/loser/ws01_plumbing/install/cpp01_topic/share/cpp01_topic/package.sh'
[1.079s] INFO:colcon.colcon_core.shell:Creating package script '/home/loser/ws01_plumbing/install/cpp01_topic/share/cpp01_topic/package.bash'
[1.080s] INFO:colcon.colcon_core.shell:Creating package script '/home/loser/ws01_plumbing/install/cpp01_topic/share/cpp01_topic/package.zsh'
[1.080s] Level 1:colcon.colcon_core.environment:create_file_with_runtime_dependencies(/home/loser/ws01_plumbing/install/cpp01_topic/share/colcon-core/packages/cpp01_topic)
[1.080s] Level 1:colcon.colcon_core.environment:create_environment_scripts_only(cpp01_topic)
[1.080s] Level 1:colcon.colcon_core.environment:checking '/home/loser/ws01_plumbing/install/cpp01_topic' for CMake module files
[1.081s] Level 1:colcon.colcon_core.environment:checking '/home/loser/ws01_plumbing/install/cpp01_topic' for CMake config files
[1.081s] Level 1:colcon.colcon_core.shell:create_environment_hook('cpp01_topic', 'cmake_prefix_path')
[1.081s] INFO:colcon.colcon_core.shell:Creating environment hook '/home/loser/ws01_plumbing/install/cpp01_topic/share/cpp01_topic/hook/cmake_prefix_path.ps1'
[1.081s] INFO:colcon.colcon_core.shell:Creating environment descriptor '/home/loser/ws01_plumbing/install/cpp01_topic/share/cpp01_topic/hook/cmake_prefix_path.dsv'
[1.082s] INFO:colcon.colcon_core.shell:Creating environment hook '/home/loser/ws01_plumbing/install/cpp01_topic/share/cpp01_topic/hook/cmake_prefix_path.sh'
[1.082s] Level 1:colcon.colcon_core.environment:checking '/home/loser/ws01_plumbing/install/cpp01_topic/lib'
[1.082s] Level 1:colcon.colcon_core.environment:checking '/home/loser/ws01_plumbing/install/cpp01_topic/bin'
[1.082s] Level 1:colcon.colcon_core.environment:checking '/home/loser/ws01_plumbing/install/cpp01_topic/lib/pkgconfig/cpp01_topic.pc'
[1.083s] Level 1:colcon.colcon_core.environment:checking '/home/loser/ws01_plumbing/install/cpp01_topic/lib/python3.10/site-packages'
[1.083s] Level 1:colcon.colcon_core.environment:checking '/home/loser/ws01_plumbing/install/cpp01_topic/bin'
[1.083s] INFO:colcon.colcon_core.shell:Creating package script '/home/loser/ws01_plumbing/install/cpp01_topic/share/cpp01_topic/package.ps1'
[1.083s] INFO:colcon.colcon_core.shell:Creating package descriptor '/home/loser/ws01_plumbing/install/cpp01_topic/share/cpp01_topic/package.dsv'
[1.084s] INFO:colcon.colcon_core.shell:Creating package script '/home/loser/ws01_plumbing/install/cpp01_topic/share/cpp01_topic/package.sh'
[1.084s] INFO:colcon.colcon_core.shell:Creating package script '/home/loser/ws01_plumbing/install/cpp01_topic/share/cpp01_topic/package.bash'
[1.084s] INFO:colcon.colcon_core.shell:Creating package script '/home/loser/ws01_plumbing/install/cpp01_topic/share/cpp01_topic/package.zsh'
[1.085s] Level 1:colcon.colcon_core.environment:create_file_with_runtime_dependencies(/home/loser/ws01_plumbing/install/cpp01_topic/share/colcon-core/packages/cpp01_topic)
[1.244s] DEBUG:colcon.colcon_core.event_handler.log_command:Invoking command in '/home/loser/ws01_plumbing/src/py01_topic': CMAKE_PREFIX_PATH=/home/loser/ws01_plumbing/install/base_interfaces_demo:/home/loser/ws01_plumbing/install/cpp02_service:/home/loser/ws01_plumbing/install/cpp01_topic LD_LIBRARY_PATH=/home/loser/ws01_plumbing/install/base_interfaces_demo/lib:/usr/lib/x86_64-linux-gnu/gazebo-11/plugins:/opt/ros/humble/opt/rviz_ogre_vendor/lib:/opt/ros/humble/lib/x86_64-linux-gnu:/opt/ros/humble/lib PYTHONPATH=/home/loser/ws01_plumbing/build/py01_topic/prefix_override:/usr/lib/python3/dist-packages/colcon_core/task/python/colcon_distutils_commands:/home/loser/ws01_plumbing/install/py01_topic/lib/python3.10/site-packages:${PYTHONPATH} /usr/bin/python3 -W ignore:setup.py install is deprecated -W ignore:easy_install command is deprecated setup.py egg_info --egg-base ../../build/py01_topic build --build-base /home/loser/ws01_plumbing/build/py01_topic/build install --record /home/loser/ws01_plumbing/build/py01_topic/install.log --single-version-externally-managed install_data
[1.274s] DEBUG:colcon.colcon_core.event_handler.log_command:Invoking command in '/home/loser/ws01_plumbing/src/py02_service': CMAKE_PREFIX_PATH=/home/loser/ws01_plumbing/install/base_interfaces_demo:/home/loser/ws01_plumbing/install/cpp02_service:/home/loser/ws01_plumbing/install/cpp01_topic LD_LIBRARY_PATH=/home/loser/ws01_plumbing/install/base_interfaces_demo/lib:/usr/lib/x86_64-linux-gnu/gazebo-11/plugins:/opt/ros/humble/opt/rviz_ogre_vendor/lib:/opt/ros/humble/lib/x86_64-linux-gnu:/opt/ros/humble/lib PYTHONPATH=/home/loser/ws01_plumbing/build/py02_service/prefix_override:/usr/lib/python3/dist-packages/colcon_core/task/python/colcon_distutils_commands:/home/loser/ws01_plumbing/install/py02_service/lib/python3.10/site-packages:${PYTHONPATH} /usr/bin/python3 -W ignore:setup.py install is deprecated -W ignore:easy_install command is deprecated setup.py egg_info --egg-base ../../build/py02_service build --build-base /home/loser/ws01_plumbing/build/py02_service/build install --record /home/loser/ws01_plumbing/build/py02_service/install.log --single-version-externally-managed install_data
[1.394s] Level 1:colcon.colcon_core.environment:checking '/home/loser/ws01_plumbing/install/py01_topic' for CMake module files
[1.394s] Level 1:colcon.colcon_core.environment:checking '/home/loser/ws01_plumbing/install/py01_topic' for CMake config files
[1.395s] Level 1:colcon.colcon_core.environment:checking '/home/loser/ws01_plumbing/install/py01_topic/lib'
[1.395s] Level 1:colcon.colcon_core.environment:checking '/home/loser/ws01_plumbing/install/py01_topic/bin'
[1.395s] Level 1:colcon.colcon_core.environment:checking '/home/loser/ws01_plumbing/install/py01_topic/lib/pkgconfig/py01_topic.pc'
[1.395s] Level 1:colcon.colcon_core.environment:checking '/home/loser/ws01_plumbing/install/py01_topic/lib/python3.10/site-packages'
[1.395s] Level 1:colcon.colcon_core.shell:create_environment_hook('py01_topic', 'pythonpath')
[1.395s] INFO:colcon.colcon_core.shell:Creating environment hook '/home/loser/ws01_plumbing/install/py01_topic/share/py01_topic/hook/pythonpath.ps1'
[1.395s] INFO:colcon.colcon_core.shell:Creating environment descriptor '/home/loser/ws01_plumbing/install/py01_topic/share/py01_topic/hook/pythonpath.dsv'
[1.396s] INFO:colcon.colcon_core.shell:Creating environment hook '/home/loser/ws01_plumbing/install/py01_topic/share/py01_topic/hook/pythonpath.sh'
[1.396s] DEBUG:colcon.colcon_core.event_handler.log_command:Invoked command in '/home/loser/ws01_plumbing/src/py01_topic' returned '0': CMAKE_PREFIX_PATH=/home/loser/ws01_plumbing/install/base_interfaces_demo:/home/loser/ws01_plumbing/install/cpp02_service:/home/loser/ws01_plumbing/install/cpp01_topic LD_LIBRARY_PATH=/home/loser/ws01_plumbing/install/base_interfaces_demo/lib:/usr/lib/x86_64-linux-gnu/gazebo-11/plugins:/opt/ros/humble/opt/rviz_ogre_vendor/lib:/opt/ros/humble/lib/x86_64-linux-gnu:/opt/ros/humble/lib PYTHONPATH=/home/loser/ws01_plumbing/build/py01_topic/prefix_override:/usr/lib/python3/dist-packages/colcon_core/task/python/colcon_distutils_commands:/home/loser/ws01_plumbing/install/py01_topic/lib/python3.10/site-packages:${PYTHONPATH} /usr/bin/python3 -W ignore:setup.py install is deprecated -W ignore:easy_install command is deprecated setup.py egg_info --egg-base ../../build/py01_topic build --build-base /home/loser/ws01_plumbing/build/py01_topic/build install --record /home/loser/ws01_plumbing/build/py01_topic/install.log --single-version-externally-managed install_data
[1.397s] Level 1:colcon.colcon_core.environment:checking '/home/loser/ws01_plumbing/install/py01_topic/bin'
[1.397s] Level 1:colcon.colcon_core.environment:create_environment_scripts_only(py01_topic)
[1.397s] INFO:colcon.colcon_core.shell:Creating package script '/home/loser/ws01_plumbing/install/py01_topic/share/py01_topic/package.ps1'
[1.397s] INFO:colcon.colcon_core.shell:Creating package descriptor '/home/loser/ws01_plumbing/install/py01_topic/share/py01_topic/package.dsv'
[1.398s] INFO:colcon.colcon_core.shell:Creating package script '/home/loser/ws01_plumbing/install/py01_topic/share/py01_topic/package.sh'
[1.398s] INFO:colcon.colcon_core.shell:Creating package script '/home/loser/ws01_plumbing/install/py01_topic/share/py01_topic/package.bash'
[1.398s] INFO:colcon.colcon_core.shell:Creating package script '/home/loser/ws01_plumbing/install/py01_topic/share/py01_topic/package.zsh'
[1.399s] Level 1:colcon.colcon_core.environment:create_file_with_runtime_dependencies(/home/loser/ws01_plumbing/install/py01_topic/share/colcon-core/packages/py01_topic)
[1.436s] Level 1:colcon.colcon_core.environment:checking '/home/loser/ws01_plumbing/install/py02_service' for CMake module files
[1.436s] DEBUG:colcon.colcon_core.event_handler.log_command:Invoked command in '/home/loser/ws01_plumbing/src/py02_service' returned '0': CMAKE_PREFIX_PATH=/home/loser/ws01_plumbing/install/base_interfaces_demo:/home/loser/ws01_plumbing/install/cpp02_service:/home/loser/ws01_plumbing/install/cpp01_topic LD_LIBRARY_PATH=/home/loser/ws01_plumbing/install/base_interfaces_demo/lib:/usr/lib/x86_64-linux-gnu/gazebo-11/plugins:/opt/ros/humble/opt/rviz_ogre_vendor/lib:/opt/ros/humble/lib/x86_64-linux-gnu:/opt/ros/humble/lib PYTHONPATH=/home/loser/ws01_plumbing/build/py02_service/prefix_override:/usr/lib/python3/dist-packages/colcon_core/task/python/colcon_distutils_commands:/home/loser/ws01_plumbing/install/py02_service/lib/python3.10/site-packages:${PYTHONPATH} /usr/bin/python3 -W ignore:setup.py install is deprecated -W ignore:easy_install command is deprecated setup.py egg_info --egg-base ../../build/py02_service build --build-base /home/loser/ws01_plumbing/build/py02_service/build install --record /home/loser/ws01_plumbing/build/py02_service/install.log --single-version-externally-managed install_data
[1.436s] Level 1:colcon.colcon_core.environment:checking '/home/loser/ws01_plumbing/install/py02_service' for CMake config files
[1.437s] Level 1:colcon.colcon_core.environment:checking '/home/loser/ws01_plumbing/install/py02_service/lib'
[1.437s] Level 1:colcon.colcon_core.environment:checking '/home/loser/ws01_plumbing/install/py02_service/bin'
[1.437s] Level 1:colcon.colcon_core.environment:checking '/home/loser/ws01_plumbing/install/py02_service/lib/pkgconfig/py02_service.pc'
[1.437s] Level 1:colcon.colcon_core.environment:checking '/home/loser/ws01_plumbing/install/py02_service/lib/python3.10/site-packages'
[1.437s] Level 1:colcon.colcon_core.shell:create_environment_hook('py02_service', 'pythonpath')
[1.437s] INFO:colcon.colcon_core.shell:Creating environment hook '/home/loser/ws01_plumbing/install/py02_service/share/py02_service/hook/pythonpath.ps1'
[1.438s] INFO:colcon.colcon_core.shell:Creating environment descriptor '/home/loser/ws01_plumbing/install/py02_service/share/py02_service/hook/pythonpath.dsv'
[1.438s] INFO:colcon.colcon_core.shell:Creating environment hook '/home/loser/ws01_plumbing/install/py02_service/share/py02_service/hook/pythonpath.sh'
[1.439s] Level 1:colcon.colcon_core.environment:checking '/home/loser/ws01_plumbing/install/py02_service/bin'
[1.439s] Level 1:colcon.colcon_core.environment:create_environment_scripts_only(py02_service)
[1.439s] INFO:colcon.colcon_core.shell:Creating package script '/home/loser/ws01_plumbing/install/py02_service/share/py02_service/package.ps1'
[1.439s] INFO:colcon.colcon_core.shell:Creating package descriptor '/home/loser/ws01_plumbing/install/py02_service/share/py02_service/package.dsv'
[1.440s] INFO:colcon.colcon_core.shell:Creating package script '/home/loser/ws01_plumbing/install/py02_service/share/py02_service/package.sh'
[1.440s] INFO:colcon.colcon_core.shell:Creating package script '/home/loser/ws01_plumbing/install/py02_service/share/py02_service/package.bash'
[1.440s] INFO:colcon.colcon_core.shell:Creating package script '/home/loser/ws01_plumbing/install/py02_service/share/py02_service/package.zsh'
[1.441s] Level 1:colcon.colcon_core.environment:create_file_with_runtime_dependencies(/home/loser/ws01_plumbing/install/py02_service/share/colcon-core/packages/py02_service)
[1.441s] DEBUG:colcon.colcon_parallel_executor.executor.parallel:closing loop
[1.442s] DEBUG:colcon.colcon_parallel_executor.executor.parallel:loop closed
[1.442s] DEBUG:colcon.colcon_parallel_executor.executor.parallel:run_until_complete finished with '0'
[1.442s] DEBUG:colcon.colcon_core.event_reactor:joining thread
[1.445s] INFO:colcon.colcon_core.plugin_system:Skipping extension 'colcon_notification.desktop_notification.terminal_notifier': Not used on non-Darwin systems
[1.446s] INFO:colcon.colcon_core.plugin_system:Skipping extension 'colcon_notification.desktop_notification.win32': Not used on non-Windows systems
[1.446s] INFO:colcon.colcon_notification.desktop_notification:Sending desktop notification using 'notify2'
[1.457s] DEBUG:colcon.colcon_core.event_reactor:joined thread
[1.457s] INFO:colcon.colcon_core.shell:Creating prefix script '/home/loser/ws01_plumbing/install/local_setup.ps1'
[1.458s] INFO:colcon.colcon_core.shell:Creating prefix util module '/home/loser/ws01_plumbing/install/_local_setup_util_ps1.py'
[1.459s] INFO:colcon.colcon_core.shell:Creating prefix chain script '/home/loser/ws01_plumbing/install/setup.ps1'
[1.461s] INFO:colcon.colcon_core.shell:Creating prefix script '/home/loser/ws01_plumbing/install/local_setup.sh'
[1.461s] INFO:colcon.colcon_core.shell:Creating prefix util module '/home/loser/ws01_plumbing/install/_local_setup_util_sh.py'
[1.462s] INFO:colcon.colcon_core.shell:Creating prefix chain script '/home/loser/ws01_plumbing/install/setup.sh'
[1.462s] INFO:colcon.colcon_core.shell:Creating prefix script '/home/loser/ws01_plumbing/install/local_setup.bash'
[1.464s] INFO:colcon.colcon_core.shell:Creating prefix chain script '/home/loser/ws01_plumbing/install/setup.bash'
[1.465s] INFO:colcon.colcon_core.shell:Creating prefix script '/home/loser/ws01_plumbing/install/local_setup.zsh'
[1.465s] INFO:colcon.colcon_core.shell:Creating prefix chain script '/home/loser/ws01_plumbing/install/setup.zsh'
