-- The C compiler identification is GNU 13.3.0
-- The CXX compiler identification is GNU 13.3.0
-- Detecting C compiler ABI info
-- Detecting C compiler ABI info - done
-- Check for working C compiler: /usr/bin/cc - skipped
-- Detecting C compile features
-- Detecting C compile features - done
-- Detecting CXX compiler ABI info
-- Detecting CXX compiler ABI info - done
-- Check for working CXX compiler: /usr/bin/c++ - skipped
-- Detecting CXX compile features
-- Detecting CXX compile features - done
-- Found ament_cmake: 2.5.6 (/opt/ros/jazzy/share/ament_cmake/cmake)
-- Found Python3: /usr/bin/python3 (found version "3.12.3") found components: Interpreter 
-- Found rclcpp: 28.1.18 (/opt/ros/jazzy/share/rclcpp/cmake)
-- Found rosidl_generator_c: 4.6.7 (/opt/ros/jazzy/share/rosidl_generator_c/cmake)
-- Found rosidl_generator_cpp: 4.6.7 (/opt/ros/jazzy/share/rosidl_generator_cpp/cmake)
-- Using all available rosidl_typesupport_c: rosidl_typesupport_fastrtps_c;rosidl_typesupport_introspection_c
-- Using all available rosidl_typesupport_cpp: rosidl_typesupport_fastrtps_cpp;rosidl_typesupport_introspection_cpp
-- Found rmw_implementation_cmake: 7.3.3 (/opt/ros/jazzy/share/rmw_implementation_cmake/cmake)
-- Found rmw_fastrtps_cpp: 8.4.3 (/opt/ros/jazzy/share/rmw_fastrtps_cpp/cmake)
-- Found OpenSSL: /usr/lib/x86_64-linux-gnu/libcrypto.so (found version "3.0.13")  
-- Found FastRTPS: /opt/ros/jazzy/include (Required is at least version "2.13") 
-- Using RMW implementation 'rmw_fastrtps_cpp' as default
-- Found base_interfaces_demo: 0.0.0 (/home/loser/ws01_plumbing/install/base_interfaces_demo/share/base_interfaces_demo/cmake)
-- Found ament_lint_auto: 0.17.5 (/opt/ros/jazzy/share/ament_lint_auto/cmake)
-- Added test 'cppcheck' to perform static code analysis on C / C++ code
-- Configured cppcheck include dirs: $<BUILD_INTERFACE:/home/loser/ws01_plumbing/src/cpp02_service/include>
-- Configured cppcheck exclude dirs and/or files: 
-- Added test 'lint_cmake' to check CMake code style
-- Added test 'uncrustify' to check C / C++ code style
-- Configured uncrustify additional arguments: 
-- Added test 'xmllint' to check XML markup files
-- Configuring done (1.2s)
-- Generating done (0.0s)
-- Build files have been written to: /home/loser/ws01_plumbing/build/cpp02_service
[ 25%] [32mBuilding CXX object CMakeFiles/demo02_client.dir/src/demo02_client.cpp.o[0m
[ 50%] [32mBuilding CXX object CMakeFiles/demo01_server.dir/src/demo01_server.cpp.o[0m
[ 75%] [32m[1mLinking CXX executable demo01_server[0m
[100%] [32m[1mLinking CXX executable demo02_client[0m
[100%] Built target demo01_server
[100%] Built target demo02_client
-- Install configuration: ""
-- Installing: /home/loser/ws01_plumbing/install/cpp02_service/lib/cpp02_service/demo01_server
-- Set non-toolchain portion of runtime path of "/home/loser/ws01_plumbing/install/cpp02_service/lib/cpp02_service/demo01_server" to ""
-- Installing: /home/loser/ws01_plumbing/install/cpp02_service/lib/cpp02_service/demo02_client
-- Set non-toolchain portion of runtime path of "/home/loser/ws01_plumbing/install/cpp02_service/lib/cpp02_service/demo02_client" to ""
-- Installing: /home/loser/ws01_plumbing/install/cpp02_service/share/ament_index/resource_index/package_run_dependencies/cpp02_service
-- Installing: /home/loser/ws01_plumbing/install/cpp02_service/share/ament_index/resource_index/parent_prefix_path/cpp02_service
-- Installing: /home/loser/ws01_plumbing/install/cpp02_service/share/cpp02_service/environment/ament_prefix_path.sh
-- Installing: /home/loser/ws01_plumbing/install/cpp02_service/share/cpp02_service/environment/ament_prefix_path.dsv
-- Installing: /home/loser/ws01_plumbing/install/cpp02_service/share/cpp02_service/environment/path.sh
-- Installing: /home/loser/ws01_plumbing/install/cpp02_service/share/cpp02_service/environment/path.dsv
-- Installing: /home/loser/ws01_plumbing/install/cpp02_service/share/cpp02_service/local_setup.bash
-- Installing: /home/loser/ws01_plumbing/install/cpp02_service/share/cpp02_service/local_setup.sh
-- Installing: /home/loser/ws01_plumbing/install/cpp02_service/share/cpp02_service/local_setup.zsh
-- Installing: /home/loser/ws01_plumbing/install/cpp02_service/share/cpp02_service/local_setup.dsv
-- Installing: /home/loser/ws01_plumbing/install/cpp02_service/share/cpp02_service/package.dsv
-- Installing: /home/loser/ws01_plumbing/install/cpp02_service/share/ament_index/resource_index/packages/cpp02_service
-- Installing: /home/loser/ws01_plumbing/install/cpp02_service/share/cpp02_service/cmake/cpp02_serviceConfig.cmake
-- Installing: /home/loser/ws01_plumbing/install/cpp02_service/share/cpp02_service/cmake/cpp02_serviceConfig-version.cmake
-- Installing: /home/loser/ws01_plumbing/install/cpp02_service/share/cpp02_service/package.xml
