running egg_info
writing ../../build/py03_action/py03_action.egg-info/PKG-INFO
writing dependency_links to ../../build/py03_action/py03_action.egg-info/dependency_links.txt
writing entry points to ../../build/py03_action/py03_action.egg-info/entry_points.txt
writing requirements to ../../build/py03_action/py03_action.egg-info/requires.txt
writing top-level names to ../../build/py03_action/py03_action.egg-info/top_level.txt
reading manifest file '../../build/py03_action/py03_action.egg-info/SOURCES.txt'
writing manifest file '../../build/py03_action/py03_action.egg-info/SOURCES.txt'
running build
running build_py
copying py03_action/demo02_action_client.py -> /home/loser/ws01_plumbing/build/py03_action/build/lib/py03_action
copying py03_action/demo01_action_server.py -> /home/loser/ws01_plumbing/build/py03_action/build/lib/py03_action
running install
running install_lib
copying /home/loser/ws01_plumbing/build/py03_action/build/lib/py03_action/demo02_action_client.py -> /home/loser/ws01_plumbing/install/py03_action/lib/python3.12/site-packages/py03_action
copying /home/loser/ws01_plumbing/build/py03_action/build/lib/py03_action/demo01_action_server.py -> /home/loser/ws01_plumbing/install/py03_action/lib/python3.12/site-packages/py03_action
byte-compiling /home/loser/ws01_plumbing/install/py03_action/lib/python3.12/site-packages/py03_action/demo02_action_client.py to demo02_action_client.cpython-312.pyc
byte-compiling /home/loser/ws01_plumbing/install/py03_action/lib/python3.12/site-packages/py03_action/demo01_action_server.py to demo01_action_server.cpython-312.pyc
running install_data
running install_egg_info
removing '/home/loser/ws01_plumbing/install/py03_action/lib/python3.12/site-packages/py03_action-0.0.0-py3.12.egg-info' (and everything under it)
Copying ../../build/py03_action/py03_action.egg-info to /home/loser/ws01_plumbing/install/py03_action/lib/python3.12/site-packages/py03_action-0.0.0-py3.12.egg-info
running install_scripts
Installing demo01_action_server script to /home/loser/ws01_plumbing/install/py03_action/lib/py03_action
Installing demo02_action_client script to /home/loser/ws01_plumbing/install/py03_action/lib/py03_action
writing list of installed files to '/home/loser/ws01_plumbing/build/py03_action/install.log'
