[0.868s] Invoking command in '/home/loser/ws01_plumbing/src/py02_service': CMAKE_PREFIX_PATH=/home/loser/ws01_plumbing/install/base_interfaces_demo:/home/loser/ws01_plumbing/install/cpp02_service:/home/loser/ws01_plumbing/install/cpp01_topic PYTHONPATH=/home/loser/ws01_plumbing/build/py02_service/prefix_override:/usr/lib/python3/dist-packages/colcon_core/task/python/colcon_distutils_commands:/home/loser/ws01_plumbing/install/py02_service/lib/python3.10/site-packages:${PYTHONPATH} /usr/bin/python3 -W ignore:setup.py install is deprecated -W ignore:easy_install command is deprecated setup.py egg_info --egg-base ../../build/py02_service build --build-base /home/loser/ws01_plumbing/build/py02_service/build install --record /home/loser/ws01_plumbing/build/py02_service/install.log --single-version-externally-managed install_data
[1.145s] running egg_info
[1.147s] creating ../../build/py02_service/py02_service.egg-info
[1.147s] writing ../../build/py02_service/py02_service.egg-info/PKG-INFO
[1.147s] writing dependency_links to ../../build/py02_service/py02_service.egg-info/dependency_links.txt
[1.147s] writing entry points to ../../build/py02_service/py02_service.egg-info/entry_points.txt
[1.147s] writing requirements to ../../build/py02_service/py02_service.egg-info/requires.txt
[1.147s] writing top-level names to ../../build/py02_service/py02_service.egg-info/top_level.txt
[1.147s] writing manifest file '../../build/py02_service/py02_service.egg-info/SOURCES.txt'
[1.147s] reading manifest file '../../build/py02_service/py02_service.egg-info/SOURCES.txt'
[1.147s] writing manifest file '../../build/py02_service/py02_service.egg-info/SOURCES.txt'
[1.147s] running build
[1.147s] running build_py
[1.148s] creating /home/loser/ws01_plumbing/build/py02_service/build
[1.148s] creating /home/loser/ws01_plumbing/build/py02_service/build/lib
[1.148s] creating /home/loser/ws01_plumbing/build/py02_service/build/lib/py02_service
[1.148s] copying py02_service/demo01_server.py -> /home/loser/ws01_plumbing/build/py02_service/build/lib/py02_service
[1.148s] copying py02_service/__init__.py -> /home/loser/ws01_plumbing/build/py02_service/build/lib/py02_service
[1.148s] running install
[1.150s] running install_lib
[1.151s] creating /home/loser/ws01_plumbing/install/py02_service/lib/python3.10/site-packages/py02_service
[1.151s] copying /home/loser/ws01_plumbing/build/py02_service/build/lib/py02_service/demo01_server.py -> /home/loser/ws01_plumbing/install/py02_service/lib/python3.10/site-packages/py02_service
[1.151s] copying /home/loser/ws01_plumbing/build/py02_service/build/lib/py02_service/__init__.py -> /home/loser/ws01_plumbing/install/py02_service/lib/python3.10/site-packages/py02_service
[1.152s] byte-compiling /home/loser/ws01_plumbing/install/py02_service/lib/python3.10/site-packages/py02_service/demo01_server.py to demo01_server.cpython-310.pyc
[1.153s] byte-compiling /home/loser/ws01_plumbing/install/py02_service/lib/python3.10/site-packages/py02_service/__init__.py to __init__.cpython-310.pyc
[1.153s] running install_data
[1.153s] creating /home/loser/ws01_plumbing/install/py02_service/share/ament_index
[1.153s] creating /home/loser/ws01_plumbing/install/py02_service/share/ament_index/resource_index
[1.154s] creating /home/loser/ws01_plumbing/install/py02_service/share/ament_index/resource_index/packages
[1.154s] copying resource/py02_service -> /home/loser/ws01_plumbing/install/py02_service/share/ament_index/resource_index/packages
[1.154s] copying package.xml -> /home/loser/ws01_plumbing/install/py02_service/share/py02_service
[1.154s] running install_egg_info
[1.157s] Copying ../../build/py02_service/py02_service.egg-info to /home/loser/ws01_plumbing/install/py02_service/lib/python3.10/site-packages/py02_service-0.0.0-py3.10.egg-info
[1.158s] running install_scripts
[1.178s] Installing demo01_server script to /home/loser/ws01_plumbing/install/py02_service/lib/py02_service
[1.179s] writing list of installed files to '/home/loser/ws01_plumbing/build/py02_service/install.log'
[1.194s] Invoked command in '/home/loser/ws01_plumbing/src/py02_service' returned '0': CMAKE_PREFIX_PATH=/home/loser/ws01_plumbing/install/base_interfaces_demo:/home/loser/ws01_plumbing/install/cpp02_service:/home/loser/ws01_plumbing/install/cpp01_topic PYTHONPATH=/home/loser/ws01_plumbing/build/py02_service/prefix_override:/usr/lib/python3/dist-packages/colcon_core/task/python/colcon_distutils_commands:/home/loser/ws01_plumbing/install/py02_service/lib/python3.10/site-packages:${PYTHONPATH} /usr/bin/python3 -W ignore:setup.py install is deprecated -W ignore:easy_install command is deprecated setup.py egg_info --egg-base ../../build/py02_service build --build-base /home/loser/ws01_plumbing/build/py02_service/build install --record /home/loser/ws01_plumbing/build/py02_service/install.log --single-version-externally-managed install_data
