[0.628s] Invoking command in '/home/loser/ws01_plumbing/src/py02_service': AMENT_PREFIX_PATH=/home/loser/ws01_plumbing/install/base_interfaces_demo:${AMENT_PREFIX_PATH} CMAKE_PREFIX_PATH=/home/loser/ws01_plumbing/install/base_interfaces_demo LD_LIBRARY_PATH=/home/loser/ws01_plumbing/install/base_interfaces_demo/lib:${LD_LIBRARY_PATH} PYTHONPATH=/home/loser/ws01_plumbing/build/py02_service/prefix_override:/usr/lib/python3/dist-packages/colcon_core/task/python/colcon_distutils_commands:/home/loser/ws01_plumbing/install/py02_service/lib/python3.10/site-packages:/home/loser/ws01_plumbing/install/base_interfaces_demo/local/lib/python3.10/dist-packages:${PYTHONPATH} /usr/bin/python3 -W ignore:setup.py install is deprecated -W ignore:easy_install command is deprecated setup.py egg_info --egg-base ../../build/py02_service build --build-base /home/loser/ws01_plumbing/build/py02_service/build install --record /home/loser/ws01_plumbing/build/py02_service/install.log --single-version-externally-managed install_data
[0.745s] running egg_info
[0.746s] writing ../../build/py02_service/py02_service.egg-info/PKG-INFO
[0.746s] writing dependency_links to ../../build/py02_service/py02_service.egg-info/dependency_links.txt
[0.747s] writing entry points to ../../build/py02_service/py02_service.egg-info/entry_points.txt
[0.747s] writing requirements to ../../build/py02_service/py02_service.egg-info/requires.txt
[0.747s] writing top-level names to ../../build/py02_service/py02_service.egg-info/top_level.txt
[0.747s] reading manifest file '../../build/py02_service/py02_service.egg-info/SOURCES.txt'
[0.747s] writing manifest file '../../build/py02_service/py02_service.egg-info/SOURCES.txt'
[0.747s] running build
[0.747s] running build_py
[0.747s] running install
[0.747s] running install_lib
[0.748s] running install_data
[0.748s] running install_egg_info
[0.749s] removing '/home/loser/ws01_plumbing/install/py02_service/lib/python3.10/site-packages/py02_service-0.0.0-py3.10.egg-info' (and everything under it)
[0.749s] Copying ../../build/py02_service/py02_service.egg-info to /home/loser/ws01_plumbing/install/py02_service/lib/python3.10/site-packages/py02_service-0.0.0-py3.10.egg-info
[0.749s] running install_scripts
[0.771s] Installing demo01_server script to /home/loser/ws01_plumbing/install/py02_service/lib/py02_service
[0.771s] writing list of installed files to '/home/loser/ws01_plumbing/build/py02_service/install.log'
[0.775s] Invoked command in '/home/loser/ws01_plumbing/src/py02_service' returned '0': AMENT_PREFIX_PATH=/home/loser/ws01_plumbing/install/base_interfaces_demo:${AMENT_PREFIX_PATH} CMAKE_PREFIX_PATH=/home/loser/ws01_plumbing/install/base_interfaces_demo LD_LIBRARY_PATH=/home/loser/ws01_plumbing/install/base_interfaces_demo/lib:${LD_LIBRARY_PATH} PYTHONPATH=/home/loser/ws01_plumbing/build/py02_service/prefix_override:/usr/lib/python3/dist-packages/colcon_core/task/python/colcon_distutils_commands:/home/loser/ws01_plumbing/install/py02_service/lib/python3.10/site-packages:/home/loser/ws01_plumbing/install/base_interfaces_demo/local/lib/python3.10/dist-packages:${PYTHONPATH} /usr/bin/python3 -W ignore:setup.py install is deprecated -W ignore:easy_install command is deprecated setup.py egg_info --egg-base ../../build/py02_service build --build-base /home/loser/ws01_plumbing/build/py02_service/build install --record /home/loser/ws01_plumbing/build/py02_service/install.log --single-version-externally-managed install_data
