[0.475s] Invoking command in '/home/loser/ws01_plumbing/src/py04_param': CMAKE_PREFIX_PATH=/home/loser/ws01_plumbing/install/base_interfaces_demo:/home/loser/ws01_plumbing/install/cpp03_action:/home/loser/ws01_plumbing/install/cpp02_service:/home/loser/ws01_plumbing/install/cpp01_topic:/opt/ros/jazzy/opt/gz_sim_vendor:/opt/ros/jazzy/opt/gz_sensors_vendor:/opt/ros/jazzy/opt/gz_physics_vendor:/opt/ros/jazzy/opt/sdformat_vendor:/opt/ros/jazzy/opt/gz_gui_vendor:/opt/ros/jazzy/opt/gz_transport_vendor:/opt/ros/jazzy/opt/gz_rendering_vendor:/opt/ros/jazzy/opt/gz_plugin_vendor:/opt/ros/jazzy/opt/gz_fuel_tools_vendor:/opt/ros/jazzy/opt/gz_msgs_vendor:/opt/ros/jazzy/opt/gz_common_vendor:/opt/ros/jazzy/opt/gz_math_vendor:/opt/ros/jazzy/opt/gz_utils_vendor:/opt/ros/jazzy/opt/gz_tools_vendor:/opt/ros/jazzy/opt/gz_ogre_next_vendor:/opt/ros/jazzy/opt/gz_dartsim_vendor:/opt/ros/jazzy/opt/gz_cmake_vendor DEBUGINFOD_URLS=https://debuginfod.ubuntu.com PYTHONPATH=/home/loser/ws01_plumbing/build/py04_param/prefix_override:/usr/lib/python3/dist-packages/colcon_core/task/python/colcon_distutils_commands:/home/loser/ws01_plumbing/install/py04_param/lib/python3.12/site-packages:/home/loser/ws01_plumbing/install/base_interfaces_demo/lib/python3.12/site-packages:/home/loser/ws01_plumbing/install/py04_param/lib/python3.12/site-packages:/home/loser/ws01_plumbing/install/py03_action/lib/python3.12/site-packages:/home/loser/ws01_plumbing/install/py02_service/lib/python3.12/site-packages:/home/loser/ws01_plumbing/install/py01_topic/lib/python3.12/site-packages:/opt/ros/jazzy/lib/python3.12/site-packages /usr/bin/python3 -W ignore:setup.py install is deprecated -W ignore:easy_install command is deprecated setup.py egg_info --egg-base ../../build/py04_param build --build-base /home/loser/ws01_plumbing/build/py04_param/build install --record /home/loser/ws01_plumbing/build/py04_param/install.log --single-version-externally-managed install_data
[0.617s] running egg_info
[0.629s] writing ../../build/py04_param/py04_param.egg-info/PKG-INFO
[0.629s] writing dependency_links to ../../build/py04_param/py04_param.egg-info/dependency_links.txt
[0.629s] writing entry points to ../../build/py04_param/py04_param.egg-info/entry_points.txt
[0.629s] writing requirements to ../../build/py04_param/py04_param.egg-info/requires.txt
[0.629s] writing top-level names to ../../build/py04_param/py04_param.egg-info/top_level.txt
[0.652s] reading manifest file '../../build/py04_param/py04_param.egg-info/SOURCES.txt'
[0.652s] writing manifest file '../../build/py04_param/py04_param.egg-info/SOURCES.txt'
[0.652s] running build
[0.653s] running build_py
[0.653s] copying py04_param/param_declare.py -> /home/loser/ws01_plumbing/build/py04_param/build/lib/py04_param
[0.653s] running install
[0.656s] running install_lib
[0.666s] copying /home/loser/ws01_plumbing/build/py04_param/build/lib/py04_param/param_declare.py -> /home/loser/ws01_plumbing/install/py04_param/lib/python3.12/site-packages/py04_param
[0.667s] byte-compiling /home/loser/ws01_plumbing/install/py04_param/lib/python3.12/site-packages/py04_param/param_declare.py to param_declare.cpython-312.pyc
[0.667s] running install_data
[0.668s] running install_egg_info
[0.678s] removing '/home/loser/ws01_plumbing/install/py04_param/lib/python3.12/site-packages/py04_param-0.0.0-py3.12.egg-info' (and everything under it)
[0.678s] Copying ../../build/py04_param/py04_param.egg-info to /home/loser/ws01_plumbing/install/py04_param/lib/python3.12/site-packages/py04_param-0.0.0-py3.12.egg-info
[0.679s] running install_scripts
[0.753s] Installing param_declare script to /home/loser/ws01_plumbing/install/py04_param/lib/py04_param
[0.756s] writing list of installed files to '/home/loser/ws01_plumbing/build/py04_param/install.log'
[0.774s] Invoked command in '/home/loser/ws01_plumbing/src/py04_param' returned '0': CMAKE_PREFIX_PATH=/home/loser/ws01_plumbing/install/base_interfaces_demo:/home/loser/ws01_plumbing/install/cpp03_action:/home/loser/ws01_plumbing/install/cpp02_service:/home/loser/ws01_plumbing/install/cpp01_topic:/opt/ros/jazzy/opt/gz_sim_vendor:/opt/ros/jazzy/opt/gz_sensors_vendor:/opt/ros/jazzy/opt/gz_physics_vendor:/opt/ros/jazzy/opt/sdformat_vendor:/opt/ros/jazzy/opt/gz_gui_vendor:/opt/ros/jazzy/opt/gz_transport_vendor:/opt/ros/jazzy/opt/gz_rendering_vendor:/opt/ros/jazzy/opt/gz_plugin_vendor:/opt/ros/jazzy/opt/gz_fuel_tools_vendor:/opt/ros/jazzy/opt/gz_msgs_vendor:/opt/ros/jazzy/opt/gz_common_vendor:/opt/ros/jazzy/opt/gz_math_vendor:/opt/ros/jazzy/opt/gz_utils_vendor:/opt/ros/jazzy/opt/gz_tools_vendor:/opt/ros/jazzy/opt/gz_ogre_next_vendor:/opt/ros/jazzy/opt/gz_dartsim_vendor:/opt/ros/jazzy/opt/gz_cmake_vendor DEBUGINFOD_URLS=https://debuginfod.ubuntu.com PYTHONPATH=/home/loser/ws01_plumbing/build/py04_param/prefix_override:/usr/lib/python3/dist-packages/colcon_core/task/python/colcon_distutils_commands:/home/loser/ws01_plumbing/install/py04_param/lib/python3.12/site-packages:/home/loser/ws01_plumbing/install/base_interfaces_demo/lib/python3.12/site-packages:/home/loser/ws01_plumbing/install/py04_param/lib/python3.12/site-packages:/home/loser/ws01_plumbing/install/py03_action/lib/python3.12/site-packages:/home/loser/ws01_plumbing/install/py02_service/lib/python3.12/site-packages:/home/loser/ws01_plumbing/install/py01_topic/lib/python3.12/site-packages:/opt/ros/jazzy/lib/python3.12/site-packages /usr/bin/python3 -W ignore:setup.py install is deprecated -W ignore:easy_install command is deprecated setup.py egg_info --egg-base ../../build/py04_param build --build-base /home/loser/ws01_plumbing/build/py04_param/build install --record /home/loser/ws01_plumbing/build/py04_param/install.log --single-version-externally-managed install_data
