running egg_info
writing ../../build/py02_service/py02_service.egg-info/PKG-INFO
writing dependency_links to ../../build/py02_service/py02_service.egg-info/dependency_links.txt
writing entry points to ../../build/py02_service/py02_service.egg-info/entry_points.txt
writing requirements to ../../build/py02_service/py02_service.egg-info/requires.txt
writing top-level names to ../../build/py02_service/py02_service.egg-info/top_level.txt
reading manifest file '../../build/py02_service/py02_service.egg-info/SOURCES.txt'
writing manifest file '../../build/py02_service/py02_service.egg-info/SOURCES.txt'
running build
running build_py
running install
running install_lib
running install_data
running install_egg_info
removing '/home/loser/ws01_plumbing/install/py02_service/lib/python3.12/site-packages/py02_service-0.0.0-py3.12.egg-info' (and everything under it)
Copying ../../build/py02_service/py02_service.egg-info to /home/loser/ws01_plumbing/install/py02_service/lib/python3.12/site-packages/py02_service-0.0.0-py3.12.egg-info
running install_scripts
Installing demo01_server script to /home/loser/ws01_plumbing/install/py02_service/lib/py02_service
Installing demo02_listener script to /home/loser/ws01_plumbing/install/py02_service/lib/py02_service
writing list of installed files to '/home/loser/ws01_plumbing/build/py02_service/install.log'
