[0.726s] Invoking command in '/home/loser/ws01_plumbing/src/py02_service': CMAKE_PREFIX_PATH=/home/loser/ws01_plumbing/install/base_interfaces_demo:/home/loser/ws01_plumbing/install/cpp02_service:/opt/ros/jazzy/opt/gz_sim_vendor:/opt/ros/jazzy/opt/gz_sensors_vendor:/opt/ros/jazzy/opt/gz_physics_vendor:/opt/ros/jazzy/opt/sdformat_vendor:/opt/ros/jazzy/opt/gz_gui_vendor:/opt/ros/jazzy/opt/gz_transport_vendor:/opt/ros/jazzy/opt/gz_rendering_vendor:/opt/ros/jazzy/opt/gz_plugin_vendor:/opt/ros/jazzy/opt/gz_fuel_tools_vendor:/opt/ros/jazzy/opt/gz_msgs_vendor:/opt/ros/jazzy/opt/gz_common_vendor:/opt/ros/jazzy/opt/gz_math_vendor:/opt/ros/jazzy/opt/gz_utils_vendor:/opt/ros/jazzy/opt/gz_tools_vendor:/opt/ros/jazzy/opt/gz_ogre_next_vendor:/opt/ros/jazzy/opt/gz_dartsim_vendor:/opt/ros/jazzy/opt/gz_cmake_vendor DEBUGINFOD_URLS=https://debuginfod.ubuntu.com PYTHONPATH=/home/loser/ws01_plumbing/build/py02_service/prefix_override:/usr/lib/python3/dist-packages/colcon_core/task/python/colcon_distutils_commands:/home/loser/ws01_plumbing/install/py02_service/lib/python3.12/site-packages:/home/loser/ws01_plumbing/install/base_interfaces_demo/lib/python3.12/site-packages:/home/loser/ws01_plumbing/install/py03_action/lib/python3.12/site-packages:/home/loser/ws01_plumbing/install/py02_service/lib/python3.12/site-packages:/home/loser/ws01_plumbing/install/py01_topic/lib/python3.12/site-packages:/opt/ros/jazzy/lib/python3.12/site-packages /usr/bin/python3 -W ignore:setup.py install is deprecated -W ignore:easy_install command is deprecated setup.py egg_info --egg-base ../../build/py02_service build --build-base /home/loser/ws01_plumbing/build/py02_service/build install --record /home/loser/ws01_plumbing/build/py02_service/install.log --single-version-externally-managed install_data
[0.898s] running egg_info
[0.909s] writing ../../build/py02_service/py02_service.egg-info/PKG-INFO
[0.909s] writing dependency_links to ../../build/py02_service/py02_service.egg-info/dependency_links.txt
[0.909s] writing entry points to ../../build/py02_service/py02_service.egg-info/entry_points.txt
[0.909s] writing requirements to ../../build/py02_service/py02_service.egg-info/requires.txt
[0.915s] writing top-level names to ../../build/py02_service/py02_service.egg-info/top_level.txt
[0.935s] reading manifest file '../../build/py02_service/py02_service.egg-info/SOURCES.txt'
[0.936s] writing manifest file '../../build/py02_service/py02_service.egg-info/SOURCES.txt'
[0.936s] running build
[0.936s] running build_py
[0.936s] running install
[0.940s] running install_lib
[0.953s] running install_data
[0.955s] running install_egg_info
[0.968s] removing '/home/loser/ws01_plumbing/install/py02_service/lib/python3.12/site-packages/py02_service-0.0.0-py3.12.egg-info' (and everything under it)
[0.968s] Copying ../../build/py02_service/py02_service.egg-info to /home/loser/ws01_plumbing/install/py02_service/lib/python3.12/site-packages/py02_service-0.0.0-py3.12.egg-info
[0.968s] running install_scripts
[1.052s] Installing demo01_server script to /home/loser/ws01_plumbing/install/py02_service/lib/py02_service
[1.052s] Installing demo02_listener script to /home/loser/ws01_plumbing/install/py02_service/lib/py02_service
[1.052s] writing list of installed files to '/home/loser/ws01_plumbing/build/py02_service/install.log'
[1.073s] Invoked command in '/home/loser/ws01_plumbing/src/py02_service' returned '0': CMAKE_PREFIX_PATH=/home/loser/ws01_plumbing/install/base_interfaces_demo:/home/loser/ws01_plumbing/install/cpp02_service:/opt/ros/jazzy/opt/gz_sim_vendor:/opt/ros/jazzy/opt/gz_sensors_vendor:/opt/ros/jazzy/opt/gz_physics_vendor:/opt/ros/jazzy/opt/sdformat_vendor:/opt/ros/jazzy/opt/gz_gui_vendor:/opt/ros/jazzy/opt/gz_transport_vendor:/opt/ros/jazzy/opt/gz_rendering_vendor:/opt/ros/jazzy/opt/gz_plugin_vendor:/opt/ros/jazzy/opt/gz_fuel_tools_vendor:/opt/ros/jazzy/opt/gz_msgs_vendor:/opt/ros/jazzy/opt/gz_common_vendor:/opt/ros/jazzy/opt/gz_math_vendor:/opt/ros/jazzy/opt/gz_utils_vendor:/opt/ros/jazzy/opt/gz_tools_vendor:/opt/ros/jazzy/opt/gz_ogre_next_vendor:/opt/ros/jazzy/opt/gz_dartsim_vendor:/opt/ros/jazzy/opt/gz_cmake_vendor DEBUGINFOD_URLS=https://debuginfod.ubuntu.com PYTHONPATH=/home/loser/ws01_plumbing/build/py02_service/prefix_override:/usr/lib/python3/dist-packages/colcon_core/task/python/colcon_distutils_commands:/home/loser/ws01_plumbing/install/py02_service/lib/python3.12/site-packages:/home/loser/ws01_plumbing/install/base_interfaces_demo/lib/python3.12/site-packages:/home/loser/ws01_plumbing/install/py03_action/lib/python3.12/site-packages:/home/loser/ws01_plumbing/install/py02_service/lib/python3.12/site-packages:/home/loser/ws01_plumbing/install/py01_topic/lib/python3.12/site-packages:/opt/ros/jazzy/lib/python3.12/site-packages /usr/bin/python3 -W ignore:setup.py install is deprecated -W ignore:easy_install command is deprecated setup.py egg_info --egg-base ../../build/py02_service build --build-base /home/loser/ws01_plumbing/build/py02_service/build install --record /home/loser/ws01_plumbing/build/py02_service/install.log --single-version-externally-managed install_data
