[35m[1mConsolidate compiler generated dependencies of target demo01_action_server[0m
[ 50%] Built target demo02_action_client
[ 75%] [32mBuilding CXX object CMakeFiles/demo01_action_server.dir/src/demo01_action_server.cpp.o[0m
[01m[K/home/loser/ws01_plumbing/src/cpp03_action/src/demo01_action_server.cpp:[m[K In member function ‘[01m[Krclcpp_action::GoalResponse ServerNode::handle_goal(const GoalUUID&, std::shared_ptr<const base_interfaces_demo::action::Progress_Goal_<std::allocator<void> > >)[m[K’:
[01m[K/home/loser/ws01_plumbing/src/cpp03_action/src/demo01_action_server.cpp:22:40:[m[K [01;35m[Kwarning: [m[Kunused parameter ‘[01m[Kuuid[m[K’ [[01;35m[K]8;;https://gcc.gnu.org/onlinedocs/gcc/Warning-Options.html#index-Wunused-parameter-Wunused-parameter]8;;[m[K]
   22 |         [01;35m[Kconst rclcpp_action::GoalUUID &uuid[m[K,//传过来的这个请求的编号
      |         [01;35m[K~~~~~~~~~~~~~~~~~~~~~~~~~~~~~~~^~~~[m[K
[100%] [32m[1mLinking CXX executable demo01_action_server[0m
[100%] Built target demo01_action_server
-- Install configuration: ""
-- Installing: /home/loser/ws01_plumbing/install/cpp03_action/lib/cpp03_action/demo01_action_server
-- Set runtime path of "/home/loser/ws01_plumbing/install/cpp03_action/lib/cpp03_action/demo01_action_server" to ""
-- Up-to-date: /home/loser/ws01_plumbing/install/cpp03_action/lib/cpp03_action/demo02_action_client
-- Up-to-date: /home/loser/ws01_plumbing/install/cpp03_action/share/ament_index/resource_index/package_run_dependencies/cpp03_action
-- Up-to-date: /home/loser/ws01_plumbing/install/cpp03_action/share/ament_index/resource_index/parent_prefix_path/cpp03_action
-- Up-to-date: /home/loser/ws01_plumbing/install/cpp03_action/share/cpp03_action/environment/ament_prefix_path.sh
-- Up-to-date: /home/loser/ws01_plumbing/install/cpp03_action/share/cpp03_action/environment/ament_prefix_path.dsv
-- Up-to-date: /home/loser/ws01_plumbing/install/cpp03_action/share/cpp03_action/environment/path.sh
-- Up-to-date: /home/loser/ws01_plumbing/install/cpp03_action/share/cpp03_action/environment/path.dsv
-- Up-to-date: /home/loser/ws01_plumbing/install/cpp03_action/share/cpp03_action/local_setup.bash
-- Up-to-date: /home/loser/ws01_plumbing/install/cpp03_action/share/cpp03_action/local_setup.sh
-- Up-to-date: /home/loser/ws01_plumbing/install/cpp03_action/share/cpp03_action/local_setup.zsh
-- Up-to-date: /home/loser/ws01_plumbing/install/cpp03_action/share/cpp03_action/local_setup.dsv
-- Installing: /home/loser/ws01_plumbing/install/cpp03_action/share/cpp03_action/package.dsv
-- Up-to-date: /home/loser/ws01_plumbing/install/cpp03_action/share/ament_index/resource_index/packages/cpp03_action
-- Up-to-date: /home/loser/ws01_plumbing/install/cpp03_action/share/cpp03_action/cmake/cpp03_actionConfig.cmake
-- Up-to-date: /home/loser/ws01_plumbing/install/cpp03_action/share/cpp03_action/cmake/cpp03_actionConfig-version.cmake
-- Up-to-date: /home/loser/ws01_plumbing/install/cpp03_action/share/cpp03_action/package.xml
