[0.968s] Invoking command in '/home/loser/ws01_plumbing/src/py03_action': CMAKE_PREFIX_PATH=/home/loser/ws01_plumbing/install/base_interfaces_demo:/home/loser/ws01_plumbing/install/cpp02_service:/home/loser/ws01_plumbing/install/cpp01_topic PYTHONPATH=/home/loser/ws01_plumbing/build/py03_action/prefix_override:/usr/lib/python3/dist-packages/colcon_core/task/python/colcon_distutils_commands:/home/loser/ws01_plumbing/install/py03_action/lib/python3.10/site-packages:${PYTHONPATH} /usr/bin/python3 -W ignore:setup.py install is deprecated -W ignore:easy_install command is deprecated setup.py egg_info --egg-base ../../build/py03_action build --build-base /home/loser/ws01_plumbing/build/py03_action/build install --record /home/loser/ws01_plumbing/build/py03_action/install.log --single-version-externally-managed install_data
[1.288s] running egg_info
[1.288s] creating ../../build/py03_action/py03_action.egg-info
[1.288s] writing ../../build/py03_action/py03_action.egg-info/PKG-INFO
[1.288s] writing dependency_links to ../../build/py03_action/py03_action.egg-info/dependency_links.txt
[1.288s] writing entry points to ../../build/py03_action/py03_action.egg-info/entry_points.txt
[1.288s] writing requirements to ../../build/py03_action/py03_action.egg-info/requires.txt
[1.288s] writing top-level names to ../../build/py03_action/py03_action.egg-info/top_level.txt
[1.290s] writing manifest file '../../build/py03_action/py03_action.egg-info/SOURCES.txt'
[1.290s] reading manifest file '../../build/py03_action/py03_action.egg-info/SOURCES.txt'
[1.293s] writing manifest file '../../build/py03_action/py03_action.egg-info/SOURCES.txt'
[1.297s] running build
[1.297s] running build_py
[1.297s] creating /home/loser/ws01_plumbing/build/py03_action/build
[1.297s] creating /home/loser/ws01_plumbing/build/py03_action/build/lib
[1.297s] creating /home/loser/ws01_plumbing/build/py03_action/build/lib/py03_action
[1.297s] copying py03_action/demo01_action_server.py -> /home/loser/ws01_plumbing/build/py03_action/build/lib/py03_action
[1.297s] copying py03_action/__init__.py -> /home/loser/ws01_plumbing/build/py03_action/build/lib/py03_action
[1.297s] running install
[1.297s] running install_lib
[1.297s] creating /home/loser/ws01_plumbing/install/py03_action/lib/python3.10/site-packages/py03_action
[1.297s] copying /home/loser/ws01_plumbing/build/py03_action/build/lib/py03_action/demo01_action_server.py -> /home/loser/ws01_plumbing/install/py03_action/lib/python3.10/site-packages/py03_action
[1.297s] copying /home/loser/ws01_plumbing/build/py03_action/build/lib/py03_action/__init__.py -> /home/loser/ws01_plumbing/install/py03_action/lib/python3.10/site-packages/py03_action
[1.297s] byte-compiling /home/loser/ws01_plumbing/install/py03_action/lib/python3.10/site-packages/py03_action/demo01_action_server.py to demo01_action_server.cpython-310.pyc
[1.297s] byte-compiling /home/loser/ws01_plumbing/install/py03_action/lib/python3.10/site-packages/py03_action/__init__.py to __init__.cpython-310.pyc
[1.297s] running install_data
[1.297s] creating /home/loser/ws01_plumbing/install/py03_action/share/ament_index
[1.297s] creating /home/loser/ws01_plumbing/install/py03_action/share/ament_index/resource_index
[1.297s] creating /home/loser/ws01_plumbing/install/py03_action/share/ament_index/resource_index/packages
[1.297s] copying resource/py03_action -> /home/loser/ws01_plumbing/install/py03_action/share/ament_index/resource_index/packages
[1.297s] copying package.xml -> /home/loser/ws01_plumbing/install/py03_action/share/py03_action
[1.297s] running install_egg_info
[1.300s] Copying ../../build/py03_action/py03_action.egg-info to /home/loser/ws01_plumbing/install/py03_action/lib/python3.10/site-packages/py03_action-0.0.0-py3.10.egg-info
[1.301s] running install_scripts
[1.333s] Installing demo01_action_server script to /home/loser/ws01_plumbing/install/py03_action/lib/py03_action
[1.337s] writing list of installed files to '/home/loser/ws01_plumbing/build/py03_action/install.log'
[1.388s] Invoked command in '/home/loser/ws01_plumbing/src/py03_action' returned '0': CMAKE_PREFIX_PATH=/home/loser/ws01_plumbing/install/base_interfaces_demo:/home/loser/ws01_plumbing/install/cpp02_service:/home/loser/ws01_plumbing/install/cpp01_topic PYTHONPATH=/home/loser/ws01_plumbing/build/py03_action/prefix_override:/usr/lib/python3/dist-packages/colcon_core/task/python/colcon_distutils_commands:/home/loser/ws01_plumbing/install/py03_action/lib/python3.10/site-packages:${PYTHONPATH} /usr/bin/python3 -W ignore:setup.py install is deprecated -W ignore:easy_install command is deprecated setup.py egg_info --egg-base ../../build/py03_action build --build-base /home/loser/ws01_plumbing/build/py03_action/build install --record /home/loser/ws01_plumbing/build/py03_action/install.log --single-version-externally-managed install_data
