[0.015s] Invoking command in '/home/loser/ws01_plumbing/build/cpp01_topic': CMAKE_PREFIX_PATH=/home/loser/ws01_plumbing/install/base_interfaces_demo:/home/loser/ws01_plumbing/install/cpp01_topic:/home/loser/ws01_plumbing/install/py01_topic:/opt/ros/humble /usr/bin/cmake --build /home/loser/ws01_plumbing/build/cpp01_topic -- -j4 -l4
[0.070s] [35m[1mConsolidate compiler generated dependencies of target demo_str_cpp_listener[0m
[0.070s] [35m[1mConsolidate compiler generated dependencies of target demo_str_cpp_publisher[0m
[0.082s] [ 50%] Built target demo_str_cpp_publisher
[0.088s] [100%] Built target demo_str_cpp_listener
[0.164s] Invoked command in '/home/loser/ws01_plumbing/build/cpp01_topic' returned '0': CMAKE_PREFIX_PATH=/home/loser/ws01_plumbing/install/base_interfaces_demo:/home/loser/ws01_plumbing/install/cpp01_topic:/home/loser/ws01_plumbing/install/py01_topic:/opt/ros/humble /usr/bin/cmake --build /home/loser/ws01_plumbing/build/cpp01_topic -- -j4 -l4
[0.166s] Invoking command in '/home/loser/ws01_plumbing/build/cpp01_topic': CMAKE_PREFIX_PATH=/home/loser/ws01_plumbing/install/base_interfaces_demo:/home/loser/ws01_plumbing/install/cpp01_topic:/home/loser/ws01_plumbing/install/py01_topic:/opt/ros/humble /usr/bin/cmake --install /home/loser/ws01_plumbing/build/cpp01_topic
[0.174s] -- Install configuration: ""
[0.174s] -- Up-to-date: /home/loser/ws01_plumbing/install/cpp01_topic/lib/cpp01_topic/demo_str_cpp_publisher
[0.174s] -- Up-to-date: /home/loser/ws01_plumbing/install/cpp01_topic/lib/cpp01_topic/demo_str_cpp_listener
[0.174s] -- Up-to-date: /home/loser/ws01_plumbing/install/cpp01_topic/share/ament_index/resource_index/package_run_dependencies/cpp01_topic
[0.174s] -- Up-to-date: /home/loser/ws01_plumbing/install/cpp01_topic/share/ament_index/resource_index/parent_prefix_path/cpp01_topic
[0.174s] -- Up-to-date: /home/loser/ws01_plumbing/install/cpp01_topic/share/cpp01_topic/environment/ament_prefix_path.sh
[0.174s] -- Up-to-date: /home/loser/ws01_plumbing/install/cpp01_topic/share/cpp01_topic/environment/ament_prefix_path.dsv
[0.174s] -- Up-to-date: /home/loser/ws01_plumbing/install/cpp01_topic/share/cpp01_topic/environment/path.sh
[0.174s] -- Up-to-date: /home/loser/ws01_plumbing/install/cpp01_topic/share/cpp01_topic/environment/path.dsv
[0.174s] -- Up-to-date: /home/loser/ws01_plumbing/install/cpp01_topic/share/cpp01_topic/local_setup.bash
[0.174s] -- Up-to-date: /home/loser/ws01_plumbing/install/cpp01_topic/share/cpp01_topic/local_setup.sh
[0.174s] -- Up-to-date: /home/loser/ws01_plumbing/install/cpp01_topic/share/cpp01_topic/local_setup.zsh
[0.174s] -- Up-to-date: /home/loser/ws01_plumbing/install/cpp01_topic/share/cpp01_topic/local_setup.dsv
[0.174s] -- Installing: /home/loser/ws01_plumbing/install/cpp01_topic/share/cpp01_topic/package.dsv
[0.174s] -- Up-to-date: /home/loser/ws01_plumbing/install/cpp01_topic/share/ament_index/resource_index/packages/cpp01_topic
[0.174s] -- Up-to-date: /home/loser/ws01_plumbing/install/cpp01_topic/share/cpp01_topic/cmake/cpp01_topicConfig.cmake
[0.175s] -- Up-to-date: /home/loser/ws01_plumbing/install/cpp01_topic/share/cpp01_topic/cmake/cpp01_topicConfig-version.cmake
[0.175s] -- Up-to-date: /home/loser/ws01_plumbing/install/cpp01_topic/share/cpp01_topic/package.xml
[0.175s] Invoked command in '/home/loser/ws01_plumbing/build/cpp01_topic' returned '0': CMAKE_PREFIX_PATH=/home/loser/ws01_plumbing/install/base_interfaces_demo:/home/loser/ws01_plumbing/install/cpp01_topic:/home/loser/ws01_plumbing/install/py01_topic:/opt/ros/humble /usr/bin/cmake --install /home/loser/ws01_plumbing/build/cpp01_topic
