[0.033s] Invoking command in '/home/loser/ws01_plumbing/build/cpp03_action': CMAKE_PREFIX_PATH=/home/loser/ws01_plumbing/install/base_interfaces_demo:/home/loser/ws01_plumbing/install/cpp02_service:/home/loser/ws01_plumbing/install/cpp01_topic:/home/loser/ws01_plumbing/install/py02_service:/home/loser/ws01_plumbing/install/py01_topic:/opt/ros/humble /usr/bin/cmake /home/loser/ws01_plumbing/src/cpp03_action -DCMAKE_INSTALL_PREFIX=/home/loser/ws01_plumbing/install/cpp03_action
[0.231s] -- The C compiler identification is GNU 11.4.0
[0.331s] -- The CXX compiler identification is GNU 11.4.0
[0.353s] -- Detecting C compiler ABI info
[0.495s] -- Detecting C compiler ABI info - done
[0.504s] -- Check for working C compiler: /usr/bin/cc - skipped
[0.505s] -- Detecting C compile features
[0.506s] -- Detecting C compile features - done
[0.514s] -- Detecting CXX compiler ABI info
[0.678s] -- Detecting CXX compiler ABI info - done
[0.684s] -- Check for working CXX compiler: /usr/bin/c++ - skipped
[0.686s] -- Detecting CXX compile features
[0.686s] -- Detecting CXX compile features - done
[0.696s] -- Found ament_cmake: 1.3.14 (/opt/ros/humble/share/ament_cmake/cmake)
[0.861s] -- Found Python3: /usr/bin/python3 (found version "3.10.12") found components: Interpreter 
[1.083s] -- Found rclcpp: 16.0.19 (/opt/ros/humble/share/rclcpp/cmake)
[1.220s] -- Found rosidl_generator_c: 3.1.8 (/opt/ros/humble/share/rosidl_generator_c/cmake)
[1.231s] -- Found rosidl_adapter: 3.1.8 (/opt/ros/humble/share/rosidl_adapter/cmake)
[1.252s] -- Found rosidl_generator_cpp: 3.1.8 (/opt/ros/humble/share/rosidl_generator_cpp/cmake)
[1.280s] -- Using all available rosidl_typesupport_c: rosidl_typesupport_fastrtps_c;rosidl_typesupport_introspection_c
[1.322s] -- Using all available rosidl_typesupport_cpp: rosidl_typesupport_fastrtps_cpp;rosidl_typesupport_introspection_cpp
[1.414s] -- Found rmw_implementation_cmake: 6.1.2 (/opt/ros/humble/share/rmw_implementation_cmake/cmake)
[1.418s] -- Found rmw_fastrtps_cpp: 6.2.10 (/opt/ros/humble/share/rmw_fastrtps_cpp/cmake)
[1.590s] -- Found OpenSSL: /usr/lib/x86_64-linux-gnu/libcrypto.so (found version "3.0.2")  
[1.633s] -- Found FastRTPS: /opt/ros/humble/include  
[1.685s] -- Using RMW implementation 'rmw_fastrtps_cpp' as default
[1.708s] -- Looking for pthread.h
[1.834s] -- Looking for pthread.h - found
[1.835s] -- Performing Test CMAKE_HAVE_LIBC_PTHREAD
[1.947s] -- Performing Test CMAKE_HAVE_LIBC_PTHREAD - Success
[1.948s] -- Found Threads: TRUE  
[2.018s] -- Found base_interfaces_demo: 0.0.0 (/home/loser/ws01_plumbing/install/base_interfaces_demo/share/base_interfaces_demo/cmake)
[2.031s] -- Found rclcpp_action: 16.0.19 (/opt/ros/humble/share/rclcpp_action/cmake)
[2.084s] -- Found ament_lint_auto: 0.12.15 (/opt/ros/humble/share/ament_lint_auto/cmake)
[2.158s] -- Added test 'cppcheck' to perform static code analysis on C / C++ code
[2.158s] -- Configured cppcheck include dirs: $<BUILD_INTERFACE:/home/loser/ws01_plumbing/src/cpp03_action/include>
[2.158s] -- Configured cppcheck exclude dirs and/or files: 
[2.158s] -- Added test 'lint_cmake' to check CMake code style
[2.160s] -- Added test 'uncrustify' to check C / C++ code style
[2.160s] -- Configured uncrustify additional arguments: 
[2.160s] -- Added test 'xmllint' to check XML markup files
[2.163s] -- Configuring done
[2.171s] -- Generating done
[2.175s] -- Build files have been written to: /home/loser/ws01_plumbing/build/cpp03_action
[2.185s] Invoked command in '/home/loser/ws01_plumbing/build/cpp03_action' returned '0': CMAKE_PREFIX_PATH=/home/loser/ws01_plumbing/install/base_interfaces_demo:/home/loser/ws01_plumbing/install/cpp02_service:/home/loser/ws01_plumbing/install/cpp01_topic:/home/loser/ws01_plumbing/install/py02_service:/home/loser/ws01_plumbing/install/py01_topic:/opt/ros/humble /usr/bin/cmake /home/loser/ws01_plumbing/src/cpp03_action -DCMAKE_INSTALL_PREFIX=/home/loser/ws01_plumbing/install/cpp03_action
[2.186s] Invoking command in '/home/loser/ws01_plumbing/build/cpp03_action': CMAKE_PREFIX_PATH=/home/loser/ws01_plumbing/install/base_interfaces_demo:/home/loser/ws01_plumbing/install/cpp02_service:/home/loser/ws01_plumbing/install/cpp01_topic:/home/loser/ws01_plumbing/install/py02_service:/home/loser/ws01_plumbing/install/py01_topic:/opt/ros/humble /usr/bin/cmake --build /home/loser/ws01_plumbing/build/cpp03_action -- -j4 -l4
[2.241s] [ 50%] [32mBuilding CXX object CMakeFiles/demo01_action_server.dir/src/demo01_action_server.cpp.o[0m
[2.274s] [100%] [32m[1mLinking CXX executable demo01_action_server[0m
[2.341s] [100%] Built target demo01_action_server
[2.356s] Invoked command in '/home/loser/ws01_plumbing/build/cpp03_action' returned '0': CMAKE_PREFIX_PATH=/home/loser/ws01_plumbing/install/base_interfaces_demo:/home/loser/ws01_plumbing/install/cpp02_service:/home/loser/ws01_plumbing/install/cpp01_topic:/home/loser/ws01_plumbing/install/py02_service:/home/loser/ws01_plumbing/install/py01_topic:/opt/ros/humble /usr/bin/cmake --build /home/loser/ws01_plumbing/build/cpp03_action -- -j4 -l4
[2.356s] Invoking command in '/home/loser/ws01_plumbing/build/cpp03_action': CMAKE_PREFIX_PATH=/home/loser/ws01_plumbing/install/base_interfaces_demo:/home/loser/ws01_plumbing/install/cpp02_service:/home/loser/ws01_plumbing/install/cpp01_topic:/home/loser/ws01_plumbing/install/py02_service:/home/loser/ws01_plumbing/install/py01_topic:/opt/ros/humble /usr/bin/cmake --install /home/loser/ws01_plumbing/build/cpp03_action
[2.364s] -- Install configuration: ""
[2.364s] -- Installing: /home/loser/ws01_plumbing/install/cpp03_action/lib/cpp03_action/demo01_action_server
[2.364s] -- Set runtime path of "/home/loser/ws01_plumbing/install/cpp03_action/lib/cpp03_action/demo01_action_server" to ""
[2.364s] -- Installing: /home/loser/ws01_plumbing/install/cpp03_action/share/ament_index/resource_index/package_run_dependencies/cpp03_action
[2.364s] -- Installing: /home/loser/ws01_plumbing/install/cpp03_action/share/ament_index/resource_index/parent_prefix_path/cpp03_action
[2.364s] -- Installing: /home/loser/ws01_plumbing/install/cpp03_action/share/cpp03_action/environment/ament_prefix_path.sh
[2.365s] -- Installing: /home/loser/ws01_plumbing/install/cpp03_action/share/cpp03_action/environment/ament_prefix_path.dsv
[2.365s] -- Installing: /home/loser/ws01_plumbing/install/cpp03_action/share/cpp03_action/environment/path.sh
[2.365s] -- Installing: /home/loser/ws01_plumbing/install/cpp03_action/share/cpp03_action/environment/path.dsv
[2.365s] -- Installing: /home/loser/ws01_plumbing/install/cpp03_action/share/cpp03_action/local_setup.bash
[2.368s] -- Installing: /home/loser/ws01_plumbing/install/cpp03_action/share/cpp03_action/local_setup.sh
[2.368s] -- Installing: /home/loser/ws01_plumbing/install/cpp03_action/share/cpp03_action/local_setup.zsh
[2.368s] -- Installing: /home/loser/ws01_plumbing/install/cpp03_action/share/cpp03_action/local_setup.dsv
[2.368s] -- Installing: /home/loser/ws01_plumbing/install/cpp03_action/share/cpp03_action/package.dsv
[2.368s] -- Installing: /home/loser/ws01_plumbing/install/cpp03_action/share/ament_index/resource_index/packages/cpp03_action
[2.368s] -- Installing: /home/loser/ws01_plumbing/install/cpp03_action/share/cpp03_action/cmake/cpp03_actionConfig.cmake
[2.368s] -- Installing: /home/loser/ws01_plumbing/install/cpp03_action/share/cpp03_action/cmake/cpp03_actionConfig-version.cmake
[2.368s] -- Installing: /home/loser/ws01_plumbing/install/cpp03_action/share/cpp03_action/package.xml
[2.368s] Invoked command in '/home/loser/ws01_plumbing/build/cpp03_action' returned '0': CMAKE_PREFIX_PATH=/home/loser/ws01_plumbing/install/base_interfaces_demo:/home/loser/ws01_plumbing/install/cpp02_service:/home/loser/ws01_plumbing/install/cpp01_topic:/home/loser/ws01_plumbing/install/py02_service:/home/loser/ws01_plumbing/install/py01_topic:/opt/ros/humble /usr/bin/cmake --install /home/loser/ws01_plumbing/build/cpp03_action
