[0.959s] Invoking command in '/home/loser/ws01_plumbing/src/py01_topic': AMENT_PREFIX_PATH=/home/loser/ws01_plumbing/install/base_interfaces_demo:${AMENT_PREFIX_PATH} CMAKE_PREFIX_PATH=/home/loser/ws01_plumbing/install/base_interfaces_demo:${CMAKE_PREFIX_PATH} DEBUGINFOD_URLS=https://debuginfod.ubuntu.com LD_LIBRARY_PATH=/home/loser/ws01_plumbing/install/base_interfaces_demo/lib:${LD_LIBRARY_PATH} PYTHONPATH=/home/loser/ws01_plumbing/build/py01_topic/prefix_override:/usr/lib/python3/dist-packages/colcon_core/task/python/colcon_distutils_commands:/home/loser/ws01_plumbing/install/py01_topic/lib/python3.12/site-packages:/home/loser/ws01_plumbing/install/base_interfaces_demo/lib/python3.12/site-packages:${PYTHONPATH} /usr/bin/python3 -W ignore:setup.py install is deprecated -W ignore:easy_install command is deprecated setup.py egg_info --egg-base ../../build/py01_topic build --build-base /home/loser/ws01_plumbing/build/py01_topic/build install --record /home/loser/ws01_plumbing/build/py01_topic/install.log --single-version-externally-managed install_data
[1.247s] running egg_info
[1.248s] creating ../../build/py01_topic/py01_topic.egg-info
[1.258s] writing ../../build/py01_topic/py01_topic.egg-info/PKG-INFO
[1.258s] writing dependency_links to ../../build/py01_topic/py01_topic.egg-info/dependency_links.txt
[1.258s] writing entry points to ../../build/py01_topic/py01_topic.egg-info/entry_points.txt
[1.258s] writing requirements to ../../build/py01_topic/py01_topic.egg-info/requires.txt
[1.258s] writing top-level names to ../../build/py01_topic/py01_topic.egg-info/top_level.txt
[1.260s] writing manifest file '../../build/py01_topic/py01_topic.egg-info/SOURCES.txt'
[1.279s] reading manifest file '../../build/py01_topic/py01_topic.egg-info/SOURCES.txt'
[1.280s] writing manifest file '../../build/py01_topic/py01_topic.egg-info/SOURCES.txt'
[1.280s] running build
[1.280s] running build_py
[1.280s] creating /home/loser/ws01_plumbing/build/py01_topic/build
[1.281s] creating /home/loser/ws01_plumbing/build/py01_topic/build/lib
[1.281s] creating /home/loser/ws01_plumbing/build/py01_topic/build/lib/py01_topic
[1.281s] copying py01_topic/__init__.py -> /home/loser/ws01_plumbing/build/py01_topic/build/lib/py01_topic
[1.281s] copying py01_topic/demo_str_py_publisher.py -> /home/loser/ws01_plumbing/build/py01_topic/build/lib/py01_topic
[1.281s] copying py01_topic/demo_stu_py_publisher.py -> /home/loser/ws01_plumbing/build/py01_topic/build/lib/py01_topic
[1.283s] copying py01_topic/demo_str_py_listener.py -> /home/loser/ws01_plumbing/build/py01_topic/build/lib/py01_topic
[1.283s] copying py01_topic/demo_stu_py_listener.py -> /home/loser/ws01_plumbing/build/py01_topic/build/lib/py01_topic
[1.283s] running install
[1.285s] running install_lib
[1.297s] creating /home/loser/ws01_plumbing/install/py01_topic/lib/python3.12/site-packages/py01_topic
[1.298s] copying /home/loser/ws01_plumbing/build/py01_topic/build/lib/py01_topic/__init__.py -> /home/loser/ws01_plumbing/install/py01_topic/lib/python3.12/site-packages/py01_topic
[1.298s] copying /home/loser/ws01_plumbing/build/py01_topic/build/lib/py01_topic/demo_str_py_publisher.py -> /home/loser/ws01_plumbing/install/py01_topic/lib/python3.12/site-packages/py01_topic
[1.298s] copying /home/loser/ws01_plumbing/build/py01_topic/build/lib/py01_topic/demo_stu_py_publisher.py -> /home/loser/ws01_plumbing/install/py01_topic/lib/python3.12/site-packages/py01_topic
[1.298s] copying /home/loser/ws01_plumbing/build/py01_topic/build/lib/py01_topic/demo_str_py_listener.py -> /home/loser/ws01_plumbing/install/py01_topic/lib/python3.12/site-packages/py01_topic
[1.299s] copying /home/loser/ws01_plumbing/build/py01_topic/build/lib/py01_topic/demo_stu_py_listener.py -> /home/loser/ws01_plumbing/install/py01_topic/lib/python3.12/site-packages/py01_topic
[1.299s] byte-compiling /home/loser/ws01_plumbing/install/py01_topic/lib/python3.12/site-packages/py01_topic/__init__.py to __init__.cpython-312.pyc
[1.299s] byte-compiling /home/loser/ws01_plumbing/install/py01_topic/lib/python3.12/site-packages/py01_topic/demo_str_py_publisher.py to demo_str_py_publisher.cpython-312.pyc
[1.300s] byte-compiling /home/loser/ws01_plumbing/install/py01_topic/lib/python3.12/site-packages/py01_topic/demo_stu_py_publisher.py to demo_stu_py_publisher.cpython-312.pyc
[1.302s] byte-compiling /home/loser/ws01_plumbing/install/py01_topic/lib/python3.12/site-packages/py01_topic/demo_str_py_listener.py to demo_str_py_listener.cpython-312.pyc
[1.302s] byte-compiling /home/loser/ws01_plumbing/install/py01_topic/lib/python3.12/site-packages/py01_topic/demo_stu_py_listener.py to demo_stu_py_listener.cpython-312.pyc
[1.302s] running install_data
[1.302s] creating /home/loser/ws01_plumbing/install/py01_topic/share/ament_index
[1.305s] creating /home/loser/ws01_plumbing/install/py01_topic/share/ament_index/resource_index
[1.311s] creating /home/loser/ws01_plumbing/install/py01_topic/share/ament_index/resource_index/packages
[1.311s] copying resource/py01_topic -> /home/loser/ws01_plumbing/install/py01_topic/share/ament_index/resource_index/packages
[1.311s] copying package.xml -> /home/loser/ws01_plumbing/install/py01_topic/share/py01_topic
[1.312s] running install_egg_info
[1.325s] Copying ../../build/py01_topic/py01_topic.egg-info to /home/loser/ws01_plumbing/install/py01_topic/lib/python3.12/site-packages/py01_topic-0.0.0-py3.12.egg-info
[1.326s] running install_scripts
[1.421s] Installing demo_str_py_listener script to /home/loser/ws01_plumbing/install/py01_topic/lib/py01_topic
[1.421s] Installing demo_str_py_publisher script to /home/loser/ws01_plumbing/install/py01_topic/lib/py01_topic
[1.421s] Installing demo_stu_py_listener script to /home/loser/ws01_plumbing/install/py01_topic/lib/py01_topic
[1.421s] Installing demo_stu_py_publisher script to /home/loser/ws01_plumbing/install/py01_topic/lib/py01_topic
[1.421s] writing list of installed files to '/home/loser/ws01_plumbing/build/py01_topic/install.log'
[1.451s] Invoked command in '/home/loser/ws01_plumbing/src/py01_topic' returned '0': AMENT_PREFIX_PATH=/home/loser/ws01_plumbing/install/base_interfaces_demo:${AMENT_PREFIX_PATH} CMAKE_PREFIX_PATH=/home/loser/ws01_plumbing/install/base_interfaces_demo:${CMAKE_PREFIX_PATH} DEBUGINFOD_URLS=https://debuginfod.ubuntu.com LD_LIBRARY_PATH=/home/loser/ws01_plumbing/install/base_interfaces_demo/lib:${LD_LIBRARY_PATH} PYTHONPATH=/home/loser/ws01_plumbing/build/py01_topic/prefix_override:/usr/lib/python3/dist-packages/colcon_core/task/python/colcon_distutils_commands:/home/loser/ws01_plumbing/install/py01_topic/lib/python3.12/site-packages:/home/loser/ws01_plumbing/install/base_interfaces_demo/lib/python3.12/site-packages:${PYTHONPATH} /usr/bin/python3 -W ignore:setup.py install is deprecated -W ignore:easy_install command is deprecated setup.py egg_info --egg-base ../../build/py01_topic build --build-base /home/loser/ws01_plumbing/build/py01_topic/build install --record /home/loser/ws01_plumbing/build/py01_topic/install.log --single-version-externally-managed install_data
