[0.361s] Invoking command in '/home/loser/ws01_plumbing/src/py01_topic': CMAKE_PREFIX_PATH=/home/loser/ws01_plumbing/install/base_interfaces_demo:/home/loser/ws01_plumbing/install/cpp01_topic LD_LIBRARY_PATH=/home/loser/ws01_plumbing/install/base_interfaces_demo/lib:${LD_LIBRARY_PATH} PYTHONPATH=/home/loser/ws01_plumbing/build/py01_topic/prefix_override:/usr/lib/python3/dist-packages/colcon_core/task/python/colcon_distutils_commands:/home/loser/ws01_plumbing/install/py01_topic/lib/python3.10/site-packages:/home/loser/ws01_plumbing/install/base_interfaces_demo/local/lib/python3.10/dist-packages:${PYTHONPATH} /usr/bin/python3 -W ignore:setup.py install is deprecated -W ignore:easy_install command is deprecated setup.py egg_info --egg-base ../../build/py01_topic build --build-base /home/loser/ws01_plumbing/build/py01_topic/build install --record /home/loser/ws01_plumbing/build/py01_topic/install.log --single-version-externally-managed install_data
[0.489s] running egg_info
[0.489s] writing ../../build/py01_topic/py01_topic.egg-info/PKG-INFO
[0.489s] writing dependency_links to ../../build/py01_topic/py01_topic.egg-info/dependency_links.txt
[0.489s] writing entry points to ../../build/py01_topic/py01_topic.egg-info/entry_points.txt
[0.489s] writing requirements to ../../build/py01_topic/py01_topic.egg-info/requires.txt
[0.489s] writing top-level names to ../../build/py01_topic/py01_topic.egg-info/top_level.txt
[0.491s] reading manifest file '../../build/py01_topic/py01_topic.egg-info/SOURCES.txt'
[0.491s] writing manifest file '../../build/py01_topic/py01_topic.egg-info/SOURCES.txt'
[0.491s] running build
[0.491s] running build_py
[0.491s] running install
[0.492s] running install_lib
[0.492s] running install_data
[0.492s] running install_egg_info
[0.492s] removing '/home/loser/ws01_plumbing/install/py01_topic/lib/python3.10/site-packages/py01_topic-0.0.0-py3.10.egg-info' (and everything under it)
[0.493s] Copying ../../build/py01_topic/py01_topic.egg-info to /home/loser/ws01_plumbing/install/py01_topic/lib/python3.10/site-packages/py01_topic-0.0.0-py3.10.egg-info
[0.493s] running install_scripts
[0.505s] Installing demo_str_py_listener script to /home/loser/ws01_plumbing/install/py01_topic/lib/py01_topic
[0.505s] Installing demo_str_py_publisher script to /home/loser/ws01_plumbing/install/py01_topic/lib/py01_topic
[0.506s] writing list of installed files to '/home/loser/ws01_plumbing/build/py01_topic/install.log'
[0.523s] Invoked command in '/home/loser/ws01_plumbing/src/py01_topic' returned '0': CMAKE_PREFIX_PATH=/home/loser/ws01_plumbing/install/base_interfaces_demo:/home/loser/ws01_plumbing/install/cpp01_topic LD_LIBRARY_PATH=/home/loser/ws01_plumbing/install/base_interfaces_demo/lib:${LD_LIBRARY_PATH} PYTHONPATH=/home/loser/ws01_plumbing/build/py01_topic/prefix_override:/usr/lib/python3/dist-packages/colcon_core/task/python/colcon_distutils_commands:/home/loser/ws01_plumbing/install/py01_topic/lib/python3.10/site-packages:/home/loser/ws01_plumbing/install/base_interfaces_demo/local/lib/python3.10/dist-packages:${PYTHONPATH} /usr/bin/python3 -W ignore:setup.py install is deprecated -W ignore:easy_install command is deprecated setup.py egg_info --egg-base ../../build/py01_topic build --build-base /home/loser/ws01_plumbing/build/py01_topic/build install --record /home/loser/ws01_plumbing/build/py01_topic/install.log --single-version-externally-managed install_data
