[0.948s] Invoking command in '/home/loser/ws01_plumbing/src/py02_service': CMAKE_PREFIX_PATH=/home/loser/ws01_plumbing/install/base_interfaces_demo:/home/loser/ws01_plumbing/install/cpp02_service:/home/loser/ws01_plumbing/install/cpp01_topic PYTHONPATH=/home/loser/ws01_plumbing/build/py02_service/prefix_override:/usr/lib/python3/dist-packages/colcon_core/task/python/colcon_distutils_commands:/home/loser/ws01_plumbing/install/py02_service/lib/python3.10/site-packages:${PYTHONPATH} /usr/bin/python3 -W ignore:setup.py install is deprecated -W ignore:easy_install command is deprecated setup.py egg_info --egg-base ../../build/py02_service build --build-base /home/loser/ws01_plumbing/build/py02_service/build install --record /home/loser/ws01_plumbing/build/py02_service/install.log --single-version-externally-managed install_data
[1.192s] running egg_info
[1.193s] writing ../../build/py02_service/py02_service.egg-info/PKG-INFO
[1.194s] writing dependency_links to ../../build/py02_service/py02_service.egg-info/dependency_links.txt
[1.194s] writing entry points to ../../build/py02_service/py02_service.egg-info/entry_points.txt
[1.195s] writing requirements to ../../build/py02_service/py02_service.egg-info/requires.txt
[1.196s] writing top-level names to ../../build/py02_service/py02_service.egg-info/top_level.txt
[1.198s] reading manifest file '../../build/py02_service/py02_service.egg-info/SOURCES.txt'
[1.200s] writing manifest file '../../build/py02_service/py02_service.egg-info/SOURCES.txt'
[1.200s] running build
[1.201s] running build_py
[1.201s] copying py02_service/demo02_listener.py -> /home/loser/ws01_plumbing/build/py02_service/build/lib/py02_service
[1.202s] running install
[1.203s] running install_lib
[1.203s] copying /home/loser/ws01_plumbing/build/py02_service/build/lib/py02_service/demo02_listener.py -> /home/loser/ws01_plumbing/install/py02_service/lib/python3.10/site-packages/py02_service
[1.204s] byte-compiling /home/loser/ws01_plumbing/install/py02_service/lib/python3.10/site-packages/py02_service/demo02_listener.py to demo02_listener.cpython-310.pyc
[1.205s] running install_data
[1.206s] running install_egg_info
[1.208s] removing '/home/loser/ws01_plumbing/install/py02_service/lib/python3.10/site-packages/py02_service-0.0.0-py3.10.egg-info' (and everything under it)
[1.210s] Copying ../../build/py02_service/py02_service.egg-info to /home/loser/ws01_plumbing/install/py02_service/lib/python3.10/site-packages/py02_service-0.0.0-py3.10.egg-info
[1.212s] running install_scripts
[1.238s] Installing demo01_server script to /home/loser/ws01_plumbing/install/py02_service/lib/py02_service
[1.238s] Installing demo02_listener script to /home/loser/ws01_plumbing/install/py02_service/lib/py02_service
[1.239s] writing list of installed files to '/home/loser/ws01_plumbing/build/py02_service/install.log'
[1.267s] Invoked command in '/home/loser/ws01_plumbing/src/py02_service' returned '0': CMAKE_PREFIX_PATH=/home/loser/ws01_plumbing/install/base_interfaces_demo:/home/loser/ws01_plumbing/install/cpp02_service:/home/loser/ws01_plumbing/install/cpp01_topic PYTHONPATH=/home/loser/ws01_plumbing/build/py02_service/prefix_override:/usr/lib/python3/dist-packages/colcon_core/task/python/colcon_distutils_commands:/home/loser/ws01_plumbing/install/py02_service/lib/python3.10/site-packages:${PYTHONPATH} /usr/bin/python3 -W ignore:setup.py install is deprecated -W ignore:easy_install command is deprecated setup.py egg_info --egg-base ../../build/py02_service build --build-base /home/loser/ws01_plumbing/build/py02_service/build install --record /home/loser/ws01_plumbing/build/py02_service/install.log --single-version-externally-managed install_data
