[0.016s] Invoking command in '/home/loser/ws01_plumbing/build/cpp02_service': AMENT_PREFIX_PATH=/home/loser/ws01_plumbing/install/base_interfaces_demo:${AMENT_PREFIX_PATH} CMAKE_PREFIX_PATH=/home/loser/ws01_plumbing/install/base_interfaces_demo:/home/loser/ws01_plumbing/src/install/base_interfaces_demo:/opt/ros/humble LD_LIBRARY_PATH=/home/loser/ws01_plumbing/install/base_interfaces_demo/lib:${LD_LIBRARY_PATH} PYTHONPATH=/home/loser/ws01_plumbing/install/base_interfaces_demo/local/lib/python3.10/dist-packages:${PYTHONPATH} /usr/bin/cmake /home/loser/ws01_plumbing/src/cpp02_service -DCMAKE_INSTALL_PREFIX=/home/loser/ws01_plumbing/install/cpp02_service
[0.038s] -- Found ament_cmake: 1.3.14 (/opt/ros/humble/share/ament_cmake/cmake)
[0.184s] -- Found rclcpp: 16.0.19 (/opt/ros/humble/share/rclcpp/cmake)
[0.212s] -- Found rosidl_generator_c: 3.1.8 (/opt/ros/humble/share/rosidl_generator_c/cmake)
[0.214s] -- Found rosidl_adapter: 3.1.8 (/opt/ros/humble/share/rosidl_adapter/cmake)
[0.222s] -- Found rosidl_generator_cpp: 3.1.8 (/opt/ros/humble/share/rosidl_generator_cpp/cmake)
[0.231s] -- Using all available rosidl_typesupport_c: rosidl_typesupport_fastrtps_c;rosidl_typesupport_introspection_c
[0.246s] -- Using all available rosidl_typesupport_cpp: rosidl_typesupport_fastrtps_cpp;rosidl_typesupport_introspection_cpp
[0.280s] -- Found rmw_implementation_cmake: 6.1.2 (/opt/ros/humble/share/rmw_implementation_cmake/cmake)
[0.281s] -- Found rmw_fastrtps_cpp: 6.2.10 (/opt/ros/humble/share/rmw_fastrtps_cpp/cmake)
[0.377s] -- Using RMW implementation 'rmw_fastrtps_cpp' as default
[0.420s] -- Found base_interfaces_demo: 0.0.0 (/home/loser/ws01_plumbing/install/base_interfaces_demo/share/base_interfaces_demo/cmake)
[0.429s] -- Found ament_lint_auto: 0.12.15 (/opt/ros/humble/share/ament_lint_auto/cmake)
[0.499s] -- Added test 'cppcheck' to perform static code analysis on C / C++ code
[0.499s] -- Configured cppcheck include dirs: $<BUILD_INTERFACE:/home/loser/ws01_plumbing/src/cpp02_service/include>
[0.499s] -- Configured cppcheck exclude dirs and/or files: 
[0.500s] -- Added test 'lint_cmake' to check CMake code style
[0.500s] -- Added test 'uncrustify' to check C / C++ code style
[0.500s] -- Configured uncrustify additional arguments: 
[0.501s] -- Added test 'xmllint' to check XML markup files
[0.501s] -- Configuring done
[0.512s] -- Generating done
[0.515s] -- Build files have been written to: /home/loser/ws01_plumbing/build/cpp02_service
[0.523s] Invoked command in '/home/loser/ws01_plumbing/build/cpp02_service' returned '0': AMENT_PREFIX_PATH=/home/loser/ws01_plumbing/install/base_interfaces_demo:${AMENT_PREFIX_PATH} CMAKE_PREFIX_PATH=/home/loser/ws01_plumbing/install/base_interfaces_demo:/home/loser/ws01_plumbing/src/install/base_interfaces_demo:/opt/ros/humble LD_LIBRARY_PATH=/home/loser/ws01_plumbing/install/base_interfaces_demo/lib:${LD_LIBRARY_PATH} PYTHONPATH=/home/loser/ws01_plumbing/install/base_interfaces_demo/local/lib/python3.10/dist-packages:${PYTHONPATH} /usr/bin/cmake /home/loser/ws01_plumbing/src/cpp02_service -DCMAKE_INSTALL_PREFIX=/home/loser/ws01_plumbing/install/cpp02_service
[0.525s] Invoking command in '/home/loser/ws01_plumbing/build/cpp02_service': AMENT_PREFIX_PATH=/home/loser/ws01_plumbing/install/base_interfaces_demo:${AMENT_PREFIX_PATH} CMAKE_PREFIX_PATH=/home/loser/ws01_plumbing/install/base_interfaces_demo:/home/loser/ws01_plumbing/src/install/base_interfaces_demo:/opt/ros/humble LD_LIBRARY_PATH=/home/loser/ws01_plumbing/install/base_interfaces_demo/lib:${LD_LIBRARY_PATH} PYTHONPATH=/home/loser/ws01_plumbing/install/base_interfaces_demo/local/lib/python3.10/dist-packages:${PYTHONPATH} /usr/bin/cmake --build /home/loser/ws01_plumbing/build/cpp02_service -- -j4 -l4
[0.594s] [ 25%] [32mBuilding CXX object CMakeFiles/demo02_client.dir/src/demo02_client.cpp.o[0m
[0.597s] [ 50%] [32mBuilding CXX object CMakeFiles/demo01_server.dir/src/demo01_server.cpp.o[0m
[2.277s] [ 75%] [32m[1mLinking CXX executable demo01_server[0m
[2.277s] [100%] [32m[1mLinking CXX executable demo02_client[0m
[2.351s] [100%] Built target demo02_client
[2.359s] [100%] Built target demo01_server
[2.368s] Invoked command in '/home/loser/ws01_plumbing/build/cpp02_service' returned '0': AMENT_PREFIX_PATH=/home/loser/ws01_plumbing/install/base_interfaces_demo:${AMENT_PREFIX_PATH} CMAKE_PREFIX_PATH=/home/loser/ws01_plumbing/install/base_interfaces_demo:/home/loser/ws01_plumbing/src/install/base_interfaces_demo:/opt/ros/humble LD_LIBRARY_PATH=/home/loser/ws01_plumbing/install/base_interfaces_demo/lib:${LD_LIBRARY_PATH} PYTHONPATH=/home/loser/ws01_plumbing/install/base_interfaces_demo/local/lib/python3.10/dist-packages:${PYTHONPATH} /usr/bin/cmake --build /home/loser/ws01_plumbing/build/cpp02_service -- -j4 -l4
[2.373s] Invoking command in '/home/loser/ws01_plumbing/build/cpp02_service': AMENT_PREFIX_PATH=/home/loser/ws01_plumbing/install/base_interfaces_demo:${AMENT_PREFIX_PATH} CMAKE_PREFIX_PATH=/home/loser/ws01_plumbing/install/base_interfaces_demo:/home/loser/ws01_plumbing/src/install/base_interfaces_demo:/opt/ros/humble LD_LIBRARY_PATH=/home/loser/ws01_plumbing/install/base_interfaces_demo/lib:${LD_LIBRARY_PATH} PYTHONPATH=/home/loser/ws01_plumbing/install/base_interfaces_demo/local/lib/python3.10/dist-packages:${PYTHONPATH} /usr/bin/cmake --install /home/loser/ws01_plumbing/build/cpp02_service
[2.378s] -- Install configuration: ""
[2.378s] -- Installing: /home/loser/ws01_plumbing/install/cpp02_service/lib/cpp02_service/demo01_server
[2.378s] -- Set runtime path of "/home/loser/ws01_plumbing/install/cpp02_service/lib/cpp02_service/demo01_server" to ""
[2.378s] -- Installing: /home/loser/ws01_plumbing/install/cpp02_service/lib/cpp02_service/demo02_client
[2.378s] -- Set runtime path of "/home/loser/ws01_plumbing/install/cpp02_service/lib/cpp02_service/demo02_client" to ""
[2.378s] -- Installing: /home/loser/ws01_plumbing/install/cpp02_service/share/ament_index/resource_index/package_run_dependencies/cpp02_service
[2.378s] -- Installing: /home/loser/ws01_plumbing/install/cpp02_service/share/ament_index/resource_index/parent_prefix_path/cpp02_service
[2.379s] -- Installing: /home/loser/ws01_plumbing/install/cpp02_service/share/cpp02_service/environment/ament_prefix_path.sh
[2.379s] -- Installing: /home/loser/ws01_plumbing/install/cpp02_service/share/cpp02_service/environment/ament_prefix_path.dsv
[2.379s] -- Installing: /home/loser/ws01_plumbing/install/cpp02_service/share/cpp02_service/environment/path.sh
[2.379s] -- Installing: /home/loser/ws01_plumbing/install/cpp02_service/share/cpp02_service/environment/path.dsv
[2.379s] -- Installing: /home/loser/ws01_plumbing/install/cpp02_service/share/cpp02_service/local_setup.bash
[2.379s] -- Installing: /home/loser/ws01_plumbing/install/cpp02_service/share/cpp02_service/local_setup.sh
[2.379s] -- Installing: /home/loser/ws01_plumbing/install/cpp02_service/share/cpp02_service/local_setup.zsh
[2.379s] -- Installing: /home/loser/ws01_plumbing/install/cpp02_service/share/cpp02_service/local_setup.dsv
[2.379s] -- Installing: /home/loser/ws01_plumbing/install/cpp02_service/share/cpp02_service/package.dsv
[2.379s] -- Installing: /home/loser/ws01_plumbing/install/cpp02_service/share/ament_index/resource_index/packages/cpp02_service
[2.379s] -- Installing: /home/loser/ws01_plumbing/install/cpp02_service/share/cpp02_service/cmake/cpp02_serviceConfig.cmake
[2.380s] -- Installing: /home/loser/ws01_plumbing/install/cpp02_service/share/cpp02_service/cmake/cpp02_serviceConfig-version.cmake
[2.380s] -- Installing: /home/loser/ws01_plumbing/install/cpp02_service/share/cpp02_service/package.xml
[2.381s] Invoked command in '/home/loser/ws01_plumbing/build/cpp02_service' returned '0': AMENT_PREFIX_PATH=/home/loser/ws01_plumbing/install/base_interfaces_demo:${AMENT_PREFIX_PATH} CMAKE_PREFIX_PATH=/home/loser/ws01_plumbing/install/base_interfaces_demo:/home/loser/ws01_plumbing/src/install/base_interfaces_demo:/opt/ros/humble LD_LIBRARY_PATH=/home/loser/ws01_plumbing/install/base_interfaces_demo/lib:${LD_LIBRARY_PATH} PYTHONPATH=/home/loser/ws01_plumbing/install/base_interfaces_demo/local/lib/python3.10/dist-packages:${PYTHONPATH} /usr/bin/cmake --install /home/loser/ws01_plumbing/build/cpp02_service
