[0.008s] Invoking command in '/home/loser/ws01_plumbing/build/cpp01_topic': AMENT_PREFIX_PATH=/home/loser/ws01_plumbing/install/base_interfaces_demo:${AMENT_PREFIX_PATH} CMAKE_PREFIX_PATH=/home/loser/ws01_plumbing/install/base_interfaces_demo:/opt/ros/humble /usr/bin/cmake --build /home/loser/ws01_plumbing/build/cpp01_topic -- -j4 -l4
[0.041s] [35m[1mConsolidate compiler generated dependencies of target demo_str_cpp_publisher[0m
[0.059s] [ 50%] [32mBuilding CXX object CMakeFiles/demo_str_cpp_publisher.dir/src/demo_str_cpp_publisher.cpp.o[0m
[2.516s] [100%] [32m[1mLinking CXX executable demo_str_cpp_publisher[0m
[2.631s] [100%] Built target demo_str_cpp_publisher
[2.639s] Invoked command in '/home/loser/ws01_plumbing/build/cpp01_topic' returned '0': AMENT_PREFIX_PATH=/home/loser/ws01_plumbing/install/base_interfaces_demo:${AMENT_PREFIX_PATH} CMAKE_PREFIX_PATH=/home/loser/ws01_plumbing/install/base_interfaces_demo:/opt/ros/humble /usr/bin/cmake --build /home/loser/ws01_plumbing/build/cpp01_topic -- -j4 -l4
[2.640s] Invoking command in '/home/loser/ws01_plumbing/build/cpp01_topic': AMENT_PREFIX_PATH=/home/loser/ws01_plumbing/install/base_interfaces_demo:${AMENT_PREFIX_PATH} CMAKE_PREFIX_PATH=/home/loser/ws01_plumbing/install/base_interfaces_demo:/opt/ros/humble /usr/bin/cmake --install /home/loser/ws01_plumbing/build/cpp01_topic
[2.644s] -- Install configuration: ""
[2.644s] -- Installing: /home/loser/ws01_plumbing/install/cpp01_topic/lib/cpp01_topic/demo_str_cpp_publisher
[2.645s] -- Set runtime path of "/home/loser/ws01_plumbing/install/cpp01_topic/lib/cpp01_topic/demo_str_cpp_publisher" to ""
[2.645s] -- Up-to-date: /home/loser/ws01_plumbing/install/cpp01_topic/share/ament_index/resource_index/package_run_dependencies/cpp01_topic
[2.645s] -- Up-to-date: /home/loser/ws01_plumbing/install/cpp01_topic/share/ament_index/resource_index/parent_prefix_path/cpp01_topic
[2.645s] -- Up-to-date: /home/loser/ws01_plumbing/install/cpp01_topic/share/cpp01_topic/environment/ament_prefix_path.sh
[2.645s] -- Up-to-date: /home/loser/ws01_plumbing/install/cpp01_topic/share/cpp01_topic/environment/ament_prefix_path.dsv
[2.645s] -- Up-to-date: /home/loser/ws01_plumbing/install/cpp01_topic/share/cpp01_topic/environment/path.sh
[2.645s] -- Up-to-date: /home/loser/ws01_plumbing/install/cpp01_topic/share/cpp01_topic/environment/path.dsv
[2.645s] -- Up-to-date: /home/loser/ws01_plumbing/install/cpp01_topic/share/cpp01_topic/local_setup.bash
[2.645s] -- Up-to-date: /home/loser/ws01_plumbing/install/cpp01_topic/share/cpp01_topic/local_setup.sh
[2.645s] -- Up-to-date: /home/loser/ws01_plumbing/install/cpp01_topic/share/cpp01_topic/local_setup.zsh
[2.645s] -- Up-to-date: /home/loser/ws01_plumbing/install/cpp01_topic/share/cpp01_topic/local_setup.dsv
[2.645s] -- Installing: /home/loser/ws01_plumbing/install/cpp01_topic/share/cpp01_topic/package.dsv
[2.645s] -- Up-to-date: /home/loser/ws01_plumbing/install/cpp01_topic/share/ament_index/resource_index/packages/cpp01_topic
[2.645s] -- Up-to-date: /home/loser/ws01_plumbing/install/cpp01_topic/share/cpp01_topic/cmake/cpp01_topicConfig.cmake
[2.645s] -- Up-to-date: /home/loser/ws01_plumbing/install/cpp01_topic/share/cpp01_topic/cmake/cpp01_topicConfig-version.cmake
[2.646s] -- Up-to-date: /home/loser/ws01_plumbing/install/cpp01_topic/share/cpp01_topic/package.xml
[2.647s] Invoked command in '/home/loser/ws01_plumbing/build/cpp01_topic' returned '0': AMENT_PREFIX_PATH=/home/loser/ws01_plumbing/install/base_interfaces_demo:${AMENT_PREFIX_PATH} CMAKE_PREFIX_PATH=/home/loser/ws01_plumbing/install/base_interfaces_demo:/opt/ros/humble /usr/bin/cmake --install /home/loser/ws01_plumbing/build/cpp01_topic
