[0.326s] Invoking command in '/home/loser/ws01_plumbing/src/py02_service': CMAKE_PREFIX_PATH=/home/loser/ws01_plumbing/install/base_interfaces_demo:/home/loser/ws01_plumbing/install/cpp02_service:/home/loser/ws01_plumbing/install/cpp01_topic PYTHONPATH=/home/loser/ws01_plumbing/build/py02_service/prefix_override:/usr/lib/python3/dist-packages/colcon_core/task/python/colcon_distutils_commands:/home/loser/ws01_plumbing/install/py02_service/lib/python3.10/site-packages:${PYTHONPATH} /usr/bin/python3 -W ignore:setup.py install is deprecated -W ignore:easy_install command is deprecated setup.py egg_info --egg-base ../../build/py02_service build --build-base /home/loser/ws01_plumbing/build/py02_service/build install --record /home/loser/ws01_plumbing/build/py02_service/install.log --single-version-externally-managed install_data
[0.465s] running egg_info
[0.466s] writing ../../build/py02_service/py02_service.egg-info/PKG-INFO
[0.466s] writing dependency_links to ../../build/py02_service/py02_service.egg-info/dependency_links.txt
[0.466s] writing entry points to ../../build/py02_service/py02_service.egg-info/entry_points.txt
[0.466s] writing requirements to ../../build/py02_service/py02_service.egg-info/requires.txt
[0.466s] writing top-level names to ../../build/py02_service/py02_service.egg-info/top_level.txt
[0.469s] reading manifest file '../../build/py02_service/py02_service.egg-info/SOURCES.txt'
[0.470s] writing manifest file '../../build/py02_service/py02_service.egg-info/SOURCES.txt'
[0.470s] running build
[0.470s] running build_py
[0.470s] copying py02_service/demo02_listener.py -> /home/loser/ws01_plumbing/build/py02_service/build/lib/py02_service
[0.470s] copying py02_service/demo01_server.py -> /home/loser/ws01_plumbing/build/py02_service/build/lib/py02_service
[0.470s] running install
[0.470s] running install_lib
[0.470s] copying /home/loser/ws01_plumbing/build/py02_service/build/lib/py02_service/demo02_listener.py -> /home/loser/ws01_plumbing/install/py02_service/lib/python3.10/site-packages/py02_service
[0.470s] copying /home/loser/ws01_plumbing/build/py02_service/build/lib/py02_service/demo01_server.py -> /home/loser/ws01_plumbing/install/py02_service/lib/python3.10/site-packages/py02_service
[0.470s] byte-compiling /home/loser/ws01_plumbing/install/py02_service/lib/python3.10/site-packages/py02_service/demo02_listener.py to demo02_listener.cpython-310.pyc
[0.470s] byte-compiling /home/loser/ws01_plumbing/install/py02_service/lib/python3.10/site-packages/py02_service/demo01_server.py to demo01_server.cpython-310.pyc
[0.470s] running install_data
[0.470s] running install_egg_info
[0.471s] removing '/home/loser/ws01_plumbing/install/py02_service/lib/python3.10/site-packages/py02_service-0.0.0-py3.10.egg-info' (and everything under it)
[0.474s] Copying ../../build/py02_service/py02_service.egg-info to /home/loser/ws01_plumbing/install/py02_service/lib/python3.10/site-packages/py02_service-0.0.0-py3.10.egg-info
[0.474s] running install_scripts
[0.487s] Installing demo01_server script to /home/loser/ws01_plumbing/install/py02_service/lib/py02_service
[0.487s] Installing demo02_listener script to /home/loser/ws01_plumbing/install/py02_service/lib/py02_service
[0.488s] writing list of installed files to '/home/loser/ws01_plumbing/build/py02_service/install.log'
[0.500s] Invoked command in '/home/loser/ws01_plumbing/src/py02_service' returned '0': CMAKE_PREFIX_PATH=/home/loser/ws01_plumbing/install/base_interfaces_demo:/home/loser/ws01_plumbing/install/cpp02_service:/home/loser/ws01_plumbing/install/cpp01_topic PYTHONPATH=/home/loser/ws01_plumbing/build/py02_service/prefix_override:/usr/lib/python3/dist-packages/colcon_core/task/python/colcon_distutils_commands:/home/loser/ws01_plumbing/install/py02_service/lib/python3.10/site-packages:${PYTHONPATH} /usr/bin/python3 -W ignore:setup.py install is deprecated -W ignore:easy_install command is deprecated setup.py egg_info --egg-base ../../build/py02_service build --build-base /home/loser/ws01_plumbing/build/py02_service/build install --record /home/loser/ws01_plumbing/build/py02_service/install.log --single-version-externally-managed install_data
