[0.008s] Invoking command in '/home/loser/ws01_plumbing/build/cpp01_topic': AMENT_PREFIX_PATH=/home/loser/ws01_plumbing/install/base_interfaces_demo:${AMENT_PREFIX_PATH} CMAKE_PREFIX_PATH=/home/loser/ws01_plumbing/install/base_interfaces_demo:/opt/ros/humble /usr/bin/cmake /home/loser/ws01_plumbing/src/cpp01_topic -DCMAKE_INSTALL_PREFIX=/home/loser/ws01_plumbing/install/cpp01_topic
[0.077s] -- The C compiler identification is GNU 11.4.0
[0.132s] -- The CXX compiler identification is GNU 11.4.0
[0.136s] -- Detecting C compiler ABI info
[0.196s] -- Detecting C compiler ABI info - done
[0.198s] -- Check for working C compiler: /usr/bin/cc - skipped
[0.199s] -- Detecting C compile features
[0.199s] -- Detecting C compile features - done
[0.200s] -- Detecting CXX compiler ABI info
[0.279s] -- Detecting CXX compiler ABI info - done
[0.283s] -- Check for working CXX compiler: /usr/bin/c++ - skipped
[0.283s] -- Detecting CXX compile features
[0.284s] -- Detecting CXX compile features - done
[0.286s] -- Found ament_cmake: 1.3.14 (/opt/ros/humble/share/ament_cmake/cmake)
[0.382s] -- Found Python3: /usr/bin/python3 (found version "3.10.12") found components: Interpreter 
[0.442s] -- Found rclcpp: 16.0.19 (/opt/ros/humble/share/rclcpp/cmake)
[0.501s] -- Found rosidl_generator_c: 3.1.8 (/opt/ros/humble/share/rosidl_generator_c/cmake)
[0.507s] -- Found rosidl_adapter: 3.1.8 (/opt/ros/humble/share/rosidl_adapter/cmake)
[0.517s] -- Found rosidl_generator_cpp: 3.1.8 (/opt/ros/humble/share/rosidl_generator_cpp/cmake)
[0.539s] -- Using all available rosidl_typesupport_c: rosidl_typesupport_fastrtps_c;rosidl_typesupport_introspection_c
[0.554s] -- Using all available rosidl_typesupport_cpp: rosidl_typesupport_fastrtps_cpp;rosidl_typesupport_introspection_cpp
[0.605s] -- Found rmw_implementation_cmake: 6.1.2 (/opt/ros/humble/share/rmw_implementation_cmake/cmake)
[0.608s] -- Found rmw_fastrtps_cpp: 6.2.10 (/opt/ros/humble/share/rmw_fastrtps_cpp/cmake)
[0.693s] -- Found OpenSSL: /usr/lib/x86_64-linux-gnu/libcrypto.so (found version "3.0.2")  
[0.712s] -- Found FastRTPS: /opt/ros/humble/include  
[0.737s] -- Using RMW implementation 'rmw_fastrtps_cpp' as default
[0.750s] -- Looking for pthread.h
[0.822s] -- Looking for pthread.h - found
[0.822s] -- Performing Test CMAKE_HAVE_LIBC_PTHREAD
[0.896s] -- Performing Test CMAKE_HAVE_LIBC_PTHREAD - Success
[0.897s] -- Found Threads: TRUE  
[0.960s] -- Found base_interfaces_demo: 0.0.0 (/home/loser/ws01_plumbing/install/base_interfaces_demo/share/base_interfaces_demo/cmake)
[0.963s] -- Found ament_lint_auto: 0.12.15 (/opt/ros/humble/share/ament_lint_auto/cmake)
[1.015s] -- Added test 'cppcheck' to perform static code analysis on C / C++ code
[1.015s] -- Configured cppcheck include dirs: $<BUILD_INTERFACE:/home/loser/ws01_plumbing/src/cpp01_topic/include>
[1.015s] -- Configured cppcheck exclude dirs and/or files: 
[1.015s] -- Added test 'lint_cmake' to check CMake code style
[1.015s] -- Added test 'uncrustify' to check C / C++ code style
[1.015s] -- Configured uncrustify additional arguments: 
[1.016s] -- Added test 'xmllint' to check XML markup files
[1.016s] -- Configuring done
[1.024s] -- Generating done
[1.026s] -- Build files have been written to: /home/loser/ws01_plumbing/build/cpp01_topic
[1.033s] Invoked command in '/home/loser/ws01_plumbing/build/cpp01_topic' returned '0': AMENT_PREFIX_PATH=/home/loser/ws01_plumbing/install/base_interfaces_demo:${AMENT_PREFIX_PATH} CMAKE_PREFIX_PATH=/home/loser/ws01_plumbing/install/base_interfaces_demo:/opt/ros/humble /usr/bin/cmake /home/loser/ws01_plumbing/src/cpp01_topic -DCMAKE_INSTALL_PREFIX=/home/loser/ws01_plumbing/install/cpp01_topic
[1.034s] Invoking command in '/home/loser/ws01_plumbing/build/cpp01_topic': AMENT_PREFIX_PATH=/home/loser/ws01_plumbing/install/base_interfaces_demo:${AMENT_PREFIX_PATH} CMAKE_PREFIX_PATH=/home/loser/ws01_plumbing/install/base_interfaces_demo:/opt/ros/humble /usr/bin/cmake --build /home/loser/ws01_plumbing/build/cpp01_topic -- -j4 -l4
[1.084s] [ 50%] [32mBuilding CXX object CMakeFiles/demo_str_cpp_publisher.dir/src/demo_str_cpp_publisher.cpp.o[0m
[4.903s] [100%] [32m[1mLinking CXX executable demo_str_cpp_publisher[0m
[5.065s] [100%] Built target demo_str_cpp_publisher
[5.075s] Invoked command in '/home/loser/ws01_plumbing/build/cpp01_topic' returned '0': AMENT_PREFIX_PATH=/home/loser/ws01_plumbing/install/base_interfaces_demo:${AMENT_PREFIX_PATH} CMAKE_PREFIX_PATH=/home/loser/ws01_plumbing/install/base_interfaces_demo:/opt/ros/humble /usr/bin/cmake --build /home/loser/ws01_plumbing/build/cpp01_topic -- -j4 -l4
[5.077s] Invoking command in '/home/loser/ws01_plumbing/build/cpp01_topic': AMENT_PREFIX_PATH=/home/loser/ws01_plumbing/install/base_interfaces_demo:${AMENT_PREFIX_PATH} CMAKE_PREFIX_PATH=/home/loser/ws01_plumbing/install/base_interfaces_demo:/opt/ros/humble /usr/bin/cmake --install /home/loser/ws01_plumbing/build/cpp01_topic
[5.082s] -- Install configuration: ""
[5.082s] -- Installing: /home/loser/ws01_plumbing/install/cpp01_topic/lib/cpp01_topic/demo_str_cpp_publisher
[5.083s] -- Set runtime path of "/home/loser/ws01_plumbing/install/cpp01_topic/lib/cpp01_topic/demo_str_cpp_publisher" to ""
[5.083s] -- Installing: /home/loser/ws01_plumbing/install/cpp01_topic/share/ament_index/resource_index/package_run_dependencies/cpp01_topic
[5.083s] -- Installing: /home/loser/ws01_plumbing/install/cpp01_topic/share/ament_index/resource_index/parent_prefix_path/cpp01_topic
[5.084s] -- Installing: /home/loser/ws01_plumbing/install/cpp01_topic/share/cpp01_topic/environment/ament_prefix_path.sh
[5.084s] -- Installing: /home/loser/ws01_plumbing/install/cpp01_topic/share/cpp01_topic/environment/ament_prefix_path.dsv
[5.084s] -- Installing: /home/loser/ws01_plumbing/install/cpp01_topic/share/cpp01_topic/environment/path.sh
[5.084s] -- Installing: /home/loser/ws01_plumbing/install/cpp01_topic/share/cpp01_topic/environment/path.dsv
[5.084s] -- Installing: /home/loser/ws01_plumbing/install/cpp01_topic/share/cpp01_topic/local_setup.bash
[5.084s] -- Installing: /home/loser/ws01_plumbing/install/cpp01_topic/share/cpp01_topic/local_setup.sh
[5.084s] -- Installing: /home/loser/ws01_plumbing/install/cpp01_topic/share/cpp01_topic/local_setup.zsh
[5.084s] -- Installing: /home/loser/ws01_plumbing/install/cpp01_topic/share/cpp01_topic/local_setup.dsv
[5.084s] -- Installing: /home/loser/ws01_plumbing/install/cpp01_topic/share/cpp01_topic/package.dsv
[5.084s] -- Installing: /home/loser/ws01_plumbing/install/cpp01_topic/share/ament_index/resource_index/packages/cpp01_topic
[5.084s] -- Installing: /home/loser/ws01_plumbing/install/cpp01_topic/share/cpp01_topic/cmake/cpp01_topicConfig.cmake
[5.084s] -- Installing: /home/loser/ws01_plumbing/install/cpp01_topic/share/cpp01_topic/cmake/cpp01_topicConfig-version.cmake
[5.084s] -- Installing: /home/loser/ws01_plumbing/install/cpp01_topic/share/cpp01_topic/package.xml
[5.088s] Invoked command in '/home/loser/ws01_plumbing/build/cpp01_topic' returned '0': AMENT_PREFIX_PATH=/home/loser/ws01_plumbing/install/base_interfaces_demo:${AMENT_PREFIX_PATH} CMAKE_PREFIX_PATH=/home/loser/ws01_plumbing/install/base_interfaces_demo:/opt/ros/humble /usr/bin/cmake --install /home/loser/ws01_plumbing/build/cpp01_topic
