[0.449s] Invoking command in '/home/loser/ws01_plumbing/src/py01_topic': AMENT_PREFIX_PATH=/home/loser/ws01_plumbing/install/base_interfaces_demo:${AMENT_PREFIX_PATH} CMAKE_PREFIX_PATH=/home/loser/ws01_plumbing/install/base_interfaces_demo PYTHONPATH=/home/loser/ws01_plumbing/build/py01_topic/prefix_override:/usr/lib/python3/dist-packages/colcon_core/task/python/colcon_distutils_commands:/home/loser/ws01_plumbing/install/py01_topic/lib/python3.10/site-packages:${PYTHONPATH} /usr/bin/python3 -W ignore:setup.py install is deprecated -W ignore:easy_install command is deprecated setup.py egg_info --egg-base ../../build/py01_topic build --build-base /home/loser/ws01_plumbing/build/py01_topic/build install --record /home/loser/ws01_plumbing/build/py01_topic/install.log --single-version-externally-managed install_data
[0.556s] running egg_info
[0.556s] creating ../../build/py01_topic/py01_topic.egg-info
[0.556s] writing ../../build/py01_topic/py01_topic.egg-info/PKG-INFO
[0.556s] writing dependency_links to ../../build/py01_topic/py01_topic.egg-info/dependency_links.txt
[0.556s] writing entry points to ../../build/py01_topic/py01_topic.egg-info/entry_points.txt
[0.556s] writing requirements to ../../build/py01_topic/py01_topic.egg-info/requires.txt
[0.557s] writing top-level names to ../../build/py01_topic/py01_topic.egg-info/top_level.txt
[0.557s] writing manifest file '../../build/py01_topic/py01_topic.egg-info/SOURCES.txt'
[0.557s] reading manifest file '../../build/py01_topic/py01_topic.egg-info/SOURCES.txt'
[0.558s] writing manifest file '../../build/py01_topic/py01_topic.egg-info/SOURCES.txt'
[0.558s] running build
[0.558s] running build_py
[0.558s] creating /home/loser/ws01_plumbing/build/py01_topic/build
[0.559s] creating /home/loser/ws01_plumbing/build/py01_topic/build/lib
[0.559s] creating /home/loser/ws01_plumbing/build/py01_topic/build/lib/py01_topic
[0.559s] copying py01_topic/demo_str_py_publisher.py -> /home/loser/ws01_plumbing/build/py01_topic/build/lib/py01_topic
[0.559s] copying py01_topic/__init__.py -> /home/loser/ws01_plumbing/build/py01_topic/build/lib/py01_topic
[0.559s] running install
[0.559s] running install_lib
[0.560s] creating /home/loser/ws01_plumbing/install/py01_topic/lib/python3.10/site-packages/py01_topic
[0.560s] copying /home/loser/ws01_plumbing/build/py01_topic/build/lib/py01_topic/demo_str_py_publisher.py -> /home/loser/ws01_plumbing/install/py01_topic/lib/python3.10/site-packages/py01_topic
[0.560s] copying /home/loser/ws01_plumbing/build/py01_topic/build/lib/py01_topic/__init__.py -> /home/loser/ws01_plumbing/install/py01_topic/lib/python3.10/site-packages/py01_topic
[0.560s] byte-compiling /home/loser/ws01_plumbing/install/py01_topic/lib/python3.10/site-packages/py01_topic/demo_str_py_publisher.py to demo_str_py_publisher.cpython-310.pyc
[0.560s] byte-compiling /home/loser/ws01_plumbing/install/py01_topic/lib/python3.10/site-packages/py01_topic/__init__.py to __init__.cpython-310.pyc
[0.560s] running install_data
[0.560s] creating /home/loser/ws01_plumbing/install/py01_topic/share/ament_index
[0.560s] creating /home/loser/ws01_plumbing/install/py01_topic/share/ament_index/resource_index
[0.560s] creating /home/loser/ws01_plumbing/install/py01_topic/share/ament_index/resource_index/packages
[0.561s] copying resource/py01_topic -> /home/loser/ws01_plumbing/install/py01_topic/share/ament_index/resource_index/packages
[0.562s] copying package.xml -> /home/loser/ws01_plumbing/install/py01_topic/share/py01_topic
[0.562s] running install_egg_info
[0.562s] Copying ../../build/py01_topic/py01_topic.egg-info to /home/loser/ws01_plumbing/install/py01_topic/lib/python3.10/site-packages/py01_topic-0.0.0-py3.10.egg-info
[0.565s] running install_scripts
[0.574s] Installing demo_str_py_publisher script to /home/loser/ws01_plumbing/install/py01_topic/lib/py01_topic
[0.574s] writing list of installed files to '/home/loser/ws01_plumbing/build/py01_topic/install.log'
[0.588s] Invoked command in '/home/loser/ws01_plumbing/src/py01_topic' returned '0': AMENT_PREFIX_PATH=/home/loser/ws01_plumbing/install/base_interfaces_demo:${AMENT_PREFIX_PATH} CMAKE_PREFIX_PATH=/home/loser/ws01_plumbing/install/base_interfaces_demo PYTHONPATH=/home/loser/ws01_plumbing/build/py01_topic/prefix_override:/usr/lib/python3/dist-packages/colcon_core/task/python/colcon_distutils_commands:/home/loser/ws01_plumbing/install/py01_topic/lib/python3.10/site-packages:${PYTHONPATH} /usr/bin/python3 -W ignore:setup.py install is deprecated -W ignore:easy_install command is deprecated setup.py egg_info --egg-base ../../build/py01_topic build --build-base /home/loser/ws01_plumbing/build/py01_topic/build install --record /home/loser/ws01_plumbing/build/py01_topic/install.log --single-version-externally-managed install_data
