[0.023s] Invoking command in '/home/loser/ws01_plumbing/build/cpp01_topic': CMAKE_PREFIX_PATH=/home/loser/ws01_plumbing/install/base_interfaces_demo:/home/loser/ws01_plumbing/install/cpp02_service:/home/loser/ws01_plumbing/install/cpp01_topic:/home/loser/ws01_plumbing/install/py01_topic:/opt/ros/humble /usr/bin/cmake --build /home/loser/ws01_plumbing/build/cpp01_topic -- -j4 -l4
[0.050s] -- Found ament_cmake: 1.3.14 (/opt/ros/humble/share/ament_cmake/cmake)
[0.156s] -- Found rclcpp: 16.0.19 (/opt/ros/humble/share/rclcpp/cmake)
[0.170s] -- Found rosidl_generator_c: 3.1.8 (/opt/ros/humble/share/rosidl_generator_c/cmake)
[0.171s] -- Found rosidl_adapter: 3.1.8 (/opt/ros/humble/share/rosidl_adapter/cmake)
[0.177s] -- Found rosidl_generator_cpp: 3.1.8 (/opt/ros/humble/share/rosidl_generator_cpp/cmake)
[0.184s] -- Using all available rosidl_typesupport_c: rosidl_typesupport_fastrtps_c;rosidl_typesupport_introspection_c
[0.191s] -- Using all available rosidl_typesupport_cpp: rosidl_typesupport_fastrtps_cpp;rosidl_typesupport_introspection_cpp
[0.207s] -- Found rmw_implementation_cmake: 6.1.2 (/opt/ros/humble/share/rmw_implementation_cmake/cmake)
[0.207s] -- Found rmw_fastrtps_cpp: 6.2.10 (/opt/ros/humble/share/rmw_fastrtps_cpp/cmake)
[0.275s] -- Using RMW implementation 'rmw_fastrtps_cpp' as default
[0.300s] -- Found base_interfaces_demo: 0.0.0 (/home/loser/ws01_plumbing/install/base_interfaces_demo/share/base_interfaces_demo/cmake)
[0.308s] -- Found ament_lint_auto: 0.12.15 (/opt/ros/humble/share/ament_lint_auto/cmake)
[0.354s] -- Added test 'cppcheck' to perform static code analysis on C / C++ code
[0.354s] -- Configured cppcheck include dirs: $<BUILD_INTERFACE:/home/loser/ws01_plumbing/src/cpp01_topic/include>
[0.354s] -- Configured cppcheck exclude dirs and/or files: 
[0.354s] -- Added test 'lint_cmake' to check CMake code style
[0.354s] -- Added test 'uncrustify' to check C / C++ code style
[0.354s] -- Configured uncrustify additional arguments: 
[0.354s] -- Added test 'xmllint' to check XML markup files
[0.354s] -- Configuring done
[0.364s] -- Generating done
[0.371s] -- Build files have been written to: /home/loser/ws01_plumbing/build/cpp01_topic
[0.406s] [35m[1mConsolidate compiler generated dependencies of target demo_stu_cpp_publisher[0m
[0.408s] [35m[1mConsolidate compiler generated dependencies of target demo_str_cpp_publisher[0m
[0.421s] [35m[1mConsolidate compiler generated dependencies of target demo_str_cpp_listener[0m
[0.421s] [35m[1mConsolidate compiler generated dependencies of target demo_stu_cpp_listener[0m
[0.421s] [ 12%] [32mBuilding CXX object CMakeFiles/demo_stu_cpp_publisher.dir/src/demo_stu_cpp_publisher.cpp.o[0m
[0.440s] [ 25%] [32m[1mLinking CXX executable demo_str_cpp_publisher[0m
[0.456s] [ 37%] [32mBuilding CXX object CMakeFiles/demo_stu_cpp_listener.dir/src/demo_stu_cpp_listener.cpp.o[0m
[0.458s] [ 50%] [32m[1mLinking CXX executable demo_str_cpp_listener[0m
[0.823s] [ 62%] Built target demo_str_cpp_publisher
[1.128s] [ 75%] Built target demo_str_cpp_listener
[3.738s] [ 87%] [32m[1mLinking CXX executable demo_stu_cpp_publisher[0m
[3.904s] [ 87%] Built target demo_stu_cpp_publisher
[6.726s] [100%] [32m[1mLinking CXX executable demo_stu_cpp_listener[0m
[6.986s] [100%] Built target demo_stu_cpp_listener
[6.995s] Invoked command in '/home/loser/ws01_plumbing/build/cpp01_topic' returned '0': CMAKE_PREFIX_PATH=/home/loser/ws01_plumbing/install/base_interfaces_demo:/home/loser/ws01_plumbing/install/cpp02_service:/home/loser/ws01_plumbing/install/cpp01_topic:/home/loser/ws01_plumbing/install/py01_topic:/opt/ros/humble /usr/bin/cmake --build /home/loser/ws01_plumbing/build/cpp01_topic -- -j4 -l4
[6.999s] Invoking command in '/home/loser/ws01_plumbing/build/cpp01_topic': CMAKE_PREFIX_PATH=/home/loser/ws01_plumbing/install/base_interfaces_demo:/home/loser/ws01_plumbing/install/cpp02_service:/home/loser/ws01_plumbing/install/cpp01_topic:/home/loser/ws01_plumbing/install/py01_topic:/opt/ros/humble /usr/bin/cmake --install /home/loser/ws01_plumbing/build/cpp01_topic
[7.003s] -- Install configuration: ""
[7.003s] -- Installing: /home/loser/ws01_plumbing/install/cpp01_topic/lib/cpp01_topic/demo_str_cpp_publisher
[7.004s] -- Set runtime path of "/home/loser/ws01_plumbing/install/cpp01_topic/lib/cpp01_topic/demo_str_cpp_publisher" to ""
[7.004s] -- Installing: /home/loser/ws01_plumbing/install/cpp01_topic/lib/cpp01_topic/demo_str_cpp_listener
[7.007s] -- Set runtime path of "/home/loser/ws01_plumbing/install/cpp01_topic/lib/cpp01_topic/demo_str_cpp_listener" to ""
[7.007s] -- Installing: /home/loser/ws01_plumbing/install/cpp01_topic/lib/cpp01_topic/demo_stu_cpp_publisher
[7.008s] -- Set runtime path of "/home/loser/ws01_plumbing/install/cpp01_topic/lib/cpp01_topic/demo_stu_cpp_publisher" to ""
[7.008s] -- Installing: /home/loser/ws01_plumbing/install/cpp01_topic/lib/cpp01_topic/demo_stu_cpp_listener
[7.011s] -- Set runtime path of "/home/loser/ws01_plumbing/install/cpp01_topic/lib/cpp01_topic/demo_stu_cpp_listener" to ""
[7.011s] -- Up-to-date: /home/loser/ws01_plumbing/install/cpp01_topic/share/ament_index/resource_index/package_run_dependencies/cpp01_topic
[7.011s] -- Installing: /home/loser/ws01_plumbing/install/cpp01_topic/share/ament_index/resource_index/parent_prefix_path/cpp01_topic
[7.013s] -- Up-to-date: /home/loser/ws01_plumbing/install/cpp01_topic/share/cpp01_topic/environment/ament_prefix_path.sh
[7.013s] -- Installing: /home/loser/ws01_plumbing/install/cpp01_topic/share/cpp01_topic/environment/ament_prefix_path.dsv
[7.013s] -- Up-to-date: /home/loser/ws01_plumbing/install/cpp01_topic/share/cpp01_topic/environment/path.sh
[7.013s] -- Installing: /home/loser/ws01_plumbing/install/cpp01_topic/share/cpp01_topic/environment/path.dsv
[7.013s] -- Up-to-date: /home/loser/ws01_plumbing/install/cpp01_topic/share/cpp01_topic/local_setup.bash
[7.013s] -- Up-to-date: /home/loser/ws01_plumbing/install/cpp01_topic/share/cpp01_topic/local_setup.sh
[7.013s] -- Up-to-date: /home/loser/ws01_plumbing/install/cpp01_topic/share/cpp01_topic/local_setup.zsh
[7.013s] -- Installing: /home/loser/ws01_plumbing/install/cpp01_topic/share/cpp01_topic/local_setup.dsv
[7.014s] -- Installing: /home/loser/ws01_plumbing/install/cpp01_topic/share/cpp01_topic/package.dsv
[7.014s] -- Up-to-date: /home/loser/ws01_plumbing/install/cpp01_topic/share/ament_index/resource_index/packages/cpp01_topic
[7.014s] -- Up-to-date: /home/loser/ws01_plumbing/install/cpp01_topic/share/cpp01_topic/cmake/cpp01_topicConfig.cmake
[7.014s] -- Up-to-date: /home/loser/ws01_plumbing/install/cpp01_topic/share/cpp01_topic/cmake/cpp01_topicConfig-version.cmake
[7.014s] -- Up-to-date: /home/loser/ws01_plumbing/install/cpp01_topic/share/cpp01_topic/package.xml
[7.015s] Invoked command in '/home/loser/ws01_plumbing/build/cpp01_topic' returned '0': CMAKE_PREFIX_PATH=/home/loser/ws01_plumbing/install/base_interfaces_demo:/home/loser/ws01_plumbing/install/cpp02_service:/home/loser/ws01_plumbing/install/cpp01_topic:/home/loser/ws01_plumbing/install/py01_topic:/opt/ros/humble /usr/bin/cmake --install /home/loser/ws01_plumbing/build/cpp01_topic
