[0.500s] Invoking command in '/home/loser/ws01_plumbing/src/py03_action': AMENT_PREFIX_PATH=/home/loser/ws01_plumbing/install/base_interfaces_demo:${AMENT_PREFIX_PATH} CMAKE_PREFIX_PATH=/home/loser/ws01_plumbing/install/base_interfaces_demo:${CMAKE_PREFIX_PATH} DEBUGINFOD_URLS=https://debuginfod.ubuntu.com LD_LIBRARY_PATH=/home/loser/ws01_plumbing/install/base_interfaces_demo/lib:${LD_LIBRARY_PATH} PYTHONPATH=/home/loser/ws01_plumbing/build/py03_action/prefix_override:/usr/lib/python3/dist-packages/colcon_core/task/python/colcon_distutils_commands:/home/loser/ws01_plumbing/install/py03_action/lib/python3.12/site-packages:/home/loser/ws01_plumbing/install/base_interfaces_demo/lib/python3.12/site-packages:${PYTHONPATH} /usr/bin/python3 -W ignore:setup.py install is deprecated -W ignore:easy_install command is deprecated setup.py egg_info --egg-base ../../build/py03_action build --build-base /home/loser/ws01_plumbing/build/py03_action/build install --record /home/loser/ws01_plumbing/build/py03_action/install.log --single-version-externally-managed install_data
[0.663s] running egg_info
[0.673s] writing ../../build/py03_action/py03_action.egg-info/PKG-INFO
[0.673s] writing dependency_links to ../../build/py03_action/py03_action.egg-info/dependency_links.txt
[0.673s] writing entry points to ../../build/py03_action/py03_action.egg-info/entry_points.txt
[0.673s] writing requirements to ../../build/py03_action/py03_action.egg-info/requires.txt
[0.673s] writing top-level names to ../../build/py03_action/py03_action.egg-info/top_level.txt
[0.694s] reading manifest file '../../build/py03_action/py03_action.egg-info/SOURCES.txt'
[0.694s] writing manifest file '../../build/py03_action/py03_action.egg-info/SOURCES.txt'
[0.695s] running build
[0.695s] running build_py
[0.695s] copying py03_action/demo02_action_client.py -> /home/loser/ws01_plumbing/build/py03_action/build/lib/py03_action
[0.695s] running install
[0.698s] running install_lib
[0.709s] copying /home/loser/ws01_plumbing/build/py03_action/build/lib/py03_action/demo02_action_client.py -> /home/loser/ws01_plumbing/install/py03_action/lib/python3.12/site-packages/py03_action
[0.709s] byte-compiling /home/loser/ws01_plumbing/install/py03_action/lib/python3.12/site-packages/py03_action/demo02_action_client.py to demo02_action_client.cpython-312.pyc
[0.710s] running install_data
[0.710s] running install_egg_info
[0.722s] removing '/home/loser/ws01_plumbing/install/py03_action/lib/python3.12/site-packages/py03_action-0.0.0-py3.12.egg-info' (and everything under it)
[0.722s] Copying ../../build/py03_action/py03_action.egg-info to /home/loser/ws01_plumbing/install/py03_action/lib/python3.12/site-packages/py03_action-0.0.0-py3.12.egg-info
[0.723s] running install_scripts
[0.804s] Installing demo01_action_server script to /home/loser/ws01_plumbing/install/py03_action/lib/py03_action
[0.804s] Installing demo02_action_client script to /home/loser/ws01_plumbing/install/py03_action/lib/py03_action
[0.804s] writing list of installed files to '/home/loser/ws01_plumbing/build/py03_action/install.log'
[0.824s] Invoked command in '/home/loser/ws01_plumbing/src/py03_action' returned '0': AMENT_PREFIX_PATH=/home/loser/ws01_plumbing/install/base_interfaces_demo:${AMENT_PREFIX_PATH} CMAKE_PREFIX_PATH=/home/loser/ws01_plumbing/install/base_interfaces_demo:${CMAKE_PREFIX_PATH} DEBUGINFOD_URLS=https://debuginfod.ubuntu.com LD_LIBRARY_PATH=/home/loser/ws01_plumbing/install/base_interfaces_demo/lib:${LD_LIBRARY_PATH} PYTHONPATH=/home/loser/ws01_plumbing/build/py03_action/prefix_override:/usr/lib/python3/dist-packages/colcon_core/task/python/colcon_distutils_commands:/home/loser/ws01_plumbing/install/py03_action/lib/python3.12/site-packages:/home/loser/ws01_plumbing/install/base_interfaces_demo/lib/python3.12/site-packages:${PYTHONPATH} /usr/bin/python3 -W ignore:setup.py install is deprecated -W ignore:easy_install command is deprecated setup.py egg_info --egg-base ../../build/py03_action build --build-base /home/loser/ws01_plumbing/build/py03_action/build install --record /home/loser/ws01_plumbing/build/py03_action/install.log --single-version-externally-managed install_data
