[0.082s] DEBUG:colcon:Command line arguments: ['/usr/bin/colcon', 'build']
[0.083s] DEBUG:colcon:Parsed command line arguments: Namespace(log_base=None, log_level=None, verb_name='build', build_base='build', install_base='install', merge_install=False, symlink_install=False, test_result_base=None, continue_on_error=False, executor='parallel', parallel_workers=4, event_handlers=None, ignore_user_meta=False, metas=['./colcon.meta'], base_paths=['.'], packages_ignore=None, packages_ignore_regex=None, paths=None, packages_up_to=None, packages_up_to_regex=None, packages_above=None, packages_above_and_dependencies=None, packages_above_depth=None, packages_select_by_dep=None, packages_skip_by_dep=None, packages_skip_up_to=None, packages_select_build_failed=False, packages_skip_build_finished=False, packages_select_test_failures=False, packages_skip_test_passed=False, packages_select=None, packages_skip=None, packages_select_regex=None, packages_skip_regex=None, packages_start=None, packages_end=None, allow_overriding=[], cmake_args=None, cmake_target=None, cmake_target_skip_unavailable=False, cmake_clean_cache=False, cmake_clean_first=False, cmake_force_configure=False, ament_cmake_args=None, catkin_cmake_args=None, catkin_skip_building_tests=False, verb_parser=<colcon_defaults.argument_parser.defaults.DefaultArgumentsDecorator object at 0x777f18223430>, verb_extension=<colcon_core.verb.build.BuildVerb object at 0x777f1836c8e0>, main=<bound method BuildVerb.main of <colcon_core.verb.build.BuildVerb object at 0x777f1836c8e0>>)
[0.175s] Level 1:colcon.colcon_core.package_discovery:discover_packages(colcon_meta) check parameters
[0.175s] Level 1:colcon.colcon_core.package_discovery:discover_packages(recursive) check parameters
[0.175s] Level 1:colcon.colcon_core.package_discovery:discover_packages(ignore) check parameters
[0.175s] Level 1:colcon.colcon_core.package_discovery:discover_packages(path) check parameters
[0.175s] Level 1:colcon.colcon_core.package_discovery:discover_packages(colcon_meta) discover
[0.175s] Level 1:colcon.colcon_core.package_discovery:discover_packages(recursive) discover
[0.175s] INFO:colcon.colcon_core.package_discovery:Crawling recursively for packages in '/home/loser/ws01_plumbing'
[0.175s] Level 1:colcon.colcon_core.package_identification:_identify(.) by extensions ['ignore', 'ignore_ament_install']
[0.175s] Level 1:colcon.colcon_core.package_identification:_identify(.) by extension 'ignore'
[0.175s] Level 1:colcon.colcon_core.package_identification:_identify(.) by extension 'ignore_ament_install'
[0.175s] Level 1:colcon.colcon_core.package_identification:_identify(.) by extensions ['colcon_pkg']
[0.175s] Level 1:colcon.colcon_core.package_identification:_identify(.) by extension 'colcon_pkg'
[0.175s] Level 1:colcon.colcon_core.package_identification:_identify(.) by extensions ['colcon_meta']
[0.175s] Level 1:colcon.colcon_core.package_identification:_identify(.) by extension 'colcon_meta'
[0.175s] Level 1:colcon.colcon_core.package_identification:_identify(.) by extensions ['ros']
[0.175s] Level 1:colcon.colcon_core.package_identification:_identify(.) by extension 'ros'
[0.186s] Level 1:colcon.colcon_core.package_identification:_identify(.) by extensions ['cmake', 'python']
[0.186s] Level 1:colcon.colcon_core.package_identification:_identify(.) by extension 'cmake'
[0.186s] Level 1:colcon.colcon_core.package_identification:_identify(.) by extension 'python'
[0.186s] Level 1:colcon.colcon_core.package_identification:_identify(.) by extensions ['python_setup_py']
[0.186s] Level 1:colcon.colcon_core.package_identification:_identify(.) by extension 'python_setup_py'
[0.186s] Level 1:colcon.colcon_core.package_identification:_identify(build) by extensions ['ignore', 'ignore_ament_install']
[0.186s] Level 1:colcon.colcon_core.package_identification:_identify(build) by extension 'ignore'
[0.186s] Level 1:colcon.colcon_core.package_identification:_identify(build) ignored
[0.186s] Level 1:colcon.colcon_core.package_identification:_identify(install) by extensions ['ignore', 'ignore_ament_install']
[0.186s] Level 1:colcon.colcon_core.package_identification:_identify(install) by extension 'ignore'
[0.186s] Level 1:colcon.colcon_core.package_identification:_identify(install) ignored
[0.186s] Level 1:colcon.colcon_core.package_identification:_identify(log) by extensions ['ignore', 'ignore_ament_install']
[0.186s] Level 1:colcon.colcon_core.package_identification:_identify(log) by extension 'ignore'
[0.186s] Level 1:colcon.colcon_core.package_identification:_identify(log) ignored
[0.186s] Level 1:colcon.colcon_core.package_identification:_identify(src) by extensions ['ignore', 'ignore_ament_install']
[0.186s] Level 1:colcon.colcon_core.package_identification:_identify(src) by extension 'ignore'
[0.187s] Level 1:colcon.colcon_core.package_identification:_identify(src) by extension 'ignore_ament_install'
[0.187s] Level 1:colcon.colcon_core.package_identification:_identify(src) by extensions ['colcon_pkg']
[0.187s] Level 1:colcon.colcon_core.package_identification:_identify(src) by extension 'colcon_pkg'
[0.187s] Level 1:colcon.colcon_core.package_identification:_identify(src) by extensions ['colcon_meta']
[0.187s] Level 1:colcon.colcon_core.package_identification:_identify(src) by extension 'colcon_meta'
[0.187s] Level 1:colcon.colcon_core.package_identification:_identify(src) by extensions ['ros']
[0.187s] Level 1:colcon.colcon_core.package_identification:_identify(src) by extension 'ros'
[0.187s] Level 1:colcon.colcon_core.package_identification:_identify(src) by extensions ['cmake', 'python']
[0.187s] Level 1:colcon.colcon_core.package_identification:_identify(src) by extension 'cmake'
[0.187s] Level 1:colcon.colcon_core.package_identification:_identify(src) by extension 'python'
[0.187s] Level 1:colcon.colcon_core.package_identification:_identify(src) by extensions ['python_setup_py']
[0.187s] Level 1:colcon.colcon_core.package_identification:_identify(src) by extension 'python_setup_py'
[0.187s] Level 1:colcon.colcon_core.package_identification:_identify(src/base_interfaces_demo) by extensions ['ignore', 'ignore_ament_install']
[0.187s] Level 1:colcon.colcon_core.package_identification:_identify(src/base_interfaces_demo) by extension 'ignore'
[0.187s] Level 1:colcon.colcon_core.package_identification:_identify(src/base_interfaces_demo) by extension 'ignore_ament_install'
[0.187s] Level 1:colcon.colcon_core.package_identification:_identify(src/base_interfaces_demo) by extensions ['colcon_pkg']
[0.187s] Level 1:colcon.colcon_core.package_identification:_identify(src/base_interfaces_demo) by extension 'colcon_pkg'
[0.187s] Level 1:colcon.colcon_core.package_identification:_identify(src/base_interfaces_demo) by extensions ['colcon_meta']
[0.187s] Level 1:colcon.colcon_core.package_identification:_identify(src/base_interfaces_demo) by extension 'colcon_meta'
[0.187s] Level 1:colcon.colcon_core.package_identification:_identify(src/base_interfaces_demo) by extensions ['ros']
[0.187s] Level 1:colcon.colcon_core.package_identification:_identify(src/base_interfaces_demo) by extension 'ros'
[0.191s] DEBUG:colcon.colcon_core.package_identification:Package 'src/base_interfaces_demo' with type 'ros.ament_cmake' and name 'base_interfaces_demo'
[0.191s] Level 1:colcon.colcon_core.package_identification:_identify(src/cpp01_topic) by extensions ['ignore', 'ignore_ament_install']
[0.191s] Level 1:colcon.colcon_core.package_identification:_identify(src/cpp01_topic) by extension 'ignore'
[0.191s] Level 1:colcon.colcon_core.package_identification:_identify(src/cpp01_topic) by extension 'ignore_ament_install'
[0.191s] Level 1:colcon.colcon_core.package_identification:_identify(src/cpp01_topic) by extensions ['colcon_pkg']
[0.191s] Level 1:colcon.colcon_core.package_identification:_identify(src/cpp01_topic) by extension 'colcon_pkg'
[0.191s] Level 1:colcon.colcon_core.package_identification:_identify(src/cpp01_topic) by extensions ['colcon_meta']
[0.191s] Level 1:colcon.colcon_core.package_identification:_identify(src/cpp01_topic) by extension 'colcon_meta'
[0.191s] Level 1:colcon.colcon_core.package_identification:_identify(src/cpp01_topic) by extensions ['ros']
[0.191s] Level 1:colcon.colcon_core.package_identification:_identify(src/cpp01_topic) by extension 'ros'
[0.191s] DEBUG:colcon.colcon_core.package_identification:Package 'src/cpp01_topic' with type 'ros.ament_cmake' and name 'cpp01_topic'
[0.192s] Level 1:colcon.colcon_core.package_identification:_identify(src/py01_topic) by extensions ['ignore', 'ignore_ament_install']
[0.192s] Level 1:colcon.colcon_core.package_identification:_identify(src/py01_topic) by extension 'ignore'
[0.192s] Level 1:colcon.colcon_core.package_identification:_identify(src/py01_topic) by extension 'ignore_ament_install'
[0.192s] Level 1:colcon.colcon_core.package_identification:_identify(src/py01_topic) by extensions ['colcon_pkg']
[0.192s] Level 1:colcon.colcon_core.package_identification:_identify(src/py01_topic) by extension 'colcon_pkg'
[0.192s] Level 1:colcon.colcon_core.package_identification:_identify(src/py01_topic) by extensions ['colcon_meta']
[0.192s] Level 1:colcon.colcon_core.package_identification:_identify(src/py01_topic) by extension 'colcon_meta'
[0.192s] Level 1:colcon.colcon_core.package_identification:_identify(src/py01_topic) by extensions ['ros']
[0.192s] Level 1:colcon.colcon_core.package_identification:_identify(src/py01_topic) by extension 'ros'
[0.192s] DEBUG:colcon.colcon_core.package_identification:Package 'src/py01_topic' with type 'ros.ament_python' and name 'py01_topic'
[0.192s] Level 1:colcon.colcon_core.package_discovery:discover_packages(recursive) using defaults
[0.192s] Level 1:colcon.colcon_core.package_discovery:discover_packages(ignore) discover
[0.192s] Level 1:colcon.colcon_core.package_discovery:discover_packages(ignore) using defaults
[0.192s] Level 1:colcon.colcon_core.package_discovery:discover_packages(path) discover
[0.192s] Level 1:colcon.colcon_core.package_discovery:discover_packages(path) using defaults
[0.207s] Level 1:colcon.colcon_core.package_discovery:discover_packages(prefix_path) check parameters
[0.207s] Level 1:colcon.colcon_core.package_discovery:discover_packages(prefix_path) discover
[0.209s] DEBUG:colcon.colcon_installed_package_information.package_discovery:Found 273 installed packages in /opt/ros/humble
[0.211s] Level 1:colcon.colcon_core.package_discovery:discover_packages(prefix_path) using defaults
[0.238s] Level 5:colcon.colcon_core.verb:set package 'base_interfaces_demo' build argument 'cmake_args' from command line to 'None'
[0.238s] Level 5:colcon.colcon_core.verb:set package 'base_interfaces_demo' build argument 'cmake_target' from command line to 'None'
[0.238s] Level 5:colcon.colcon_core.verb:set package 'base_interfaces_demo' build argument 'cmake_target_skip_unavailable' from command line to 'False'
[0.238s] Level 5:colcon.colcon_core.verb:set package 'base_interfaces_demo' build argument 'cmake_clean_cache' from command line to 'False'
[0.238s] Level 5:colcon.colcon_core.verb:set package 'base_interfaces_demo' build argument 'cmake_clean_first' from command line to 'False'
[0.238s] Level 5:colcon.colcon_core.verb:set package 'base_interfaces_demo' build argument 'cmake_force_configure' from command line to 'False'
[0.238s] Level 5:colcon.colcon_core.verb:set package 'base_interfaces_demo' build argument 'ament_cmake_args' from command line to 'None'
[0.238s] Level 5:colcon.colcon_core.verb:set package 'base_interfaces_demo' build argument 'catkin_cmake_args' from command line to 'None'
[0.238s] Level 5:colcon.colcon_core.verb:set package 'base_interfaces_demo' build argument 'catkin_skip_building_tests' from command line to 'False'
[0.238s] DEBUG:colcon.colcon_core.verb:Building package 'base_interfaces_demo' with the following arguments: {'ament_cmake_args': None, 'build_base': '/home/loser/ws01_plumbing/build/base_interfaces_demo', 'catkin_cmake_args': None, 'catkin_skip_building_tests': False, 'cmake_args': None, 'cmake_clean_cache': False, 'cmake_clean_first': False, 'cmake_force_configure': False, 'cmake_target': None, 'cmake_target_skip_unavailable': False, 'install_base': '/home/loser/ws01_plumbing/install/base_interfaces_demo', 'merge_install': False, 'path': '/home/loser/ws01_plumbing/src/base_interfaces_demo', 'symlink_install': False, 'test_result_base': None}
[0.238s] Level 5:colcon.colcon_core.verb:set package 'cpp01_topic' build argument 'cmake_args' from command line to 'None'
[0.238s] Level 5:colcon.colcon_core.verb:set package 'cpp01_topic' build argument 'cmake_target' from command line to 'None'
[0.238s] Level 5:colcon.colcon_core.verb:set package 'cpp01_topic' build argument 'cmake_target_skip_unavailable' from command line to 'False'
[0.238s] Level 5:colcon.colcon_core.verb:set package 'cpp01_topic' build argument 'cmake_clean_cache' from command line to 'False'
[0.238s] Level 5:colcon.colcon_core.verb:set package 'cpp01_topic' build argument 'cmake_clean_first' from command line to 'False'
[0.238s] Level 5:colcon.colcon_core.verb:set package 'cpp01_topic' build argument 'cmake_force_configure' from command line to 'False'
[0.238s] Level 5:colcon.colcon_core.verb:set package 'cpp01_topic' build argument 'ament_cmake_args' from command line to 'None'
[0.238s] Level 5:colcon.colcon_core.verb:set package 'cpp01_topic' build argument 'catkin_cmake_args' from command line to 'None'
[0.238s] Level 5:colcon.colcon_core.verb:set package 'cpp01_topic' build argument 'catkin_skip_building_tests' from command line to 'False'
[0.238s] DEBUG:colcon.colcon_core.verb:Building package 'cpp01_topic' with the following arguments: {'ament_cmake_args': None, 'build_base': '/home/loser/ws01_plumbing/build/cpp01_topic', 'catkin_cmake_args': None, 'catkin_skip_building_tests': False, 'cmake_args': None, 'cmake_clean_cache': False, 'cmake_clean_first': False, 'cmake_force_configure': False, 'cmake_target': None, 'cmake_target_skip_unavailable': False, 'install_base': '/home/loser/ws01_plumbing/install/cpp01_topic', 'merge_install': False, 'path': '/home/loser/ws01_plumbing/src/cpp01_topic', 'symlink_install': False, 'test_result_base': None}
[0.239s] Level 5:colcon.colcon_core.verb:set package 'py01_topic' build argument 'cmake_args' from command line to 'None'
[0.239s] Level 5:colcon.colcon_core.verb:set package 'py01_topic' build argument 'cmake_target' from command line to 'None'
[0.239s] Level 5:colcon.colcon_core.verb:set package 'py01_topic' build argument 'cmake_target_skip_unavailable' from command line to 'False'
[0.239s] Level 5:colcon.colcon_core.verb:set package 'py01_topic' build argument 'cmake_clean_cache' from command line to 'False'
[0.239s] Level 5:colcon.colcon_core.verb:set package 'py01_topic' build argument 'cmake_clean_first' from command line to 'False'
[0.239s] Level 5:colcon.colcon_core.verb:set package 'py01_topic' build argument 'cmake_force_configure' from command line to 'False'
[0.239s] Level 5:colcon.colcon_core.verb:set package 'py01_topic' build argument 'ament_cmake_args' from command line to 'None'
[0.239s] Level 5:colcon.colcon_core.verb:set package 'py01_topic' build argument 'catkin_cmake_args' from command line to 'None'
[0.239s] Level 5:colcon.colcon_core.verb:set package 'py01_topic' build argument 'catkin_skip_building_tests' from command line to 'False'
[0.239s] DEBUG:colcon.colcon_core.verb:Building package 'py01_topic' with the following arguments: {'ament_cmake_args': None, 'build_base': '/home/loser/ws01_plumbing/build/py01_topic', 'catkin_cmake_args': None, 'catkin_skip_building_tests': False, 'cmake_args': None, 'cmake_clean_cache': False, 'cmake_clean_first': False, 'cmake_force_configure': False, 'cmake_target': None, 'cmake_target_skip_unavailable': False, 'install_base': '/home/loser/ws01_plumbing/install/py01_topic', 'merge_install': False, 'path': '/home/loser/ws01_plumbing/src/py01_topic', 'symlink_install': False, 'test_result_base': None}
[0.239s] INFO:colcon.colcon_core.executor:Executing jobs using 'parallel' executor
[0.240s] DEBUG:colcon.colcon_parallel_executor.executor.parallel:run_until_complete
[0.240s] INFO:colcon.colcon_ros.task.ament_cmake.build:Building ROS package in '/home/loser/ws01_plumbing/src/base_interfaces_demo' with build type 'ament_cmake'
[0.240s] INFO:colcon.colcon_cmake.task.cmake.build:Building CMake package in '/home/loser/ws01_plumbing/src/base_interfaces_demo'
[0.241s] INFO:colcon.colcon_core.plugin_system:Skipping extension 'colcon_core.shell.bat': Not used on non-Windows systems
[0.241s] INFO:colcon.colcon_core.shell:Skip shell extension 'powershell' for command environment: Not usable outside of PowerShell
[0.241s] DEBUG:colcon.colcon_core.shell:Skip shell extension 'dsv' for command environment
[0.246s] DEBUG:colcon.colcon_core.event_handler.log_command:Invoking command in '/home/loser/ws01_plumbing/build/base_interfaces_demo': CMAKE_PREFIX_PATH=/opt/ros/humble /usr/bin/cmake /home/loser/ws01_plumbing/src/base_interfaces_demo -DCMAKE_INSTALL_PREFIX=/home/loser/ws01_plumbing/install/base_interfaces_demo
[1.080s] DEBUG:colcon.colcon_core.event_handler.log_command:Invoked command in '/home/loser/ws01_plumbing/build/base_interfaces_demo' returned '0': CMAKE_PREFIX_PATH=/opt/ros/humble /usr/bin/cmake /home/loser/ws01_plumbing/src/base_interfaces_demo -DCMAKE_INSTALL_PREFIX=/home/loser/ws01_plumbing/install/base_interfaces_demo
[1.083s] DEBUG:colcon.colcon_core.event_handler.log_command:Invoking command in '/home/loser/ws01_plumbing/build/base_interfaces_demo': CMAKE_PREFIX_PATH=/opt/ros/humble /usr/bin/cmake --build /home/loser/ws01_plumbing/build/base_interfaces_demo -- -j4 -l4
[1.118s] DEBUG:colcon.colcon_core.event_handler.log_command:Invoked command in '/home/loser/ws01_plumbing/build/base_interfaces_demo' returned '0': CMAKE_PREFIX_PATH=/opt/ros/humble /usr/bin/cmake --build /home/loser/ws01_plumbing/build/base_interfaces_demo -- -j4 -l4
[1.132s] DEBUG:colcon.colcon_core.event_handler.log_command:Invoking command in '/home/loser/ws01_plumbing/build/base_interfaces_demo': CMAKE_PREFIX_PATH=/opt/ros/humble /usr/bin/cmake --install /home/loser/ws01_plumbing/build/base_interfaces_demo
[1.136s] Level 1:colcon.colcon_core.environment:create_environment_scripts_only(base_interfaces_demo)
[1.137s] DEBUG:colcon.colcon_core.event_handler.log_command:Invoked command in '/home/loser/ws01_plumbing/build/base_interfaces_demo' returned '0': CMAKE_PREFIX_PATH=/opt/ros/humble /usr/bin/cmake --install /home/loser/ws01_plumbing/build/base_interfaces_demo
[1.139s] Level 1:colcon.colcon_core.environment:checking '/home/loser/ws01_plumbing/install/base_interfaces_demo' for CMake module files
[1.139s] Level 1:colcon.colcon_core.environment:checking '/home/loser/ws01_plumbing/install/base_interfaces_demo' for CMake config files
[1.139s] Level 1:colcon.colcon_core.shell:create_environment_hook('base_interfaces_demo', 'cmake_prefix_path')
[1.139s] INFO:colcon.colcon_core.shell:Creating environment hook '/home/loser/ws01_plumbing/install/base_interfaces_demo/share/base_interfaces_demo/hook/cmake_prefix_path.ps1'
[1.139s] INFO:colcon.colcon_core.shell:Creating environment descriptor '/home/loser/ws01_plumbing/install/base_interfaces_demo/share/base_interfaces_demo/hook/cmake_prefix_path.dsv'
[1.139s] INFO:colcon.colcon_core.shell:Creating environment hook '/home/loser/ws01_plumbing/install/base_interfaces_demo/share/base_interfaces_demo/hook/cmake_prefix_path.sh'
[1.140s] Level 1:colcon.colcon_core.environment:checking '/home/loser/ws01_plumbing/install/base_interfaces_demo/bin'
[1.140s] Level 1:colcon.colcon_core.environment:checking '/home/loser/ws01_plumbing/install/base_interfaces_demo/lib/pkgconfig/base_interfaces_demo.pc'
[1.140s] Level 1:colcon.colcon_core.environment:checking '/home/loser/ws01_plumbing/install/base_interfaces_demo/lib/python3.10/site-packages'
[1.140s] Level 1:colcon.colcon_core.environment:checking '/home/loser/ws01_plumbing/install/base_interfaces_demo/bin'
[1.140s] INFO:colcon.colcon_core.shell:Creating package script '/home/loser/ws01_plumbing/install/base_interfaces_demo/share/base_interfaces_demo/package.ps1'
[1.141s] INFO:colcon.colcon_core.shell:Creating package descriptor '/home/loser/ws01_plumbing/install/base_interfaces_demo/share/base_interfaces_demo/package.dsv'
[1.141s] INFO:colcon.colcon_core.shell:Creating package script '/home/loser/ws01_plumbing/install/base_interfaces_demo/share/base_interfaces_demo/package.sh'
[1.142s] INFO:colcon.colcon_core.shell:Creating package script '/home/loser/ws01_plumbing/install/base_interfaces_demo/share/base_interfaces_demo/package.bash'
[1.142s] INFO:colcon.colcon_core.shell:Creating package script '/home/loser/ws01_plumbing/install/base_interfaces_demo/share/base_interfaces_demo/package.zsh'
[1.142s] Level 1:colcon.colcon_core.environment:create_file_with_runtime_dependencies(/home/loser/ws01_plumbing/install/base_interfaces_demo/share/colcon-core/packages/base_interfaces_demo)
[1.142s] Level 1:colcon.colcon_core.environment:create_environment_scripts_only(base_interfaces_demo)
[1.143s] Level 1:colcon.colcon_core.environment:checking '/home/loser/ws01_plumbing/install/base_interfaces_demo' for CMake module files
[1.143s] Level 1:colcon.colcon_core.environment:checking '/home/loser/ws01_plumbing/install/base_interfaces_demo' for CMake config files
[1.143s] Level 1:colcon.colcon_core.shell:create_environment_hook('base_interfaces_demo', 'cmake_prefix_path')
[1.143s] INFO:colcon.colcon_core.shell:Creating environment hook '/home/loser/ws01_plumbing/install/base_interfaces_demo/share/base_interfaces_demo/hook/cmake_prefix_path.ps1'
[1.143s] INFO:colcon.colcon_core.shell:Creating environment descriptor '/home/loser/ws01_plumbing/install/base_interfaces_demo/share/base_interfaces_demo/hook/cmake_prefix_path.dsv'
[1.144s] INFO:colcon.colcon_core.shell:Creating environment hook '/home/loser/ws01_plumbing/install/base_interfaces_demo/share/base_interfaces_demo/hook/cmake_prefix_path.sh'
[1.144s] Level 1:colcon.colcon_core.environment:checking '/home/loser/ws01_plumbing/install/base_interfaces_demo/bin'
[1.144s] Level 1:colcon.colcon_core.environment:checking '/home/loser/ws01_plumbing/install/base_interfaces_demo/lib/pkgconfig/base_interfaces_demo.pc'
[1.144s] Level 1:colcon.colcon_core.environment:checking '/home/loser/ws01_plumbing/install/base_interfaces_demo/lib/python3.10/site-packages'
[1.144s] Level 1:colcon.colcon_core.environment:checking '/home/loser/ws01_plumbing/install/base_interfaces_demo/bin'
[1.145s] INFO:colcon.colcon_core.shell:Creating package script '/home/loser/ws01_plumbing/install/base_interfaces_demo/share/base_interfaces_demo/package.ps1'
[1.145s] INFO:colcon.colcon_core.shell:Creating package descriptor '/home/loser/ws01_plumbing/install/base_interfaces_demo/share/base_interfaces_demo/package.dsv'
[1.145s] INFO:colcon.colcon_core.shell:Creating package script '/home/loser/ws01_plumbing/install/base_interfaces_demo/share/base_interfaces_demo/package.sh'
[1.146s] INFO:colcon.colcon_core.shell:Creating package script '/home/loser/ws01_plumbing/install/base_interfaces_demo/share/base_interfaces_demo/package.bash'
[1.146s] INFO:colcon.colcon_core.shell:Creating package script '/home/loser/ws01_plumbing/install/base_interfaces_demo/share/base_interfaces_demo/package.zsh'
[1.146s] Level 1:colcon.colcon_core.environment:create_file_with_runtime_dependencies(/home/loser/ws01_plumbing/install/base_interfaces_demo/share/colcon-core/packages/base_interfaces_demo)
[1.147s] INFO:colcon.colcon_ros.task.ament_cmake.build:Building ROS package in '/home/loser/ws01_plumbing/src/cpp01_topic' with build type 'ament_cmake'
[1.147s] INFO:colcon.colcon_cmake.task.cmake.build:Building CMake package in '/home/loser/ws01_plumbing/src/cpp01_topic'
[1.147s] INFO:colcon.colcon_core.shell:Skip shell extension 'powershell' for command environment: Not usable outside of PowerShell
[1.147s] DEBUG:colcon.colcon_core.shell:Skip shell extension 'dsv' for command environment
[1.151s] INFO:colcon.colcon_ros.task.ament_python.build:Building ROS package in '/home/loser/ws01_plumbing/src/py01_topic' with build type 'ament_python'
[1.151s] Level 1:colcon.colcon_core.shell:create_environment_hook('py01_topic', 'ament_prefix_path')
[1.151s] INFO:colcon.colcon_core.shell:Creating environment hook '/home/loser/ws01_plumbing/install/py01_topic/share/py01_topic/hook/ament_prefix_path.ps1'
[1.151s] INFO:colcon.colcon_core.shell:Creating environment descriptor '/home/loser/ws01_plumbing/install/py01_topic/share/py01_topic/hook/ament_prefix_path.dsv'
[1.152s] INFO:colcon.colcon_core.shell:Creating environment hook '/home/loser/ws01_plumbing/install/py01_topic/share/py01_topic/hook/ament_prefix_path.sh'
[1.152s] INFO:colcon.colcon_core.shell:Skip shell extension 'powershell' for command environment: Not usable outside of PowerShell
[1.152s] DEBUG:colcon.colcon_core.shell:Skip shell extension 'dsv' for command environment
[1.155s] DEBUG:colcon.colcon_core.event_handler.log_command:Invoking command in '/home/loser/ws01_plumbing/build/cpp01_topic': AMENT_PREFIX_PATH=/home/loser/ws01_plumbing/install/base_interfaces_demo:${AMENT_PREFIX_PATH} CMAKE_PREFIX_PATH=/home/loser/ws01_plumbing/install/base_interfaces_demo:/opt/ros/humble /usr/bin/cmake /home/loser/ws01_plumbing/src/cpp01_topic -DCMAKE_INSTALL_PREFIX=/home/loser/ws01_plumbing/install/cpp01_topic
[1.330s] INFO:colcon.colcon_core.task.python.build:Building Python package in '/home/loser/ws01_plumbing/src/py01_topic'
[1.330s] INFO:colcon.colcon_core.shell:Skip shell extension 'powershell' for command environment: Not usable outside of PowerShell
[1.330s] DEBUG:colcon.colcon_core.shell:Skip shell extension 'dsv' for command environment
[1.600s] DEBUG:colcon.colcon_core.event_handler.log_command:Invoking command in '/home/loser/ws01_plumbing/src/py01_topic': AMENT_PREFIX_PATH=/home/loser/ws01_plumbing/install/base_interfaces_demo:${AMENT_PREFIX_PATH} CMAKE_PREFIX_PATH=/home/loser/ws01_plumbing/install/base_interfaces_demo PYTHONPATH=/home/loser/ws01_plumbing/build/py01_topic/prefix_override:/usr/lib/python3/dist-packages/colcon_core/task/python/colcon_distutils_commands:/home/loser/ws01_plumbing/install/py01_topic/lib/python3.10/site-packages:${PYTHONPATH} /usr/bin/python3 -W ignore:setup.py install is deprecated -W ignore:easy_install command is deprecated setup.py egg_info --egg-base ../../build/py01_topic build --build-base /home/loser/ws01_plumbing/build/py01_topic/build install --record /home/loser/ws01_plumbing/build/py01_topic/install.log --single-version-externally-managed install_data
[1.738s] Level 1:colcon.colcon_core.environment:checking '/home/loser/ws01_plumbing/install/py01_topic' for CMake module files
[1.738s] Level 1:colcon.colcon_core.environment:checking '/home/loser/ws01_plumbing/install/py01_topic' for CMake config files
[1.739s] DEBUG:colcon.colcon_core.event_handler.log_command:Invoked command in '/home/loser/ws01_plumbing/src/py01_topic' returned '0': AMENT_PREFIX_PATH=/home/loser/ws01_plumbing/install/base_interfaces_demo:${AMENT_PREFIX_PATH} CMAKE_PREFIX_PATH=/home/loser/ws01_plumbing/install/base_interfaces_demo PYTHONPATH=/home/loser/ws01_plumbing/build/py01_topic/prefix_override:/usr/lib/python3/dist-packages/colcon_core/task/python/colcon_distutils_commands:/home/loser/ws01_plumbing/install/py01_topic/lib/python3.10/site-packages:${PYTHONPATH} /usr/bin/python3 -W ignore:setup.py install is deprecated -W ignore:easy_install command is deprecated setup.py egg_info --egg-base ../../build/py01_topic build --build-base /home/loser/ws01_plumbing/build/py01_topic/build install --record /home/loser/ws01_plumbing/build/py01_topic/install.log --single-version-externally-managed install_data
[1.739s] Level 1:colcon.colcon_core.environment:checking '/home/loser/ws01_plumbing/install/py01_topic/lib'
[1.739s] Level 1:colcon.colcon_core.environment:checking '/home/loser/ws01_plumbing/install/py01_topic/bin'
[1.739s] Level 1:colcon.colcon_core.environment:checking '/home/loser/ws01_plumbing/install/py01_topic/lib/pkgconfig/py01_topic.pc'
[1.739s] Level 1:colcon.colcon_core.environment:checking '/home/loser/ws01_plumbing/install/py01_topic/lib/python3.10/site-packages'
[1.739s] Level 1:colcon.colcon_core.shell:create_environment_hook('py01_topic', 'pythonpath')
[1.740s] INFO:colcon.colcon_core.shell:Creating environment hook '/home/loser/ws01_plumbing/install/py01_topic/share/py01_topic/hook/pythonpath.ps1'
[1.740s] INFO:colcon.colcon_core.shell:Creating environment descriptor '/home/loser/ws01_plumbing/install/py01_topic/share/py01_topic/hook/pythonpath.dsv'
[1.740s] INFO:colcon.colcon_core.shell:Creating environment hook '/home/loser/ws01_plumbing/install/py01_topic/share/py01_topic/hook/pythonpath.sh'
[1.740s] Level 1:colcon.colcon_core.environment:checking '/home/loser/ws01_plumbing/install/py01_topic/bin'
[1.741s] Level 1:colcon.colcon_core.environment:create_environment_scripts_only(py01_topic)
[1.741s] INFO:colcon.colcon_core.shell:Creating package script '/home/loser/ws01_plumbing/install/py01_topic/share/py01_topic/package.ps1'
[1.741s] INFO:colcon.colcon_core.shell:Creating package descriptor '/home/loser/ws01_plumbing/install/py01_topic/share/py01_topic/package.dsv'
[1.741s] INFO:colcon.colcon_core.shell:Creating package script '/home/loser/ws01_plumbing/install/py01_topic/share/py01_topic/package.sh'
[1.742s] INFO:colcon.colcon_core.shell:Creating package script '/home/loser/ws01_plumbing/install/py01_topic/share/py01_topic/package.bash'
[1.742s] INFO:colcon.colcon_core.shell:Creating package script '/home/loser/ws01_plumbing/install/py01_topic/share/py01_topic/package.zsh'
[1.742s] Level 1:colcon.colcon_core.environment:create_file_with_runtime_dependencies(/home/loser/ws01_plumbing/install/py01_topic/share/colcon-core/packages/py01_topic)
[2.181s] DEBUG:colcon.colcon_core.event_handler.log_command:Invoked command in '/home/loser/ws01_plumbing/build/cpp01_topic' returned '0': AMENT_PREFIX_PATH=/home/loser/ws01_plumbing/install/base_interfaces_demo:${AMENT_PREFIX_PATH} CMAKE_PREFIX_PATH=/home/loser/ws01_plumbing/install/base_interfaces_demo:/opt/ros/humble /usr/bin/cmake /home/loser/ws01_plumbing/src/cpp01_topic -DCMAKE_INSTALL_PREFIX=/home/loser/ws01_plumbing/install/cpp01_topic
[2.182s] DEBUG:colcon.colcon_core.event_handler.log_command:Invoking command in '/home/loser/ws01_plumbing/build/cpp01_topic': AMENT_PREFIX_PATH=/home/loser/ws01_plumbing/install/base_interfaces_demo:${AMENT_PREFIX_PATH} CMAKE_PREFIX_PATH=/home/loser/ws01_plumbing/install/base_interfaces_demo:/opt/ros/humble /usr/bin/cmake --build /home/loser/ws01_plumbing/build/cpp01_topic -- -j4 -l4
[6.222s] DEBUG:colcon.colcon_core.event_handler.log_command:Invoked command in '/home/loser/ws01_plumbing/build/cpp01_topic' returned '0': AMENT_PREFIX_PATH=/home/loser/ws01_plumbing/install/base_interfaces_demo:${AMENT_PREFIX_PATH} CMAKE_PREFIX_PATH=/home/loser/ws01_plumbing/install/base_interfaces_demo:/opt/ros/humble /usr/bin/cmake --build /home/loser/ws01_plumbing/build/cpp01_topic -- -j4 -l4
[6.224s] DEBUG:colcon.colcon_core.event_handler.log_command:Invoking command in '/home/loser/ws01_plumbing/build/cpp01_topic': AMENT_PREFIX_PATH=/home/loser/ws01_plumbing/install/base_interfaces_demo:${AMENT_PREFIX_PATH} CMAKE_PREFIX_PATH=/home/loser/ws01_plumbing/install/base_interfaces_demo:/opt/ros/humble /usr/bin/cmake --install /home/loser/ws01_plumbing/build/cpp01_topic
[6.235s] Level 1:colcon.colcon_core.environment:create_environment_scripts_only(cpp01_topic)
[6.235s] Level 1:colcon.colcon_core.environment:checking '/home/loser/ws01_plumbing/install/cpp01_topic' for CMake module files
[6.236s] Level 1:colcon.colcon_core.environment:checking '/home/loser/ws01_plumbing/install/cpp01_topic' for CMake config files
[6.236s] Level 1:colcon.colcon_core.shell:create_environment_hook('cpp01_topic', 'cmake_prefix_path')
[6.236s] INFO:colcon.colcon_core.shell:Creating environment hook '/home/loser/ws01_plumbing/install/cpp01_topic/share/cpp01_topic/hook/cmake_prefix_path.ps1'
[6.236s] INFO:colcon.colcon_core.shell:Creating environment descriptor '/home/loser/ws01_plumbing/install/cpp01_topic/share/cpp01_topic/hook/cmake_prefix_path.dsv'
[6.236s] INFO:colcon.colcon_core.shell:Creating environment hook '/home/loser/ws01_plumbing/install/cpp01_topic/share/cpp01_topic/hook/cmake_prefix_path.sh'
[6.237s] Level 1:colcon.colcon_core.environment:checking '/home/loser/ws01_plumbing/install/cpp01_topic/lib'
[6.237s] Level 1:colcon.colcon_core.environment:checking '/home/loser/ws01_plumbing/install/cpp01_topic/bin'
[6.237s] Level 1:colcon.colcon_core.environment:checking '/home/loser/ws01_plumbing/install/cpp01_topic/lib/pkgconfig/cpp01_topic.pc'
[6.237s] Level 1:colcon.colcon_core.environment:checking '/home/loser/ws01_plumbing/install/cpp01_topic/lib/python3.10/site-packages'
[6.237s] Level 1:colcon.colcon_core.environment:checking '/home/loser/ws01_plumbing/install/cpp01_topic/bin'
[6.237s] INFO:colcon.colcon_core.shell:Creating package script '/home/loser/ws01_plumbing/install/cpp01_topic/share/cpp01_topic/package.ps1'
[6.237s] INFO:colcon.colcon_core.shell:Creating package descriptor '/home/loser/ws01_plumbing/install/cpp01_topic/share/cpp01_topic/package.dsv'
[6.236s] DEBUG:colcon.colcon_core.event_handler.log_command:Invoked command in '/home/loser/ws01_plumbing/build/cpp01_topic' returned '0': AMENT_PREFIX_PATH=/home/loser/ws01_plumbing/install/base_interfaces_demo:${AMENT_PREFIX_PATH} CMAKE_PREFIX_PATH=/home/loser/ws01_plumbing/install/base_interfaces_demo:/opt/ros/humble /usr/bin/cmake --install /home/loser/ws01_plumbing/build/cpp01_topic
[6.238s] INFO:colcon.colcon_core.shell:Creating package script '/home/loser/ws01_plumbing/install/cpp01_topic/share/cpp01_topic/package.sh'
[6.239s] INFO:colcon.colcon_core.shell:Creating package script '/home/loser/ws01_plumbing/install/cpp01_topic/share/cpp01_topic/package.bash'
[6.239s] INFO:colcon.colcon_core.shell:Creating package script '/home/loser/ws01_plumbing/install/cpp01_topic/share/cpp01_topic/package.zsh'
[6.239s] Level 1:colcon.colcon_core.environment:create_file_with_runtime_dependencies(/home/loser/ws01_plumbing/install/cpp01_topic/share/colcon-core/packages/cpp01_topic)
[6.240s] Level 1:colcon.colcon_core.environment:create_environment_scripts_only(cpp01_topic)
[6.240s] Level 1:colcon.colcon_core.environment:checking '/home/loser/ws01_plumbing/install/cpp01_topic' for CMake module files
[6.240s] Level 1:colcon.colcon_core.environment:checking '/home/loser/ws01_plumbing/install/cpp01_topic' for CMake config files
[6.240s] Level 1:colcon.colcon_core.shell:create_environment_hook('cpp01_topic', 'cmake_prefix_path')
[6.240s] INFO:colcon.colcon_core.shell:Creating environment hook '/home/loser/ws01_plumbing/install/cpp01_topic/share/cpp01_topic/hook/cmake_prefix_path.ps1'
[6.240s] INFO:colcon.colcon_core.shell:Creating environment descriptor '/home/loser/ws01_plumbing/install/cpp01_topic/share/cpp01_topic/hook/cmake_prefix_path.dsv'
[6.241s] INFO:colcon.colcon_core.shell:Creating environment hook '/home/loser/ws01_plumbing/install/cpp01_topic/share/cpp01_topic/hook/cmake_prefix_path.sh'
[6.242s] Level 1:colcon.colcon_core.environment:checking '/home/loser/ws01_plumbing/install/cpp01_topic/lib'
[6.242s] Level 1:colcon.colcon_core.environment:checking '/home/loser/ws01_plumbing/install/cpp01_topic/bin'
[6.242s] Level 1:colcon.colcon_core.environment:checking '/home/loser/ws01_plumbing/install/cpp01_topic/lib/pkgconfig/cpp01_topic.pc'
[6.242s] Level 1:colcon.colcon_core.environment:checking '/home/loser/ws01_plumbing/install/cpp01_topic/lib/python3.10/site-packages'
[6.242s] Level 1:colcon.colcon_core.environment:checking '/home/loser/ws01_plumbing/install/cpp01_topic/bin'
[6.242s] INFO:colcon.colcon_core.shell:Creating package script '/home/loser/ws01_plumbing/install/cpp01_topic/share/cpp01_topic/package.ps1'
[6.243s] INFO:colcon.colcon_core.shell:Creating package descriptor '/home/loser/ws01_plumbing/install/cpp01_topic/share/cpp01_topic/package.dsv'
[6.243s] INFO:colcon.colcon_core.shell:Creating package script '/home/loser/ws01_plumbing/install/cpp01_topic/share/cpp01_topic/package.sh'
[6.244s] INFO:colcon.colcon_core.shell:Creating package script '/home/loser/ws01_plumbing/install/cpp01_topic/share/cpp01_topic/package.bash'
[6.244s] INFO:colcon.colcon_core.shell:Creating package script '/home/loser/ws01_plumbing/install/cpp01_topic/share/cpp01_topic/package.zsh'
[6.244s] Level 1:colcon.colcon_core.environment:create_file_with_runtime_dependencies(/home/loser/ws01_plumbing/install/cpp01_topic/share/colcon-core/packages/cpp01_topic)
[6.246s] DEBUG:colcon.colcon_parallel_executor.executor.parallel:closing loop
[6.246s] DEBUG:colcon.colcon_parallel_executor.executor.parallel:loop closed
[6.246s] DEBUG:colcon.colcon_parallel_executor.executor.parallel:run_until_complete finished with '0'
[6.246s] DEBUG:colcon.colcon_core.event_reactor:joining thread
[6.251s] INFO:colcon.colcon_core.plugin_system:Skipping extension 'colcon_notification.desktop_notification.terminal_notifier': Not used on non-Darwin systems
[6.251s] INFO:colcon.colcon_core.plugin_system:Skipping extension 'colcon_notification.desktop_notification.win32': Not used on non-Windows systems
[6.251s] INFO:colcon.colcon_notification.desktop_notification:Sending desktop notification using 'notify2'
[6.267s] DEBUG:colcon.colcon_core.event_reactor:joined thread
[6.267s] INFO:colcon.colcon_core.shell:Creating prefix script '/home/loser/ws01_plumbing/install/local_setup.ps1'
[6.268s] INFO:colcon.colcon_core.shell:Creating prefix util module '/home/loser/ws01_plumbing/install/_local_setup_util_ps1.py'
[6.268s] INFO:colcon.colcon_core.shell:Creating prefix chain script '/home/loser/ws01_plumbing/install/setup.ps1'
[6.269s] INFO:colcon.colcon_core.shell:Creating prefix script '/home/loser/ws01_plumbing/install/local_setup.sh'
[6.271s] INFO:colcon.colcon_core.shell:Creating prefix util module '/home/loser/ws01_plumbing/install/_local_setup_util_sh.py'
[6.271s] INFO:colcon.colcon_core.shell:Creating prefix chain script '/home/loser/ws01_plumbing/install/setup.sh'
[6.272s] INFO:colcon.colcon_core.shell:Creating prefix script '/home/loser/ws01_plumbing/install/local_setup.bash'
[6.272s] INFO:colcon.colcon_core.shell:Creating prefix chain script '/home/loser/ws01_plumbing/install/setup.bash'
[6.272s] INFO:colcon.colcon_core.shell:Creating prefix script '/home/loser/ws01_plumbing/install/local_setup.zsh'
[6.273s] INFO:colcon.colcon_core.shell:Creating prefix chain script '/home/loser/ws01_plumbing/install/setup.zsh'
