[0.730s] Invoking command in '/home/loser/ws01_plumbing/src/py02_service': CMAKE_PREFIX_PATH=/home/loser/ws01_plumbing/install/base_interfaces_demo:/home/loser/ws01_plumbing/install/cpp02_service:/home/loser/ws01_plumbing/install/cpp01_topic PYTHONPATH=/home/loser/ws01_plumbing/build/py02_service/prefix_override:/usr/lib/python3/dist-packages/colcon_core/task/python/colcon_distutils_commands:/home/loser/ws01_plumbing/install/py02_service/lib/python3.10/site-packages:${PYTHONPATH} /usr/bin/python3 -W ignore:setup.py install is deprecated -W ignore:easy_install command is deprecated setup.py egg_info --egg-base ../../build/py02_service build --build-base /home/loser/ws01_plumbing/build/py02_service/build install --record /home/loser/ws01_plumbing/build/py02_service/install.log --single-version-externally-managed install_data
[0.863s] running egg_info
[0.863s] writing ../../build/py02_service/py02_service.egg-info/PKG-INFO
[0.864s] writing dependency_links to ../../build/py02_service/py02_service.egg-info/dependency_links.txt
[0.864s] writing entry points to ../../build/py02_service/py02_service.egg-info/entry_points.txt
[0.865s] writing requirements to ../../build/py02_service/py02_service.egg-info/requires.txt
[0.865s] writing top-level names to ../../build/py02_service/py02_service.egg-info/top_level.txt
[0.866s] reading manifest file '../../build/py02_service/py02_service.egg-info/SOURCES.txt'
[0.867s] writing manifest file '../../build/py02_service/py02_service.egg-info/SOURCES.txt'
[0.867s] running build
[0.867s] running build_py
[0.868s] running install
[0.868s] running install_lib
[0.869s] running install_data
[0.869s] running install_egg_info
[0.871s] removing '/home/loser/ws01_plumbing/install/py02_service/lib/python3.10/site-packages/py02_service-0.0.0-py3.10.egg-info' (and everything under it)
[0.872s] Copying ../../build/py02_service/py02_service.egg-info to /home/loser/ws01_plumbing/install/py02_service/lib/python3.10/site-packages/py02_service-0.0.0-py3.10.egg-info
[0.872s] running install_scripts
[0.893s] Installing demo01_server script to /home/loser/ws01_plumbing/install/py02_service/lib/py02_service
[0.897s] writing list of installed files to '/home/loser/ws01_plumbing/build/py02_service/install.log'
[0.930s] Invoked command in '/home/loser/ws01_plumbing/src/py02_service' returned '0': CMAKE_PREFIX_PATH=/home/loser/ws01_plumbing/install/base_interfaces_demo:/home/loser/ws01_plumbing/install/cpp02_service:/home/loser/ws01_plumbing/install/cpp01_topic PYTHONPATH=/home/loser/ws01_plumbing/build/py02_service/prefix_override:/usr/lib/python3/dist-packages/colcon_core/task/python/colcon_distutils_commands:/home/loser/ws01_plumbing/install/py02_service/lib/python3.10/site-packages:${PYTHONPATH} /usr/bin/python3 -W ignore:setup.py install is deprecated -W ignore:easy_install command is deprecated setup.py egg_info --egg-base ../../build/py02_service build --build-base /home/loser/ws01_plumbing/build/py02_service/build install --record /home/loser/ws01_plumbing/build/py02_service/install.log --single-version-externally-managed install_data
