[0.103s] DEBUG:colcon:Command line arguments: ['/usr/bin/colcon', 'build']
[0.103s] DEBUG:colcon:Parsed command line arguments: Namespace(log_base=None, log_level=None, verb_name='build', build_base='build', install_base='install', merge_install=False, symlink_install=False, test_result_base=None, continue_on_error=False, executor='parallel', parallel_workers=4, event_handlers=None, ignore_user_meta=False, metas=['./colcon.meta'], base_paths=['.'], packages_ignore=None, packages_ignore_regex=None, paths=None, packages_up_to=None, packages_up_to_regex=None, packages_above=None, packages_above_and_dependencies=None, packages_above_depth=None, packages_select_by_dep=None, packages_skip_by_dep=None, packages_skip_up_to=None, packages_select_build_failed=False, packages_skip_build_finished=False, packages_select_test_failures=False, packages_skip_test_passed=False, packages_select=None, packages_skip=None, packages_select_regex=None, packages_skip_regex=None, packages_start=None, packages_end=None, allow_overriding=[], cmake_args=None, cmake_target=None, cmake_target_skip_unavailable=False, cmake_clean_cache=False, cmake_clean_first=False, cmake_force_configure=False, ament_cmake_args=None, catkin_cmake_args=None, catkin_skip_building_tests=False, verb_parser=<colcon_defaults.argument_parser.defaults.DefaultArgumentsDecorator object at 0x71b7b371f730>, verb_extension=<colcon_core.verb.build.BuildVerb object at 0x71b7b3864be0>, main=<bound method BuildVerb.main of <colcon_core.verb.build.BuildVerb object at 0x71b7b3864be0>>)
[0.233s] Level 1:colcon.colcon_core.package_discovery:discover_packages(colcon_meta) check parameters
[0.233s] Level 1:colcon.colcon_core.package_discovery:discover_packages(recursive) check parameters
[0.233s] Level 1:colcon.colcon_core.package_discovery:discover_packages(ignore) check parameters
[0.233s] Level 1:colcon.colcon_core.package_discovery:discover_packages(path) check parameters
[0.233s] Level 1:colcon.colcon_core.package_discovery:discover_packages(colcon_meta) discover
[0.233s] Level 1:colcon.colcon_core.package_discovery:discover_packages(recursive) discover
[0.233s] INFO:colcon.colcon_core.package_discovery:Crawling recursively for packages in '/home/loser/ws01_plumbing'
[0.233s] Level 1:colcon.colcon_core.package_identification:_identify(.) by extensions ['ignore', 'ignore_ament_install']
[0.233s] Level 1:colcon.colcon_core.package_identification:_identify(.) by extension 'ignore'
[0.233s] Level 1:colcon.colcon_core.package_identification:_identify(.) by extension 'ignore_ament_install'
[0.233s] Level 1:colcon.colcon_core.package_identification:_identify(.) by extensions ['colcon_pkg']
[0.233s] Level 1:colcon.colcon_core.package_identification:_identify(.) by extension 'colcon_pkg'
[0.233s] Level 1:colcon.colcon_core.package_identification:_identify(.) by extensions ['colcon_meta']
[0.233s] Level 1:colcon.colcon_core.package_identification:_identify(.) by extension 'colcon_meta'
[0.233s] Level 1:colcon.colcon_core.package_identification:_identify(.) by extensions ['ros']
[0.233s] Level 1:colcon.colcon_core.package_identification:_identify(.) by extension 'ros'
[0.242s] Level 1:colcon.colcon_core.package_identification:_identify(.) by extensions ['cmake', 'python']
[0.242s] Level 1:colcon.colcon_core.package_identification:_identify(.) by extension 'cmake'
[0.242s] Level 1:colcon.colcon_core.package_identification:_identify(.) by extension 'python'
[0.242s] Level 1:colcon.colcon_core.package_identification:_identify(.) by extensions ['python_setup_py']
[0.242s] Level 1:colcon.colcon_core.package_identification:_identify(.) by extension 'python_setup_py'
[0.242s] Level 1:colcon.colcon_core.package_identification:_identify(build) by extensions ['ignore', 'ignore_ament_install']
[0.242s] Level 1:colcon.colcon_core.package_identification:_identify(build) by extension 'ignore'
[0.242s] Level 1:colcon.colcon_core.package_identification:_identify(build) ignored
[0.243s] Level 1:colcon.colcon_core.package_identification:_identify(install) by extensions ['ignore', 'ignore_ament_install']
[0.243s] Level 1:colcon.colcon_core.package_identification:_identify(install) by extension 'ignore'
[0.243s] Level 1:colcon.colcon_core.package_identification:_identify(install) ignored
[0.243s] Level 1:colcon.colcon_core.package_identification:_identify(log) by extensions ['ignore', 'ignore_ament_install']
[0.243s] Level 1:colcon.colcon_core.package_identification:_identify(log) by extension 'ignore'
[0.243s] Level 1:colcon.colcon_core.package_identification:_identify(log) ignored
[0.243s] Level 1:colcon.colcon_core.package_identification:_identify(src) by extensions ['ignore', 'ignore_ament_install']
[0.243s] Level 1:colcon.colcon_core.package_identification:_identify(src) by extension 'ignore'
[0.243s] Level 1:colcon.colcon_core.package_identification:_identify(src) by extension 'ignore_ament_install'
[0.243s] Level 1:colcon.colcon_core.package_identification:_identify(src) by extensions ['colcon_pkg']
[0.243s] Level 1:colcon.colcon_core.package_identification:_identify(src) by extension 'colcon_pkg'
[0.243s] Level 1:colcon.colcon_core.package_identification:_identify(src) by extensions ['colcon_meta']
[0.243s] Level 1:colcon.colcon_core.package_identification:_identify(src) by extension 'colcon_meta'
[0.243s] Level 1:colcon.colcon_core.package_identification:_identify(src) by extensions ['ros']
[0.243s] Level 1:colcon.colcon_core.package_identification:_identify(src) by extension 'ros'
[0.243s] Level 1:colcon.colcon_core.package_identification:_identify(src) by extensions ['cmake', 'python']
[0.243s] Level 1:colcon.colcon_core.package_identification:_identify(src) by extension 'cmake'
[0.243s] Level 1:colcon.colcon_core.package_identification:_identify(src) by extension 'python'
[0.243s] Level 1:colcon.colcon_core.package_identification:_identify(src) by extensions ['python_setup_py']
[0.243s] Level 1:colcon.colcon_core.package_identification:_identify(src) by extension 'python_setup_py'
[0.244s] Level 1:colcon.colcon_core.package_identification:_identify(src/base_interfaces_demo) by extensions ['ignore', 'ignore_ament_install']
[0.244s] Level 1:colcon.colcon_core.package_identification:_identify(src/base_interfaces_demo) by extension 'ignore'
[0.244s] Level 1:colcon.colcon_core.package_identification:_identify(src/base_interfaces_demo) by extension 'ignore_ament_install'
[0.244s] Level 1:colcon.colcon_core.package_identification:_identify(src/base_interfaces_demo) by extensions ['colcon_pkg']
[0.244s] Level 1:colcon.colcon_core.package_identification:_identify(src/base_interfaces_demo) by extension 'colcon_pkg'
[0.244s] Level 1:colcon.colcon_core.package_identification:_identify(src/base_interfaces_demo) by extensions ['colcon_meta']
[0.244s] Level 1:colcon.colcon_core.package_identification:_identify(src/base_interfaces_demo) by extension 'colcon_meta'
[0.244s] Level 1:colcon.colcon_core.package_identification:_identify(src/base_interfaces_demo) by extensions ['ros']
[0.244s] Level 1:colcon.colcon_core.package_identification:_identify(src/base_interfaces_demo) by extension 'ros'
[0.246s] DEBUG:colcon.colcon_core.package_identification:Package 'src/base_interfaces_demo' with type 'ros.ament_cmake' and name 'base_interfaces_demo'
[0.246s] Level 1:colcon.colcon_core.package_identification:_identify(src/cpp01_topic) by extensions ['ignore', 'ignore_ament_install']
[0.246s] Level 1:colcon.colcon_core.package_identification:_identify(src/cpp01_topic) by extension 'ignore'
[0.246s] Level 1:colcon.colcon_core.package_identification:_identify(src/cpp01_topic) by extension 'ignore_ament_install'
[0.246s] Level 1:colcon.colcon_core.package_identification:_identify(src/cpp01_topic) by extensions ['colcon_pkg']
[0.246s] Level 1:colcon.colcon_core.package_identification:_identify(src/cpp01_topic) by extension 'colcon_pkg'
[0.246s] Level 1:colcon.colcon_core.package_identification:_identify(src/cpp01_topic) by extensions ['colcon_meta']
[0.246s] Level 1:colcon.colcon_core.package_identification:_identify(src/cpp01_topic) by extension 'colcon_meta'
[0.246s] Level 1:colcon.colcon_core.package_identification:_identify(src/cpp01_topic) by extensions ['ros']
[0.246s] Level 1:colcon.colcon_core.package_identification:_identify(src/cpp01_topic) by extension 'ros'
[0.246s] DEBUG:colcon.colcon_core.package_identification:Package 'src/cpp01_topic' with type 'ros.ament_cmake' and name 'cpp01_topic'
[0.247s] Level 1:colcon.colcon_core.package_identification:_identify(src/py01_topic) by extensions ['ignore', 'ignore_ament_install']
[0.247s] Level 1:colcon.colcon_core.package_identification:_identify(src/py01_topic) by extension 'ignore'
[0.247s] Level 1:colcon.colcon_core.package_identification:_identify(src/py01_topic) by extension 'ignore_ament_install'
[0.247s] Level 1:colcon.colcon_core.package_identification:_identify(src/py01_topic) by extensions ['colcon_pkg']
[0.247s] Level 1:colcon.colcon_core.package_identification:_identify(src/py01_topic) by extension 'colcon_pkg'
[0.247s] Level 1:colcon.colcon_core.package_identification:_identify(src/py01_topic) by extensions ['colcon_meta']
[0.247s] Level 1:colcon.colcon_core.package_identification:_identify(src/py01_topic) by extension 'colcon_meta'
[0.247s] Level 1:colcon.colcon_core.package_identification:_identify(src/py01_topic) by extensions ['ros']
[0.247s] Level 1:colcon.colcon_core.package_identification:_identify(src/py01_topic) by extension 'ros'
[0.247s] DEBUG:colcon.colcon_core.package_identification:Package 'src/py01_topic' with type 'ros.ament_python' and name 'py01_topic'
[0.247s] Level 1:colcon.colcon_core.package_discovery:discover_packages(recursive) using defaults
[0.247s] Level 1:colcon.colcon_core.package_discovery:discover_packages(ignore) discover
[0.247s] Level 1:colcon.colcon_core.package_discovery:discover_packages(ignore) using defaults
[0.247s] Level 1:colcon.colcon_core.package_discovery:discover_packages(path) discover
[0.247s] Level 1:colcon.colcon_core.package_discovery:discover_packages(path) using defaults
[0.263s] Level 1:colcon.colcon_core.package_discovery:discover_packages(prefix_path) check parameters
[0.263s] Level 1:colcon.colcon_core.package_discovery:discover_packages(prefix_path) discover
[0.265s] DEBUG:colcon.colcon_installed_package_information.package_discovery:Found 3 installed packages in /home/loser/ws01_plumbing/install
[0.266s] DEBUG:colcon.colcon_installed_package_information.package_discovery:Found 273 installed packages in /opt/ros/humble
[0.267s] Level 1:colcon.colcon_core.package_discovery:discover_packages(prefix_path) using defaults
[0.302s] Level 5:colcon.colcon_core.verb:set package 'base_interfaces_demo' build argument 'cmake_args' from command line to 'None'
[0.302s] Level 5:colcon.colcon_core.verb:set package 'base_interfaces_demo' build argument 'cmake_target' from command line to 'None'
[0.302s] Level 5:colcon.colcon_core.verb:set package 'base_interfaces_demo' build argument 'cmake_target_skip_unavailable' from command line to 'False'
[0.302s] Level 5:colcon.colcon_core.verb:set package 'base_interfaces_demo' build argument 'cmake_clean_cache' from command line to 'False'
[0.302s] Level 5:colcon.colcon_core.verb:set package 'base_interfaces_demo' build argument 'cmake_clean_first' from command line to 'False'
[0.302s] Level 5:colcon.colcon_core.verb:set package 'base_interfaces_demo' build argument 'cmake_force_configure' from command line to 'False'
[0.302s] Level 5:colcon.colcon_core.verb:set package 'base_interfaces_demo' build argument 'ament_cmake_args' from command line to 'None'
[0.302s] Level 5:colcon.colcon_core.verb:set package 'base_interfaces_demo' build argument 'catkin_cmake_args' from command line to 'None'
[0.302s] Level 5:colcon.colcon_core.verb:set package 'base_interfaces_demo' build argument 'catkin_skip_building_tests' from command line to 'False'
[0.302s] DEBUG:colcon.colcon_core.verb:Building package 'base_interfaces_demo' with the following arguments: {'ament_cmake_args': None, 'build_base': '/home/loser/ws01_plumbing/build/base_interfaces_demo', 'catkin_cmake_args': None, 'catkin_skip_building_tests': False, 'cmake_args': None, 'cmake_clean_cache': False, 'cmake_clean_first': False, 'cmake_force_configure': False, 'cmake_target': None, 'cmake_target_skip_unavailable': False, 'install_base': '/home/loser/ws01_plumbing/install/base_interfaces_demo', 'merge_install': False, 'path': '/home/loser/ws01_plumbing/src/base_interfaces_demo', 'symlink_install': False, 'test_result_base': None}
[0.302s] Level 5:colcon.colcon_core.verb:set package 'cpp01_topic' build argument 'cmake_args' from command line to 'None'
[0.302s] Level 5:colcon.colcon_core.verb:set package 'cpp01_topic' build argument 'cmake_target' from command line to 'None'
[0.302s] Level 5:colcon.colcon_core.verb:set package 'cpp01_topic' build argument 'cmake_target_skip_unavailable' from command line to 'False'
[0.302s] Level 5:colcon.colcon_core.verb:set package 'cpp01_topic' build argument 'cmake_clean_cache' from command line to 'False'
[0.302s] Level 5:colcon.colcon_core.verb:set package 'cpp01_topic' build argument 'cmake_clean_first' from command line to 'False'
[0.302s] Level 5:colcon.colcon_core.verb:set package 'cpp01_topic' build argument 'cmake_force_configure' from command line to 'False'
[0.302s] Level 5:colcon.colcon_core.verb:set package 'cpp01_topic' build argument 'ament_cmake_args' from command line to 'None'
[0.302s] Level 5:colcon.colcon_core.verb:set package 'cpp01_topic' build argument 'catkin_cmake_args' from command line to 'None'
[0.302s] Level 5:colcon.colcon_core.verb:set package 'cpp01_topic' build argument 'catkin_skip_building_tests' from command line to 'False'
[0.302s] DEBUG:colcon.colcon_core.verb:Building package 'cpp01_topic' with the following arguments: {'ament_cmake_args': None, 'build_base': '/home/loser/ws01_plumbing/build/cpp01_topic', 'catkin_cmake_args': None, 'catkin_skip_building_tests': False, 'cmake_args': None, 'cmake_clean_cache': False, 'cmake_clean_first': False, 'cmake_force_configure': False, 'cmake_target': None, 'cmake_target_skip_unavailable': False, 'install_base': '/home/loser/ws01_plumbing/install/cpp01_topic', 'merge_install': False, 'path': '/home/loser/ws01_plumbing/src/cpp01_topic', 'symlink_install': False, 'test_result_base': None}
[0.303s] Level 5:colcon.colcon_core.verb:set package 'py01_topic' build argument 'cmake_args' from command line to 'None'
[0.303s] Level 5:colcon.colcon_core.verb:set package 'py01_topic' build argument 'cmake_target' from command line to 'None'
[0.303s] Level 5:colcon.colcon_core.verb:set package 'py01_topic' build argument 'cmake_target_skip_unavailable' from command line to 'False'
[0.303s] Level 5:colcon.colcon_core.verb:set package 'py01_topic' build argument 'cmake_clean_cache' from command line to 'False'
[0.303s] Level 5:colcon.colcon_core.verb:set package 'py01_topic' build argument 'cmake_clean_first' from command line to 'False'
[0.303s] Level 5:colcon.colcon_core.verb:set package 'py01_topic' build argument 'cmake_force_configure' from command line to 'False'
[0.303s] Level 5:colcon.colcon_core.verb:set package 'py01_topic' build argument 'ament_cmake_args' from command line to 'None'
[0.303s] Level 5:colcon.colcon_core.verb:set package 'py01_topic' build argument 'catkin_cmake_args' from command line to 'None'
[0.303s] Level 5:colcon.colcon_core.verb:set package 'py01_topic' build argument 'catkin_skip_building_tests' from command line to 'False'
[0.303s] DEBUG:colcon.colcon_core.verb:Building package 'py01_topic' with the following arguments: {'ament_cmake_args': None, 'build_base': '/home/loser/ws01_plumbing/build/py01_topic', 'catkin_cmake_args': None, 'catkin_skip_building_tests': False, 'cmake_args': None, 'cmake_clean_cache': False, 'cmake_clean_first': False, 'cmake_force_configure': False, 'cmake_target': None, 'cmake_target_skip_unavailable': False, 'install_base': '/home/loser/ws01_plumbing/install/py01_topic', 'merge_install': False, 'path': '/home/loser/ws01_plumbing/src/py01_topic', 'symlink_install': False, 'test_result_base': None}
[0.303s] INFO:colcon.colcon_core.executor:Executing jobs using 'parallel' executor
[0.304s] DEBUG:colcon.colcon_parallel_executor.executor.parallel:run_until_complete
[0.304s] INFO:colcon.colcon_ros.task.ament_cmake.build:Building ROS package in '/home/loser/ws01_plumbing/src/base_interfaces_demo' with build type 'ament_cmake'
[0.305s] INFO:colcon.colcon_cmake.task.cmake.build:Building CMake package in '/home/loser/ws01_plumbing/src/base_interfaces_demo'
[0.307s] INFO:colcon.colcon_core.plugin_system:Skipping extension 'colcon_core.shell.bat': Not used on non-Windows systems
[0.307s] INFO:colcon.colcon_core.shell:Skip shell extension 'powershell' for command environment: Not usable outside of PowerShell
[0.307s] DEBUG:colcon.colcon_core.shell:Skip shell extension 'dsv' for command environment
[0.316s] DEBUG:colcon.colcon_core.event_handler.log_command:Invoking command in '/home/loser/ws01_plumbing/build/base_interfaces_demo': CMAKE_PREFIX_PATH=${CMAKE_PREFIX_PATH}:/home/loser/ws01_plumbing/install/py01_topic:/opt/ros/humble /usr/bin/cmake --build /home/loser/ws01_plumbing/build/base_interfaces_demo -- -j4 -l4
[0.625s] DEBUG:colcon.colcon_core.event_handler.log_command:Invoked command in '/home/loser/ws01_plumbing/build/base_interfaces_demo' returned '0': CMAKE_PREFIX_PATH=${CMAKE_PREFIX_PATH}:/home/loser/ws01_plumbing/install/py01_topic:/opt/ros/humble /usr/bin/cmake --build /home/loser/ws01_plumbing/build/base_interfaces_demo -- -j4 -l4
[0.630s] DEBUG:colcon.colcon_core.event_handler.log_command:Invoking command in '/home/loser/ws01_plumbing/build/base_interfaces_demo': CMAKE_PREFIX_PATH=${CMAKE_PREFIX_PATH}:/home/loser/ws01_plumbing/install/py01_topic:/opt/ros/humble /usr/bin/cmake --install /home/loser/ws01_plumbing/build/base_interfaces_demo
[0.669s] Level 1:colcon.colcon_core.environment:create_environment_scripts_only(base_interfaces_demo)
[0.669s] DEBUG:colcon.colcon_core.event_handler.log_command:Invoked command in '/home/loser/ws01_plumbing/build/base_interfaces_demo' returned '0': CMAKE_PREFIX_PATH=${CMAKE_PREFIX_PATH}:/home/loser/ws01_plumbing/install/py01_topic:/opt/ros/humble /usr/bin/cmake --install /home/loser/ws01_plumbing/build/base_interfaces_demo
[0.671s] Level 1:colcon.colcon_core.environment:checking '/home/loser/ws01_plumbing/install/base_interfaces_demo' for CMake module files
[0.672s] Level 1:colcon.colcon_core.environment:checking '/home/loser/ws01_plumbing/install/base_interfaces_demo' for CMake config files
[0.672s] Level 1:colcon.colcon_core.shell:create_environment_hook('base_interfaces_demo', 'cmake_prefix_path')
[0.672s] INFO:colcon.colcon_core.shell:Creating environment hook '/home/loser/ws01_plumbing/install/base_interfaces_demo/share/base_interfaces_demo/hook/cmake_prefix_path.ps1'
[0.673s] INFO:colcon.colcon_core.shell:Creating environment descriptor '/home/loser/ws01_plumbing/install/base_interfaces_demo/share/base_interfaces_demo/hook/cmake_prefix_path.dsv'
[0.673s] INFO:colcon.colcon_core.shell:Creating environment hook '/home/loser/ws01_plumbing/install/base_interfaces_demo/share/base_interfaces_demo/hook/cmake_prefix_path.sh'
[0.674s] Level 1:colcon.colcon_core.environment:checking '/home/loser/ws01_plumbing/install/base_interfaces_demo/lib'
[0.674s] Level 1:colcon.colcon_core.shell:create_environment_hook('base_interfaces_demo', 'ld_library_path_lib')
[0.675s] INFO:colcon.colcon_core.shell:Creating environment hook '/home/loser/ws01_plumbing/install/base_interfaces_demo/share/base_interfaces_demo/hook/ld_library_path_lib.ps1'
[0.675s] INFO:colcon.colcon_core.shell:Creating environment descriptor '/home/loser/ws01_plumbing/install/base_interfaces_demo/share/base_interfaces_demo/hook/ld_library_path_lib.dsv'
[0.675s] INFO:colcon.colcon_core.shell:Creating environment hook '/home/loser/ws01_plumbing/install/base_interfaces_demo/share/base_interfaces_demo/hook/ld_library_path_lib.sh'
[0.676s] Level 1:colcon.colcon_core.environment:checking '/home/loser/ws01_plumbing/install/base_interfaces_demo/bin'
[0.676s] Level 1:colcon.colcon_core.environment:checking '/home/loser/ws01_plumbing/install/base_interfaces_demo/lib/pkgconfig/base_interfaces_demo.pc'
[0.676s] Level 1:colcon.colcon_core.environment:checking '/home/loser/ws01_plumbing/install/base_interfaces_demo/lib/python3.10/site-packages'
[0.676s] Level 1:colcon.colcon_core.environment:checking '/home/loser/ws01_plumbing/install/base_interfaces_demo/bin'
[0.676s] INFO:colcon.colcon_core.shell:Creating package script '/home/loser/ws01_plumbing/install/base_interfaces_demo/share/base_interfaces_demo/package.ps1'
[0.677s] INFO:colcon.colcon_core.shell:Creating package descriptor '/home/loser/ws01_plumbing/install/base_interfaces_demo/share/base_interfaces_demo/package.dsv'
[0.677s] INFO:colcon.colcon_core.shell:Creating package script '/home/loser/ws01_plumbing/install/base_interfaces_demo/share/base_interfaces_demo/package.sh'
[0.678s] INFO:colcon.colcon_core.shell:Creating package script '/home/loser/ws01_plumbing/install/base_interfaces_demo/share/base_interfaces_demo/package.bash'
[0.679s] INFO:colcon.colcon_core.shell:Creating package script '/home/loser/ws01_plumbing/install/base_interfaces_demo/share/base_interfaces_demo/package.zsh'
[0.679s] Level 1:colcon.colcon_core.environment:create_file_with_runtime_dependencies(/home/loser/ws01_plumbing/install/base_interfaces_demo/share/colcon-core/packages/base_interfaces_demo)
[0.680s] Level 1:colcon.colcon_core.environment:create_environment_scripts_only(base_interfaces_demo)
[0.680s] Level 1:colcon.colcon_core.environment:checking '/home/loser/ws01_plumbing/install/base_interfaces_demo' for CMake module files
[0.680s] Level 1:colcon.colcon_core.environment:checking '/home/loser/ws01_plumbing/install/base_interfaces_demo' for CMake config files
[0.680s] Level 1:colcon.colcon_core.shell:create_environment_hook('base_interfaces_demo', 'cmake_prefix_path')
[0.680s] INFO:colcon.colcon_core.shell:Creating environment hook '/home/loser/ws01_plumbing/install/base_interfaces_demo/share/base_interfaces_demo/hook/cmake_prefix_path.ps1'
[0.680s] INFO:colcon.colcon_core.shell:Creating environment descriptor '/home/loser/ws01_plumbing/install/base_interfaces_demo/share/base_interfaces_demo/hook/cmake_prefix_path.dsv'
[0.681s] INFO:colcon.colcon_core.shell:Creating environment hook '/home/loser/ws01_plumbing/install/base_interfaces_demo/share/base_interfaces_demo/hook/cmake_prefix_path.sh'
[0.681s] Level 1:colcon.colcon_core.environment:checking '/home/loser/ws01_plumbing/install/base_interfaces_demo/lib'
[0.681s] Level 1:colcon.colcon_core.shell:create_environment_hook('base_interfaces_demo', 'ld_library_path_lib')
[0.681s] INFO:colcon.colcon_core.shell:Creating environment hook '/home/loser/ws01_plumbing/install/base_interfaces_demo/share/base_interfaces_demo/hook/ld_library_path_lib.ps1'
[0.681s] INFO:colcon.colcon_core.shell:Creating environment descriptor '/home/loser/ws01_plumbing/install/base_interfaces_demo/share/base_interfaces_demo/hook/ld_library_path_lib.dsv'
[0.682s] INFO:colcon.colcon_core.shell:Creating environment hook '/home/loser/ws01_plumbing/install/base_interfaces_demo/share/base_interfaces_demo/hook/ld_library_path_lib.sh'
[0.682s] Level 1:colcon.colcon_core.environment:checking '/home/loser/ws01_plumbing/install/base_interfaces_demo/bin'
[0.682s] Level 1:colcon.colcon_core.environment:checking '/home/loser/ws01_plumbing/install/base_interfaces_demo/lib/pkgconfig/base_interfaces_demo.pc'
[0.682s] Level 1:colcon.colcon_core.environment:checking '/home/loser/ws01_plumbing/install/base_interfaces_demo/lib/python3.10/site-packages'
[0.682s] Level 1:colcon.colcon_core.environment:checking '/home/loser/ws01_plumbing/install/base_interfaces_demo/bin'
[0.682s] INFO:colcon.colcon_core.shell:Creating package script '/home/loser/ws01_plumbing/install/base_interfaces_demo/share/base_interfaces_demo/package.ps1'
[0.683s] INFO:colcon.colcon_core.shell:Creating package descriptor '/home/loser/ws01_plumbing/install/base_interfaces_demo/share/base_interfaces_demo/package.dsv'
[0.685s] INFO:colcon.colcon_core.shell:Creating package script '/home/loser/ws01_plumbing/install/base_interfaces_demo/share/base_interfaces_demo/package.sh'
[0.686s] INFO:colcon.colcon_core.shell:Creating package script '/home/loser/ws01_plumbing/install/base_interfaces_demo/share/base_interfaces_demo/package.bash'
[0.686s] INFO:colcon.colcon_core.shell:Creating package script '/home/loser/ws01_plumbing/install/base_interfaces_demo/share/base_interfaces_demo/package.zsh'
[0.686s] Level 1:colcon.colcon_core.environment:create_file_with_runtime_dependencies(/home/loser/ws01_plumbing/install/base_interfaces_demo/share/colcon-core/packages/base_interfaces_demo)
[0.687s] INFO:colcon.colcon_ros.task.ament_cmake.build:Building ROS package in '/home/loser/ws01_plumbing/src/cpp01_topic' with build type 'ament_cmake'
[0.687s] INFO:colcon.colcon_cmake.task.cmake.build:Building CMake package in '/home/loser/ws01_plumbing/src/cpp01_topic'
[0.687s] INFO:colcon.colcon_core.shell:Skip shell extension 'powershell' for command environment: Not usable outside of PowerShell
[0.687s] DEBUG:colcon.colcon_core.shell:Skip shell extension 'dsv' for command environment
[0.690s] INFO:colcon.colcon_ros.task.ament_python.build:Building ROS package in '/home/loser/ws01_plumbing/src/py01_topic' with build type 'ament_python'
[0.690s] Level 1:colcon.colcon_core.shell:create_environment_hook('py01_topic', 'ament_prefix_path')
[0.690s] INFO:colcon.colcon_core.shell:Creating environment hook '/home/loser/ws01_plumbing/install/py01_topic/share/py01_topic/hook/ament_prefix_path.ps1'
[0.691s] INFO:colcon.colcon_core.shell:Creating environment descriptor '/home/loser/ws01_plumbing/install/py01_topic/share/py01_topic/hook/ament_prefix_path.dsv'
[0.691s] INFO:colcon.colcon_core.shell:Creating environment hook '/home/loser/ws01_plumbing/install/py01_topic/share/py01_topic/hook/ament_prefix_path.sh'
[0.692s] INFO:colcon.colcon_core.shell:Skip shell extension 'powershell' for command environment: Not usable outside of PowerShell
[0.692s] DEBUG:colcon.colcon_core.shell:Skip shell extension 'dsv' for command environment
[0.698s] DEBUG:colcon.colcon_core.event_handler.log_command:Invoking command in '/home/loser/ws01_plumbing/build/cpp01_topic': CMAKE_PREFIX_PATH=/home/loser/ws01_plumbing/install/base_interfaces_demo:/home/loser/ws01_plumbing/install/cpp01_topic:/home/loser/ws01_plumbing/install/py01_topic:/opt/ros/humble LD_LIBRARY_PATH=/home/loser/ws01_plumbing/install/base_interfaces_demo/lib:${LD_LIBRARY_PATH} PYTHONPATH=/home/loser/ws01_plumbing/install/base_interfaces_demo/local/lib/python3.10/dist-packages:${PYTHONPATH} /usr/bin/cmake --build /home/loser/ws01_plumbing/build/cpp01_topic -- -j4 -l4
[0.888s] INFO:colcon.colcon_core.task.python.build:Building Python package in '/home/loser/ws01_plumbing/src/py01_topic'
[0.888s] INFO:colcon.colcon_core.shell:Skip shell extension 'powershell' for command environment: Not usable outside of PowerShell
[0.888s] DEBUG:colcon.colcon_core.shell:Skip shell extension 'dsv' for command environment
[1.075s] DEBUG:colcon.colcon_core.event_handler.log_command:Invoking command in '/home/loser/ws01_plumbing/src/py01_topic': CMAKE_PREFIX_PATH=/home/loser/ws01_plumbing/install/base_interfaces_demo:/home/loser/ws01_plumbing/install/cpp01_topic LD_LIBRARY_PATH=/home/loser/ws01_plumbing/install/base_interfaces_demo/lib:${LD_LIBRARY_PATH} PYTHONPATH=/home/loser/ws01_plumbing/build/py01_topic/prefix_override:/usr/lib/python3/dist-packages/colcon_core/task/python/colcon_distutils_commands:/home/loser/ws01_plumbing/install/py01_topic/lib/python3.10/site-packages:/home/loser/ws01_plumbing/install/base_interfaces_demo/local/lib/python3.10/dist-packages:${PYTHONPATH} /usr/bin/python3 -W ignore:setup.py install is deprecated -W ignore:easy_install command is deprecated setup.py egg_info --egg-base ../../build/py01_topic build --build-base /home/loser/ws01_plumbing/build/py01_topic/build install --record /home/loser/ws01_plumbing/build/py01_topic/install.log --single-version-externally-managed install_data
[1.239s] Level 1:colcon.colcon_core.environment:checking '/home/loser/ws01_plumbing/install/py01_topic' for CMake module files
[1.240s] Level 1:colcon.colcon_core.environment:checking '/home/loser/ws01_plumbing/install/py01_topic' for CMake config files
[1.240s] Level 1:colcon.colcon_core.environment:checking '/home/loser/ws01_plumbing/install/py01_topic/lib'
[1.240s] Level 1:colcon.colcon_core.environment:checking '/home/loser/ws01_plumbing/install/py01_topic/bin'
[1.240s] Level 1:colcon.colcon_core.environment:checking '/home/loser/ws01_plumbing/install/py01_topic/lib/pkgconfig/py01_topic.pc'
[1.240s] Level 1:colcon.colcon_core.environment:checking '/home/loser/ws01_plumbing/install/py01_topic/lib/python3.10/site-packages'
[1.240s] Level 1:colcon.colcon_core.shell:create_environment_hook('py01_topic', 'pythonpath')
[1.240s] INFO:colcon.colcon_core.shell:Creating environment hook '/home/loser/ws01_plumbing/install/py01_topic/share/py01_topic/hook/pythonpath.ps1'
[1.241s] INFO:colcon.colcon_core.shell:Creating environment descriptor '/home/loser/ws01_plumbing/install/py01_topic/share/py01_topic/hook/pythonpath.dsv'
[1.241s] INFO:colcon.colcon_core.shell:Creating environment hook '/home/loser/ws01_plumbing/install/py01_topic/share/py01_topic/hook/pythonpath.sh'
[1.243s] DEBUG:colcon.colcon_core.event_handler.log_command:Invoked command in '/home/loser/ws01_plumbing/src/py01_topic' returned '0': CMAKE_PREFIX_PATH=/home/loser/ws01_plumbing/install/base_interfaces_demo:/home/loser/ws01_plumbing/install/cpp01_topic LD_LIBRARY_PATH=/home/loser/ws01_plumbing/install/base_interfaces_demo/lib:${LD_LIBRARY_PATH} PYTHONPATH=/home/loser/ws01_plumbing/build/py01_topic/prefix_override:/usr/lib/python3/dist-packages/colcon_core/task/python/colcon_distutils_commands:/home/loser/ws01_plumbing/install/py01_topic/lib/python3.10/site-packages:/home/loser/ws01_plumbing/install/base_interfaces_demo/local/lib/python3.10/dist-packages:${PYTHONPATH} /usr/bin/python3 -W ignore:setup.py install is deprecated -W ignore:easy_install command is deprecated setup.py egg_info --egg-base ../../build/py01_topic build --build-base /home/loser/ws01_plumbing/build/py01_topic/build install --record /home/loser/ws01_plumbing/build/py01_topic/install.log --single-version-externally-managed install_data
[1.244s] Level 1:colcon.colcon_core.environment:checking '/home/loser/ws01_plumbing/install/py01_topic/bin'
[1.244s] Level 1:colcon.colcon_core.environment:create_environment_scripts_only(py01_topic)
[1.244s] INFO:colcon.colcon_core.shell:Creating package script '/home/loser/ws01_plumbing/install/py01_topic/share/py01_topic/package.ps1'
[1.245s] INFO:colcon.colcon_core.shell:Creating package descriptor '/home/loser/ws01_plumbing/install/py01_topic/share/py01_topic/package.dsv'
[1.245s] INFO:colcon.colcon_core.shell:Creating package script '/home/loser/ws01_plumbing/install/py01_topic/share/py01_topic/package.sh'
[1.246s] INFO:colcon.colcon_core.shell:Creating package script '/home/loser/ws01_plumbing/install/py01_topic/share/py01_topic/package.bash'
[1.246s] INFO:colcon.colcon_core.shell:Creating package script '/home/loser/ws01_plumbing/install/py01_topic/share/py01_topic/package.zsh'
[1.247s] Level 1:colcon.colcon_core.environment:create_file_with_runtime_dependencies(/home/loser/ws01_plumbing/install/py01_topic/share/colcon-core/packages/py01_topic)
[3.093s] Level 1:colcon.colcon_core.environment:create_environment_scripts_only(cpp01_topic)
[3.093s] Level 1:colcon.colcon_core.environment:checking '/home/loser/ws01_plumbing/install/cpp01_topic' for CMake module files
[3.093s] Level 1:colcon.colcon_core.environment:checking '/home/loser/ws01_plumbing/install/cpp01_topic' for CMake config files
[3.094s] DEBUG:colcon.colcon_core.event_handler.log_command:Invoked command in '/home/loser/ws01_plumbing/build/cpp01_topic' returned '2': CMAKE_PREFIX_PATH=/home/loser/ws01_plumbing/install/base_interfaces_demo:/home/loser/ws01_plumbing/install/cpp01_topic:/home/loser/ws01_plumbing/install/py01_topic:/opt/ros/humble LD_LIBRARY_PATH=/home/loser/ws01_plumbing/install/base_interfaces_demo/lib:${LD_LIBRARY_PATH} PYTHONPATH=/home/loser/ws01_plumbing/install/base_interfaces_demo/local/lib/python3.10/dist-packages:${PYTHONPATH} /usr/bin/cmake --build /home/loser/ws01_plumbing/build/cpp01_topic -- -j4 -l4
[3.094s] Level 1:colcon.colcon_core.shell:create_environment_hook('cpp01_topic', 'cmake_prefix_path')
[3.094s] INFO:colcon.colcon_core.shell:Creating environment hook '/home/loser/ws01_plumbing/install/cpp01_topic/share/cpp01_topic/hook/cmake_prefix_path.ps1'
[3.095s] INFO:colcon.colcon_core.shell:Creating environment descriptor '/home/loser/ws01_plumbing/install/cpp01_topic/share/cpp01_topic/hook/cmake_prefix_path.dsv'
[3.096s] INFO:colcon.colcon_core.shell:Creating environment hook '/home/loser/ws01_plumbing/install/cpp01_topic/share/cpp01_topic/hook/cmake_prefix_path.sh'
[3.097s] Level 1:colcon.colcon_core.environment:checking '/home/loser/ws01_plumbing/install/cpp01_topic/lib'
[3.097s] Level 1:colcon.colcon_core.environment:checking '/home/loser/ws01_plumbing/install/cpp01_topic/bin'
[3.097s] Level 1:colcon.colcon_core.environment:checking '/home/loser/ws01_plumbing/install/cpp01_topic/lib/pkgconfig/cpp01_topic.pc'
[3.097s] Level 1:colcon.colcon_core.environment:checking '/home/loser/ws01_plumbing/install/cpp01_topic/lib/python3.10/site-packages'
[3.097s] Level 1:colcon.colcon_core.environment:checking '/home/loser/ws01_plumbing/install/cpp01_topic/bin'
[3.098s] INFO:colcon.colcon_core.shell:Creating package script '/home/loser/ws01_plumbing/install/cpp01_topic/share/cpp01_topic/package.ps1'
[3.099s] INFO:colcon.colcon_core.shell:Creating package descriptor '/home/loser/ws01_plumbing/install/cpp01_topic/share/cpp01_topic/package.dsv'
[3.100s] INFO:colcon.colcon_core.shell:Creating package script '/home/loser/ws01_plumbing/install/cpp01_topic/share/cpp01_topic/package.sh'
[3.100s] INFO:colcon.colcon_core.shell:Creating package script '/home/loser/ws01_plumbing/install/cpp01_topic/share/cpp01_topic/package.bash'
[3.101s] INFO:colcon.colcon_core.shell:Creating package script '/home/loser/ws01_plumbing/install/cpp01_topic/share/cpp01_topic/package.zsh'
[3.102s] Level 1:colcon.colcon_core.environment:create_file_with_runtime_dependencies(/home/loser/ws01_plumbing/install/cpp01_topic/share/colcon-core/packages/cpp01_topic)
[3.103s] DEBUG:colcon.colcon_parallel_executor.executor.parallel:closing loop
[3.103s] DEBUG:colcon.colcon_parallel_executor.executor.parallel:loop closed
[3.103s] DEBUG:colcon.colcon_parallel_executor.executor.parallel:run_until_complete finished with '2'
[3.103s] DEBUG:colcon.colcon_core.event_reactor:joining thread
[3.110s] INFO:colcon.colcon_core.plugin_system:Skipping extension 'colcon_notification.desktop_notification.terminal_notifier': Not used on non-Darwin systems
[3.110s] INFO:colcon.colcon_core.plugin_system:Skipping extension 'colcon_notification.desktop_notification.win32': Not used on non-Windows systems
[3.110s] INFO:colcon.colcon_notification.desktop_notification:Sending desktop notification using 'notify2'
[3.122s] DEBUG:colcon.colcon_core.event_reactor:joined thread
[3.122s] INFO:colcon.colcon_core.shell:Creating prefix script '/home/loser/ws01_plumbing/install/local_setup.ps1'
[3.124s] INFO:colcon.colcon_core.shell:Creating prefix util module '/home/loser/ws01_plumbing/install/_local_setup_util_ps1.py'
[3.127s] INFO:colcon.colcon_core.shell:Creating prefix chain script '/home/loser/ws01_plumbing/install/setup.ps1'
[3.129s] INFO:colcon.colcon_core.shell:Creating prefix script '/home/loser/ws01_plumbing/install/local_setup.sh'
[3.130s] INFO:colcon.colcon_core.shell:Creating prefix util module '/home/loser/ws01_plumbing/install/_local_setup_util_sh.py'
[3.132s] INFO:colcon.colcon_core.shell:Creating prefix chain script '/home/loser/ws01_plumbing/install/setup.sh'
[3.133s] INFO:colcon.colcon_core.shell:Creating prefix script '/home/loser/ws01_plumbing/install/local_setup.bash'
[3.135s] INFO:colcon.colcon_core.shell:Creating prefix chain script '/home/loser/ws01_plumbing/install/setup.bash'
[3.137s] INFO:colcon.colcon_core.shell:Creating prefix script '/home/loser/ws01_plumbing/install/local_setup.zsh'
[3.137s] INFO:colcon.colcon_core.shell:Creating prefix chain script '/home/loser/ws01_plumbing/install/setup.zsh'
