[0.341s] Invoking command in '/home/loser/ws01_plumbing/src/py01_topic': CMAKE_PREFIX_PATH=/home/loser/ws01_plumbing/install/base_interfaces_demo:/home/loser/ws01_plumbing/install/cpp01_topic PYTHONPATH=/home/loser/ws01_plumbing/build/py01_topic/prefix_override:/usr/lib/python3/dist-packages/colcon_core/task/python/colcon_distutils_commands:/home/loser/ws01_plumbing/install/py01_topic/lib/python3.10/site-packages:${PYTHONPATH} /usr/bin/python3 -W ignore:setup.py install is deprecated -W ignore:easy_install command is deprecated setup.py egg_info --egg-base ../../build/py01_topic build --build-base /home/loser/ws01_plumbing/build/py01_topic/build install --record /home/loser/ws01_plumbing/build/py01_topic/install.log --single-version-externally-managed install_data
[0.448s] running egg_info
[0.448s] writing ../../build/py01_topic/py01_topic.egg-info/PKG-INFO
[0.448s] writing dependency_links to ../../build/py01_topic/py01_topic.egg-info/dependency_links.txt
[0.448s] writing entry points to ../../build/py01_topic/py01_topic.egg-info/entry_points.txt
[0.448s] writing requirements to ../../build/py01_topic/py01_topic.egg-info/requires.txt
[0.448s] writing top-level names to ../../build/py01_topic/py01_topic.egg-info/top_level.txt
[0.449s] reading manifest file '../../build/py01_topic/py01_topic.egg-info/SOURCES.txt'
[0.450s] writing manifest file '../../build/py01_topic/py01_topic.egg-info/SOURCES.txt'
[0.450s] running build
[0.450s] running build_py
[0.450s] copying py01_topic/demo_stu_py_publisher.py -> /home/loser/ws01_plumbing/build/py01_topic/build/lib/py01_topic
[0.450s] copying py01_topic/demo_stu_py_listener.py -> /home/loser/ws01_plumbing/build/py01_topic/build/lib/py01_topic
[0.450s] running install
[0.450s] running install_lib
[0.451s] copying /home/loser/ws01_plumbing/build/py01_topic/build/lib/py01_topic/demo_stu_py_publisher.py -> /home/loser/ws01_plumbing/install/py01_topic/lib/python3.10/site-packages/py01_topic
[0.451s] copying /home/loser/ws01_plumbing/build/py01_topic/build/lib/py01_topic/demo_stu_py_listener.py -> /home/loser/ws01_plumbing/install/py01_topic/lib/python3.10/site-packages/py01_topic
[0.451s] byte-compiling /home/loser/ws01_plumbing/install/py01_topic/lib/python3.10/site-packages/py01_topic/demo_stu_py_publisher.py to demo_stu_py_publisher.cpython-310.pyc
[0.452s] byte-compiling /home/loser/ws01_plumbing/install/py01_topic/lib/python3.10/site-packages/py01_topic/demo_stu_py_listener.py to demo_stu_py_listener.cpython-310.pyc
[0.452s] running install_data
[0.452s] running install_egg_info
[0.453s] removing '/home/loser/ws01_plumbing/install/py01_topic/lib/python3.10/site-packages/py01_topic-0.0.0-py3.10.egg-info' (and everything under it)
[0.453s] Copying ../../build/py01_topic/py01_topic.egg-info to /home/loser/ws01_plumbing/install/py01_topic/lib/python3.10/site-packages/py01_topic-0.0.0-py3.10.egg-info
[0.454s] running install_scripts
[0.466s] Installing demo_str_py_listener script to /home/loser/ws01_plumbing/install/py01_topic/lib/py01_topic
[0.467s] Installing demo_str_py_publisher script to /home/loser/ws01_plumbing/install/py01_topic/lib/py01_topic
[0.467s] Installing demo_stu_py_listener script to /home/loser/ws01_plumbing/install/py01_topic/lib/py01_topic
[0.467s] Installing demo_stu_py_publisher script to /home/loser/ws01_plumbing/install/py01_topic/lib/py01_topic
[0.470s] writing list of installed files to '/home/loser/ws01_plumbing/build/py01_topic/install.log'
[0.482s] Invoked command in '/home/loser/ws01_plumbing/src/py01_topic' returned '0': CMAKE_PREFIX_PATH=/home/loser/ws01_plumbing/install/base_interfaces_demo:/home/loser/ws01_plumbing/install/cpp01_topic PYTHONPATH=/home/loser/ws01_plumbing/build/py01_topic/prefix_override:/usr/lib/python3/dist-packages/colcon_core/task/python/colcon_distutils_commands:/home/loser/ws01_plumbing/install/py01_topic/lib/python3.10/site-packages:${PYTHONPATH} /usr/bin/python3 -W ignore:setup.py install is deprecated -W ignore:easy_install command is deprecated setup.py egg_info --egg-base ../../build/py01_topic build --build-base /home/loser/ws01_plumbing/build/py01_topic/build install --record /home/loser/ws01_plumbing/build/py01_topic/install.log --single-version-externally-managed install_data
