[1.400s] Invoking command in '/home/loser/ws01_plumbing/src/py02_service': CMAKE_PREFIX_PATH=/home/loser/ws01_plumbing/install/base_interfaces_demo:/home/loser/ws01_plumbing/install/cpp03_action:/home/loser/ws01_plumbing/install/cpp02_service:/home/loser/ws01_plumbing/install/cpp01_topic PYTHONPATH=/home/loser/ws01_plumbing/build/py02_service/prefix_override:/usr/lib/python3/dist-packages/colcon_core/task/python/colcon_distutils_commands:/home/loser/ws01_plumbing/install/py02_service/lib/python3.10/site-packages:${PYTHONPATH} /usr/bin/python3 -W ignore:setup.py install is deprecated -W ignore:easy_install command is deprecated setup.py egg_info --egg-base ../../build/py02_service build --build-base /home/loser/ws01_plumbing/build/py02_service/build install --record /home/loser/ws01_plumbing/build/py02_service/install.log --single-version-externally-managed install_data
[2.221s] running egg_info
[2.223s] writing ../../build/py02_service/py02_service.egg-info/PKG-INFO
[2.224s] writing dependency_links to ../../build/py02_service/py02_service.egg-info/dependency_links.txt
[2.225s] writing entry points to ../../build/py02_service/py02_service.egg-info/entry_points.txt
[2.227s] writing requirements to ../../build/py02_service/py02_service.egg-info/requires.txt
[2.227s] writing top-level names to ../../build/py02_service/py02_service.egg-info/top_level.txt
[2.232s] reading manifest file '../../build/py02_service/py02_service.egg-info/SOURCES.txt'
[2.236s] writing manifest file '../../build/py02_service/py02_service.egg-info/SOURCES.txt'
[2.237s] running build
[2.237s] running build_py
[2.238s] running install
[2.240s] running install_lib
[2.242s] running install_data
[2.242s] running install_egg_info
[2.253s] removing '/home/loser/ws01_plumbing/install/py02_service/lib/python3.10/site-packages/py02_service-0.0.0-py3.10.egg-info' (and everything under it)
[2.256s] Copying ../../build/py02_service/py02_service.egg-info to /home/loser/ws01_plumbing/install/py02_service/lib/python3.10/site-packages/py02_service-0.0.0-py3.10.egg-info
[2.258s] running install_scripts
[2.340s] Installing demo01_server script to /home/loser/ws01_plumbing/install/py02_service/lib/py02_service
[2.343s] Installing demo02_listener script to /home/loser/ws01_plumbing/install/py02_service/lib/py02_service
[2.343s] writing list of installed files to '/home/loser/ws01_plumbing/build/py02_service/install.log'
[2.408s] Invoked command in '/home/loser/ws01_plumbing/src/py02_service' returned '0': CMAKE_PREFIX_PATH=/home/loser/ws01_plumbing/install/base_interfaces_demo:/home/loser/ws01_plumbing/install/cpp03_action:/home/loser/ws01_plumbing/install/cpp02_service:/home/loser/ws01_plumbing/install/cpp01_topic PYTHONPATH=/home/loser/ws01_plumbing/build/py02_service/prefix_override:/usr/lib/python3/dist-packages/colcon_core/task/python/colcon_distutils_commands:/home/loser/ws01_plumbing/install/py02_service/lib/python3.10/site-packages:${PYTHONPATH} /usr/bin/python3 -W ignore:setup.py install is deprecated -W ignore:easy_install command is deprecated setup.py egg_info --egg-base ../../build/py02_service build --build-base /home/loser/ws01_plumbing/build/py02_service/build install --record /home/loser/ws01_plumbing/build/py02_service/install.log --single-version-externally-managed install_data
