[0.026s] Invoking command in '/home/loser/ws01_plumbing/build/cpp02_service': CMAKE_PREFIX_PATH=/home/loser/ws01_plumbing/install/base_interfaces_demo:/home/loser/ws01_plumbing/install/cpp03_action:/home/loser/ws01_plumbing/install/cpp02_service:/home/loser/ws01_plumbing/install/cpp01_topic:/home/loser/ws01_plumbing/install/py03_action:/home/loser/ws01_plumbing/install/py02_service:/home/loser/ws01_plumbing/install/py01_topic:/opt/ros/humble /usr/bin/cmake --build /home/loser/ws01_plumbing/build/cpp02_service -- -j4 -l4
[0.089s] -- Found ament_cmake: 1.3.14 (/opt/ros/humble/share/ament_cmake/cmake)
[0.240s] -- Found rclcpp: 16.0.19 (/opt/ros/humble/share/rclcpp/cmake)
[0.276s] -- Found rosidl_generator_c: 3.1.8 (/opt/ros/humble/share/rosidl_generator_c/cmake)
[0.284s] -- Found rosidl_adapter: 3.1.8 (/opt/ros/humble/share/rosidl_adapter/cmake)
[0.290s] -- Found rosidl_generator_cpp: 3.1.8 (/opt/ros/humble/share/rosidl_generator_cpp/cmake)
[0.308s] -- Using all available rosidl_typesupport_c: rosidl_typesupport_fastrtps_c;rosidl_typesupport_introspection_c
[0.326s] -- Using all available rosidl_typesupport_cpp: rosidl_typesupport_fastrtps_cpp;rosidl_typesupport_introspection_cpp
[0.380s] -- Found rmw_implementation_cmake: 6.1.2 (/opt/ros/humble/share/rmw_implementation_cmake/cmake)
[0.384s] -- Found rmw_fastrtps_cpp: 6.2.10 (/opt/ros/humble/share/rmw_fastrtps_cpp/cmake)
[0.578s] -- Using RMW implementation 'rmw_fastrtps_cpp' as default
[0.669s] -- Found base_interfaces_demo: 0.0.0 (/home/loser/ws01_plumbing/install/base_interfaces_demo/share/base_interfaces_demo/cmake)
[0.718s] -- Found ament_lint_auto: 0.12.15 (/opt/ros/humble/share/ament_lint_auto/cmake)
[0.857s] -- Added test 'cppcheck' to perform static code analysis on C / C++ code
[0.857s] -- Configured cppcheck include dirs: $<BUILD_INTERFACE:/home/loser/ws01_plumbing/src/cpp02_service/include>
[0.857s] -- Configured cppcheck exclude dirs and/or files: 
[0.857s] -- Added test 'lint_cmake' to check CMake code style
[0.859s] -- Added test 'uncrustify' to check C / C++ code style
[0.859s] -- Configured uncrustify additional arguments: 
[0.862s] -- Added test 'xmllint' to check XML markup files
[0.868s] -- Configuring done
[0.928s] -- Generating done
[0.964s] -- Build files have been written to: /home/loser/ws01_plumbing/build/cpp02_service
[1.061s] [35m[1mConsolidate compiler generated dependencies of target demo02_client[0m
[1.076s] [35m[1mConsolidate compiler generated dependencies of target demo01_server[0m
[1.095s] [ 25%] [32mBuilding CXX object CMakeFiles/demo02_client.dir/src/demo02_client.cpp.o[0m
[1.132s] [ 50%] [32mBuilding CXX object CMakeFiles/demo01_server.dir/src/demo01_server.cpp.o[0m
[12.029s] [ 75%] [32m[1mLinking CXX executable demo02_client[0m
[12.271s] [100%] [32m[1mLinking CXX executable demo01_server[0m
[12.438s] [100%] Built target demo02_client
[12.598s] [100%] Built target demo01_server
[12.625s] Invoked command in '/home/loser/ws01_plumbing/build/cpp02_service' returned '0': CMAKE_PREFIX_PATH=/home/loser/ws01_plumbing/install/base_interfaces_demo:/home/loser/ws01_plumbing/install/cpp03_action:/home/loser/ws01_plumbing/install/cpp02_service:/home/loser/ws01_plumbing/install/cpp01_topic:/home/loser/ws01_plumbing/install/py03_action:/home/loser/ws01_plumbing/install/py02_service:/home/loser/ws01_plumbing/install/py01_topic:/opt/ros/humble /usr/bin/cmake --build /home/loser/ws01_plumbing/build/cpp02_service -- -j4 -l4
[12.627s] Invoking command in '/home/loser/ws01_plumbing/build/cpp02_service': CMAKE_PREFIX_PATH=/home/loser/ws01_plumbing/install/base_interfaces_demo:/home/loser/ws01_plumbing/install/cpp03_action:/home/loser/ws01_plumbing/install/cpp02_service:/home/loser/ws01_plumbing/install/cpp01_topic:/home/loser/ws01_plumbing/install/py03_action:/home/loser/ws01_plumbing/install/py02_service:/home/loser/ws01_plumbing/install/py01_topic:/opt/ros/humble /usr/bin/cmake --install /home/loser/ws01_plumbing/build/cpp02_service
[12.641s] -- Install configuration: ""
[12.641s] -- Installing: /home/loser/ws01_plumbing/install/cpp02_service/lib/cpp02_service/demo01_server
[12.647s] -- Set runtime path of "/home/loser/ws01_plumbing/install/cpp02_service/lib/cpp02_service/demo01_server" to ""
[12.648s] -- Installing: /home/loser/ws01_plumbing/install/cpp02_service/lib/cpp02_service/demo02_client
[12.651s] -- Set runtime path of "/home/loser/ws01_plumbing/install/cpp02_service/lib/cpp02_service/demo02_client" to ""
[12.652s] -- Up-to-date: /home/loser/ws01_plumbing/install/cpp02_service/share/ament_index/resource_index/package_run_dependencies/cpp02_service
[12.652s] -- Installing: /home/loser/ws01_plumbing/install/cpp02_service/share/ament_index/resource_index/parent_prefix_path/cpp02_service
[12.652s] -- Up-to-date: /home/loser/ws01_plumbing/install/cpp02_service/share/cpp02_service/environment/ament_prefix_path.sh
[12.653s] -- Installing: /home/loser/ws01_plumbing/install/cpp02_service/share/cpp02_service/environment/ament_prefix_path.dsv
[12.653s] -- Up-to-date: /home/loser/ws01_plumbing/install/cpp02_service/share/cpp02_service/environment/path.sh
[12.653s] -- Installing: /home/loser/ws01_plumbing/install/cpp02_service/share/cpp02_service/environment/path.dsv
[12.653s] -- Up-to-date: /home/loser/ws01_plumbing/install/cpp02_service/share/cpp02_service/local_setup.bash
[12.653s] -- Up-to-date: /home/loser/ws01_plumbing/install/cpp02_service/share/cpp02_service/local_setup.sh
[12.654s] -- Up-to-date: /home/loser/ws01_plumbing/install/cpp02_service/share/cpp02_service/local_setup.zsh
[12.654s] -- Installing: /home/loser/ws01_plumbing/install/cpp02_service/share/cpp02_service/local_setup.dsv
[12.655s] -- Installing: /home/loser/ws01_plumbing/install/cpp02_service/share/cpp02_service/package.dsv
[12.655s] -- Up-to-date: /home/loser/ws01_plumbing/install/cpp02_service/share/ament_index/resource_index/packages/cpp02_service
[12.655s] -- Up-to-date: /home/loser/ws01_plumbing/install/cpp02_service/share/cpp02_service/cmake/cpp02_serviceConfig.cmake
[12.655s] -- Up-to-date: /home/loser/ws01_plumbing/install/cpp02_service/share/cpp02_service/cmake/cpp02_serviceConfig-version.cmake
[12.655s] -- Up-to-date: /home/loser/ws01_plumbing/install/cpp02_service/share/cpp02_service/package.xml
[12.657s] Invoked command in '/home/loser/ws01_plumbing/build/cpp02_service' returned '0': CMAKE_PREFIX_PATH=/home/loser/ws01_plumbing/install/base_interfaces_demo:/home/loser/ws01_plumbing/install/cpp03_action:/home/loser/ws01_plumbing/install/cpp02_service:/home/loser/ws01_plumbing/install/cpp01_topic:/home/loser/ws01_plumbing/install/py03_action:/home/loser/ws01_plumbing/install/py02_service:/home/loser/ws01_plumbing/install/py01_topic:/opt/ros/humble /usr/bin/cmake --install /home/loser/ws01_plumbing/build/cpp02_service
