[0.669s] Invoking command in '/home/loser/ws01_plumbing/src/py04_param': AMENT_PREFIX_PATH=/home/loser/ws01_plumbing/install/base_interfaces_demo:${AMENT_PREFIX_PATH} CMAKE_PREFIX_PATH=/home/loser/ws01_plumbing/install/base_interfaces_demo:${CMAKE_PREFIX_PATH} DEBUGINFOD_URLS=https://debuginfod.ubuntu.com LD_LIBRARY_PATH=/home/loser/ws01_plumbing/install/base_interfaces_demo/lib:${LD_LIBRARY_PATH} PYTHONPATH=/home/loser/ws01_plumbing/build/py04_param/prefix_override:/usr/lib/python3/dist-packages/colcon_core/task/python/colcon_distutils_commands:/home/loser/ws01_plumbing/install/py04_param/lib/python3.12/site-packages:/home/loser/ws01_plumbing/install/base_interfaces_demo/lib/python3.12/site-packages:${PYTHONPATH} /usr/bin/python3 -W ignore:setup.py install is deprecated -W ignore:easy_install command is deprecated setup.py egg_info --egg-base ../../build/py04_param build --build-base /home/loser/ws01_plumbing/build/py04_param/build install --record /home/loser/ws01_plumbing/build/py04_param/install.log --single-version-externally-managed install_data
[0.808s] running egg_info
[0.809s] creating ../../build/py04_param/py04_param.egg-info
[0.820s] writing ../../build/py04_param/py04_param.egg-info/PKG-INFO
[0.820s] writing dependency_links to ../../build/py04_param/py04_param.egg-info/dependency_links.txt
[0.820s] writing entry points to ../../build/py04_param/py04_param.egg-info/entry_points.txt
[0.820s] writing requirements to ../../build/py04_param/py04_param.egg-info/requires.txt
[0.820s] writing top-level names to ../../build/py04_param/py04_param.egg-info/top_level.txt
[0.820s] writing manifest file '../../build/py04_param/py04_param.egg-info/SOURCES.txt'
[0.841s] reading manifest file '../../build/py04_param/py04_param.egg-info/SOURCES.txt'
[0.841s] writing manifest file '../../build/py04_param/py04_param.egg-info/SOURCES.txt'
[0.842s] running build
[0.842s] running build_py
[0.842s] creating /home/loser/ws01_plumbing/build/py04_param/build
[0.842s] creating /home/loser/ws01_plumbing/build/py04_param/build/lib
[0.842s] creating /home/loser/ws01_plumbing/build/py04_param/build/lib/py04_param
[0.842s] copying py04_param/__init__.py -> /home/loser/ws01_plumbing/build/py04_param/build/lib/py04_param
[0.842s] copying py04_param/param_declare.py -> /home/loser/ws01_plumbing/build/py04_param/build/lib/py04_param
[0.842s] running install
[0.846s] running install_lib
[0.855s] creating /home/loser/ws01_plumbing/install/py04_param/lib/python3.12/site-packages/py04_param
[0.855s] copying /home/loser/ws01_plumbing/build/py04_param/build/lib/py04_param/__init__.py -> /home/loser/ws01_plumbing/install/py04_param/lib/python3.12/site-packages/py04_param
[0.855s] copying /home/loser/ws01_plumbing/build/py04_param/build/lib/py04_param/param_declare.py -> /home/loser/ws01_plumbing/install/py04_param/lib/python3.12/site-packages/py04_param
[0.856s] byte-compiling /home/loser/ws01_plumbing/install/py04_param/lib/python3.12/site-packages/py04_param/__init__.py to __init__.cpython-312.pyc
[0.856s] byte-compiling /home/loser/ws01_plumbing/install/py04_param/lib/python3.12/site-packages/py04_param/param_declare.py to param_declare.cpython-312.pyc
[0.856s] running install_data
[0.856s] creating /home/loser/ws01_plumbing/install/py04_param/share/ament_index
[0.856s] creating /home/loser/ws01_plumbing/install/py04_param/share/ament_index/resource_index
[0.856s] creating /home/loser/ws01_plumbing/install/py04_param/share/ament_index/resource_index/packages
[0.856s] copying resource/py04_param -> /home/loser/ws01_plumbing/install/py04_param/share/ament_index/resource_index/packages
[0.857s] copying package.xml -> /home/loser/ws01_plumbing/install/py04_param/share/py04_param
[0.857s] running install_egg_info
[0.866s] Copying ../../build/py04_param/py04_param.egg-info to /home/loser/ws01_plumbing/install/py04_param/lib/python3.12/site-packages/py04_param-0.0.0-py3.12.egg-info
[0.867s] running install_scripts
[0.937s] Installing param_declare script to /home/loser/ws01_plumbing/install/py04_param/lib/py04_param
[0.937s] writing list of installed files to '/home/loser/ws01_plumbing/build/py04_param/install.log'
[0.955s] Invoked command in '/home/loser/ws01_plumbing/src/py04_param' returned '0': AMENT_PREFIX_PATH=/home/loser/ws01_plumbing/install/base_interfaces_demo:${AMENT_PREFIX_PATH} CMAKE_PREFIX_PATH=/home/loser/ws01_plumbing/install/base_interfaces_demo:${CMAKE_PREFIX_PATH} DEBUGINFOD_URLS=https://debuginfod.ubuntu.com LD_LIBRARY_PATH=/home/loser/ws01_plumbing/install/base_interfaces_demo/lib:${LD_LIBRARY_PATH} PYTHONPATH=/home/loser/ws01_plumbing/build/py04_param/prefix_override:/usr/lib/python3/dist-packages/colcon_core/task/python/colcon_distutils_commands:/home/loser/ws01_plumbing/install/py04_param/lib/python3.12/site-packages:/home/loser/ws01_plumbing/install/base_interfaces_demo/lib/python3.12/site-packages:${PYTHONPATH} /usr/bin/python3 -W ignore:setup.py install is deprecated -W ignore:easy_install command is deprecated setup.py egg_info --egg-base ../../build/py04_param build --build-base /home/loser/ws01_plumbing/build/py04_param/build install --record /home/loser/ws01_plumbing/build/py04_param/install.log --single-version-externally-managed install_data
