[0.551s] Invoking command in '/home/loser/ws01_plumbing/src/py01_topic': CMAKE_PREFIX_PATH=/home/loser/ws01_plumbing/install/base_interfaces_demo:/home/loser/ws01_plumbing/install/cpp02_service:/home/loser/ws01_plumbing/install/cpp01_topic LD_LIBRARY_PATH=/home/loser/ws01_plumbing/install/base_interfaces_demo/lib:/usr/lib/x86_64-linux-gnu/gazebo-11/plugins:/opt/ros/humble/opt/rviz_ogre_vendor/lib:/opt/ros/humble/lib/x86_64-linux-gnu:/opt/ros/humble/lib PYTHONPATH=/home/loser/ws01_plumbing/build/py01_topic/prefix_override:/usr/lib/python3/dist-packages/colcon_core/task/python/colcon_distutils_commands:/home/loser/ws01_plumbing/install/py01_topic/lib/python3.10/site-packages:${PYTHONPATH} /usr/bin/python3 -W ignore:setup.py install is deprecated -W ignore:easy_install command is deprecated setup.py egg_info --egg-base ../../build/py01_topic build --build-base /home/loser/ws01_plumbing/build/py01_topic/build install --record /home/loser/ws01_plumbing/build/py01_topic/install.log --single-version-externally-managed install_data
[0.663s] running egg_info
[0.663s] writing ../../build/py01_topic/py01_topic.egg-info/PKG-INFO
[0.664s] writing dependency_links to ../../build/py01_topic/py01_topic.egg-info/dependency_links.txt
[0.664s] writing entry points to ../../build/py01_topic/py01_topic.egg-info/entry_points.txt
[0.664s] writing requirements to ../../build/py01_topic/py01_topic.egg-info/requires.txt
[0.665s] writing top-level names to ../../build/py01_topic/py01_topic.egg-info/top_level.txt
[0.666s] reading manifest file '../../build/py01_topic/py01_topic.egg-info/SOURCES.txt'
[0.666s] writing manifest file '../../build/py01_topic/py01_topic.egg-info/SOURCES.txt'
[0.666s] running build
[0.667s] running build_py
[0.667s] running install
[0.667s] running install_lib
[0.668s] running install_data
[0.668s] running install_egg_info
[0.670s] removing '/home/loser/ws01_plumbing/install/py01_topic/lib/python3.10/site-packages/py01_topic-0.0.0-py3.10.egg-info' (and everything under it)
[0.673s] Copying ../../build/py01_topic/py01_topic.egg-info to /home/loser/ws01_plumbing/install/py01_topic/lib/python3.10/site-packages/py01_topic-0.0.0-py3.10.egg-info
[0.673s] running install_scripts
[0.683s] Installing demo_str_py_listener script to /home/loser/ws01_plumbing/install/py01_topic/lib/py01_topic
[0.683s] Installing demo_str_py_publisher script to /home/loser/ws01_plumbing/install/py01_topic/lib/py01_topic
[0.684s] Installing demo_stu_py_listener script to /home/loser/ws01_plumbing/install/py01_topic/lib/py01_topic
[0.684s] Installing demo_stu_py_publisher script to /home/loser/ws01_plumbing/install/py01_topic/lib/py01_topic
[0.684s] writing list of installed files to '/home/loser/ws01_plumbing/build/py01_topic/install.log'
[0.703s] Invoked command in '/home/loser/ws01_plumbing/src/py01_topic' returned '0': CMAKE_PREFIX_PATH=/home/loser/ws01_plumbing/install/base_interfaces_demo:/home/loser/ws01_plumbing/install/cpp02_service:/home/loser/ws01_plumbing/install/cpp01_topic LD_LIBRARY_PATH=/home/loser/ws01_plumbing/install/base_interfaces_demo/lib:/usr/lib/x86_64-linux-gnu/gazebo-11/plugins:/opt/ros/humble/opt/rviz_ogre_vendor/lib:/opt/ros/humble/lib/x86_64-linux-gnu:/opt/ros/humble/lib PYTHONPATH=/home/loser/ws01_plumbing/build/py01_topic/prefix_override:/usr/lib/python3/dist-packages/colcon_core/task/python/colcon_distutils_commands:/home/loser/ws01_plumbing/install/py01_topic/lib/python3.10/site-packages:${PYTHONPATH} /usr/bin/python3 -W ignore:setup.py install is deprecated -W ignore:easy_install command is deprecated setup.py egg_info --egg-base ../../build/py01_topic build --build-base /home/loser/ws01_plumbing/build/py01_topic/build install --record /home/loser/ws01_plumbing/build/py01_topic/install.log --single-version-externally-managed install_data
