[0.423s] Invoking command in '/home/loser/ws01_plumbing/src/py01_topic': AMENT_PREFIX_PATH=/home/loser/ws01_plumbing/install/base_interfaces_demo:${AMENT_PREFIX_PATH} CMAKE_PREFIX_PATH=/home/loser/ws01_plumbing/install/base_interfaces_demo PYTHONPATH=/home/loser/ws01_plumbing/build/py01_topic/prefix_override:/usr/lib/python3/dist-packages/colcon_core/task/python/colcon_distutils_commands:/home/loser/ws01_plumbing/install/py01_topic/lib/python3.10/site-packages:${PYTHONPATH} /usr/bin/python3 -W ignore:setup.py install is deprecated -W ignore:easy_install command is deprecated setup.py egg_info --egg-base ../../build/py01_topic build --build-base /home/loser/ws01_plumbing/build/py01_topic/build install --record /home/loser/ws01_plumbing/build/py01_topic/install.log --single-version-externally-managed install_data
[0.555s] running egg_info
[0.557s] writing ../../build/py01_topic/py01_topic.egg-info/PKG-INFO
[0.558s] writing dependency_links to ../../build/py01_topic/py01_topic.egg-info/dependency_links.txt
[0.558s] writing entry points to ../../build/py01_topic/py01_topic.egg-info/entry_points.txt
[0.558s] writing requirements to ../../build/py01_topic/py01_topic.egg-info/requires.txt
[0.558s] writing top-level names to ../../build/py01_topic/py01_topic.egg-info/top_level.txt
[0.558s] reading manifest file '../../build/py01_topic/py01_topic.egg-info/SOURCES.txt'
[0.558s] writing manifest file '../../build/py01_topic/py01_topic.egg-info/SOURCES.txt'
[0.558s] running build
[0.558s] running build_py
[0.558s] running install
[0.558s] running install_lib
[0.559s] running install_data
[0.559s] running install_egg_info
[0.560s] removing '/home/loser/ws01_plumbing/install/py01_topic/lib/python3.10/site-packages/py01_topic-0.0.0-py3.10.egg-info' (and everything under it)
[0.560s] Copying ../../build/py01_topic/py01_topic.egg-info to /home/loser/ws01_plumbing/install/py01_topic/lib/python3.10/site-packages/py01_topic-0.0.0-py3.10.egg-info
[0.560s] running install_scripts
[0.576s] Installing demo_str_py_publisher script to /home/loser/ws01_plumbing/install/py01_topic/lib/py01_topic
[0.577s] writing list of installed files to '/home/loser/ws01_plumbing/build/py01_topic/install.log'
[0.595s] Invoked command in '/home/loser/ws01_plumbing/src/py01_topic' returned '0': AMENT_PREFIX_PATH=/home/loser/ws01_plumbing/install/base_interfaces_demo:${AMENT_PREFIX_PATH} CMAKE_PREFIX_PATH=/home/loser/ws01_plumbing/install/base_interfaces_demo PYTHONPATH=/home/loser/ws01_plumbing/build/py01_topic/prefix_override:/usr/lib/python3/dist-packages/colcon_core/task/python/colcon_distutils_commands:/home/loser/ws01_plumbing/install/py01_topic/lib/python3.10/site-packages:${PYTHONPATH} /usr/bin/python3 -W ignore:setup.py install is deprecated -W ignore:easy_install command is deprecated setup.py egg_info --egg-base ../../build/py01_topic build --build-base /home/loser/ws01_plumbing/build/py01_topic/build install --record /home/loser/ws01_plumbing/build/py01_topic/install.log --single-version-externally-managed install_data
