[1.841s] Invoking command in '/home/loser/ws01_plumbing/src/py03_action': CMAKE_PREFIX_PATH=/home/loser/ws01_plumbing/install/base_interfaces_demo:/home/loser/ws01_plumbing/install/cpp03_action:/home/loser/ws01_plumbing/install/cpp02_service:/home/loser/ws01_plumbing/install/cpp01_topic PYTHONPATH=/home/loser/ws01_plumbing/build/py03_action/prefix_override:/usr/lib/python3/dist-packages/colcon_core/task/python/colcon_distutils_commands:/home/loser/ws01_plumbing/install/py03_action/lib/python3.10/site-packages:${PYTHONPATH} /usr/bin/python3 -W ignore:setup.py install is deprecated -W ignore:easy_install command is deprecated setup.py egg_info --egg-base ../../build/py03_action build --build-base /home/loser/ws01_plumbing/build/py03_action/build install --record /home/loser/ws01_plumbing/build/py03_action/install.log --single-version-externally-managed install_data
[2.344s] running egg_info
[2.344s] writing ../../build/py03_action/py03_action.egg-info/PKG-INFO
[2.344s] writing dependency_links to ../../build/py03_action/py03_action.egg-info/dependency_links.txt
[2.344s] writing entry points to ../../build/py03_action/py03_action.egg-info/entry_points.txt
[2.344s] writing requirements to ../../build/py03_action/py03_action.egg-info/requires.txt
[2.347s] writing top-level names to ../../build/py03_action/py03_action.egg-info/top_level.txt
[2.350s] reading manifest file '../../build/py03_action/py03_action.egg-info/SOURCES.txt'
[2.352s] writing manifest file '../../build/py03_action/py03_action.egg-info/SOURCES.txt'
[2.352s] running build
[2.352s] running build_py
[2.358s] running install
[2.358s] running install_lib
[2.358s] running install_data
[2.358s] running install_egg_info
[2.370s] removing '/home/loser/ws01_plumbing/install/py03_action/lib/python3.10/site-packages/py03_action-0.0.0-py3.10.egg-info' (and everything under it)
[2.370s] Copying ../../build/py03_action/py03_action.egg-info to /home/loser/ws01_plumbing/install/py03_action/lib/python3.10/site-packages/py03_action-0.0.0-py3.10.egg-info
[2.378s] running install_scripts
[2.452s] Installing demo01_action_server script to /home/loser/ws01_plumbing/install/py03_action/lib/py03_action
[2.453s] writing list of installed files to '/home/loser/ws01_plumbing/build/py03_action/install.log'
[2.535s] Invoked command in '/home/loser/ws01_plumbing/src/py03_action' returned '0': CMAKE_PREFIX_PATH=/home/loser/ws01_plumbing/install/base_interfaces_demo:/home/loser/ws01_plumbing/install/cpp03_action:/home/loser/ws01_plumbing/install/cpp02_service:/home/loser/ws01_plumbing/install/cpp01_topic PYTHONPATH=/home/loser/ws01_plumbing/build/py03_action/prefix_override:/usr/lib/python3/dist-packages/colcon_core/task/python/colcon_distutils_commands:/home/loser/ws01_plumbing/install/py03_action/lib/python3.10/site-packages:${PYTHONPATH} /usr/bin/python3 -W ignore:setup.py install is deprecated -W ignore:easy_install command is deprecated setup.py egg_info --egg-base ../../build/py03_action build --build-base /home/loser/ws01_plumbing/build/py03_action/build install --record /home/loser/ws01_plumbing/build/py03_action/install.log --single-version-externally-managed install_data
