[35m[1mConsolidate compiler generated dependencies of target demo02_client[0m
[ 25%] [32mBuilding CXX object CMakeFiles/demo01_server.dir/src/demo01_server.cpp.o[0m
[ 75%] Built target demo02_client
[100%] [32m[1mLinking CXX executable demo01_server[0m
[100%] Built target demo01_server
-- Install configuration: ""
-- Installing: /home/loser/ws01_plumbing/install/cpp02_service/lib/cpp02_service/demo01_server
-- Set runtime path of "/home/loser/ws01_plumbing/install/cpp02_service/lib/cpp02_service/demo01_server" to ""
-- Up-to-date: /home/loser/ws01_plumbing/install/cpp02_service/lib/cpp02_service/demo02_client
-- Up-to-date: /home/loser/ws01_plumbing/install/cpp02_service/share/ament_index/resource_index/package_run_dependencies/cpp02_service
-- Up-to-date: /home/loser/ws01_plumbing/install/cpp02_service/share/ament_index/resource_index/parent_prefix_path/cpp02_service
-- Up-to-date: /home/loser/ws01_plumbing/install/cpp02_service/share/cpp02_service/environment/ament_prefix_path.sh
-- Up-to-date: /home/loser/ws01_plumbing/install/cpp02_service/share/cpp02_service/environment/ament_prefix_path.dsv
-- Up-to-date: /home/loser/ws01_plumbing/install/cpp02_service/share/cpp02_service/environment/path.sh
-- Up-to-date: /home/loser/ws01_plumbing/install/cpp02_service/share/cpp02_service/environment/path.dsv
-- Up-to-date: /home/loser/ws01_plumbing/install/cpp02_service/share/cpp02_service/local_setup.bash
-- Up-to-date: /home/loser/ws01_plumbing/install/cpp02_service/share/cpp02_service/local_setup.sh
-- Up-to-date: /home/loser/ws01_plumbing/install/cpp02_service/share/cpp02_service/local_setup.zsh
-- Up-to-date: /home/loser/ws01_plumbing/install/cpp02_service/share/cpp02_service/local_setup.dsv
-- Installing: /home/loser/ws01_plumbing/install/cpp02_service/share/cpp02_service/package.dsv
-- Up-to-date: /home/loser/ws01_plumbing/install/cpp02_service/share/ament_index/resource_index/packages/cpp02_service
-- Up-to-date: /home/loser/ws01_plumbing/install/cpp02_service/share/cpp02_service/cmake/cpp02_serviceConfig.cmake
-- Up-to-date: /home/loser/ws01_plumbing/install/cpp02_service/share/cpp02_service/cmake/cpp02_serviceConfig-version.cmake
-- Up-to-date: /home/loser/ws01_plumbing/install/cpp02_service/share/cpp02_service/package.xml
